Compiler: /home/gavin/code/sindarin/sindarin-rust-nested-array-stores-99798871/.sn/rust-corpus-compiler
Platform: Linux
Parallel: 20 workers

Integration Tests
============================================================
  Running 1141 tests with 20 workers...


  test_array_literal_arg_leak                   FAIL (compile error)  (153ms)
    Compiling tests/integration/test_array_literal_arg_leak.sn...
      Parsing... done
      Type checking... done
      Code generation...Error: Rust target native function 'tracker_create' has unsupported result type 'struct'; the native bridge supports owned strings and byte arrays plus raw pointers, void, bool, char, int, long, int32, uint, uint32, byte, float, and double
     failed


  test_as_ref_array_return                      FAIL (compile error)  (145ms)
    Compiling tests/integration/test_as_ref_array_return.sn...
      Parsing... done
      Type checking... done
      Code generation...Error: Rust target currently supports only plain value struct 'Item'
     failed


  test_as_ref_for_in_self_return                FAIL (compile error)  (168ms)
    Compiling tests/integration/test_as_ref_for_in_self_return.sn...
      Parsing... done
      Type checking... done
      Code generation...Error: Rust target currently supports only plain value struct 'Entry'
     failed


  test_as_ref_params                            FAIL (compile error)  (239ms)
    Compiling tests/integration/test_as_ref_params.sn...
      Parsing... done
      Type checking... done
      Code generation...Error: Rust target does not support a parameter of function 'next_char'
     failed


  test_as_ref_queue_drain                       FAIL (compile error)  (203ms)
    Compiling tests/integration/test_as_ref_queue_drain.sn...
      Parsing... done
      Type checking... done
      Code generation...Error: Rust target currently supports only plain value struct 'Item'
     failed


  test_as_ref_return_passthrough                FAIL (compile error)  (225ms)
    Compiling tests/integration/test_as_ref_return_passthrough.sn...
      Parsing... done
      Type checking... done
      Code generation...Error: Rust target currently supports only plain value struct 'Item'
     failed


  test_as_ref_struct_lit_owned_field            FAIL (compile error)  (127ms)
    Compiling tests/integration/test_as_ref_struct_lit_owned_field.sn...
      Parsing... done
      Type checking... done
      Code generation...Error: Rust target currently supports only plain value struct 'Inner'
     failed


  test_as_ref_struct_param                      FAIL (compile error)  (420ms)
    Compiling tests/integration/test_as_ref_struct_param.sn...
      Parsing... done
      Type checking... done
      Code generation...Error: Rust target does not support a parameter of function 'increment'
     failed


  test_buffer_unwrap                            FAIL (compile error)  (239ms)
    Compiling tests/integration/test_buffer_unwrap.sn...
      Parsing... done
      Type checking... done
      Code generation...Error: Rust target encountered an unsupported construct in function 'test_pointer_slice_codegen'
     failed


  test_builtin_interfaces                       FAIL (compile error)  (195ms)
    Compiling tests/integration/test_builtin_interfaces.sn...
      Parsing... done
      Type checking... done
      Code generation...Error: Rust target does not support a parameter of function 'acceptComparable'
     failed


  test_composite_borrow_mutation                FAIL (compile error)  (167ms)
    Compiling tests/integration/test_composite_borrow_mutation.sn...
      Parsing... done
      Type checking... done
      Code generation...Error: Rust target does not support a parameter of function 'addIfNew'
     failed


  test_composite_temp_arg                       FAIL (compile error)  (201ms)
    Compiling tests/integration/test_composite_temp_arg.sn...
      Parsing... done
      Type checking... done
      Code generation...Error: Rust target does not support a parameter of function 'checkItem'
     failed


  test_constrained_generics                     FAIL (compile error)  (141ms)
    Compiling tests/integration/test_constrained_generics.sn...
      Parsing... done
      Type checking... done
      Code generation...Error: Rust target does not support a parameter of method 'Player.compare'
     failed


  test_generic_multi_param_iter                 FAIL (compile error)  (216ms)
    Compiling tests/integration/test_generic_multi_param_iter.sn...
      Parsing... done
      Type checking... done
      Code generation...Error: Rust target supports iterator-protocol foreach only for heap-free scalar elements; got 'struct'
    Error: Rust target encountered an unsupported construct in function 'main'
     failed


  test_generic_static_call                      FAIL (compile error)  (145ms)
    Compiling tests/integration/test_generic_static_call.sn...
      Parsing... done
      Type checking... done
      Code generation...Error: Rust target does not support a parameter of static method 'Container_Tag.of'
     failed


  test_generics_nested_inference                FAIL (compile error)  (94ms)
    Compiling tests/integration/test_generics_nested_inference.sn...
      Parsing... done
      Type checking... done
      Code generation...Error: Rust target does not support a parameter of function 'unwrap_str'
     failed


  test_import_fn_field_chained                  FAIL (compile error)  (215ms)
    Compiling tests/integration/test_import_fn_field_chained.sn...
      Parsing... done
      Type checking... done
      Code generation...Error: Rust target does not support incompatible function-value signatures yet
     failed


  test_interfaces                               FAIL (compile error)  (77ms)
    Compiling tests/integration/test_interfaces.sn...
      Parsing... done
      Type checking... done
      Code generation...Error: Rust target does not support a parameter of method 'Player.compare'
     failed


  test_interop_callback                         FAIL (compile error)  (98ms)
    Compiling tests/integration/test_interop_callback.sn...
      Parsing... done
      Type checking... done
      Code generation...Error: Rust target native function 'invoke_callback' body uses a closure, thread, or indirect callable construct outside the native bridge
     failed


  test_interop_comprehensive                    FAIL (compile error)  (51ms)
    Compiling tests/integration/test_interop_comprehensive.sn...
      Parsing... done
      Type checking... done
      Code generation...Error: Rust target native function 'apply_transform' body uses a closure, thread, or indirect callable construct outside the native bridge
     failed


  test_interop_edge_cases                       FAIL (compile error)  (116ms)
    Compiling tests/integration/test_interop_edge_cases.sn...
      Parsing... done
      Type checking... done
      Code generation...Error: Rust target native function 'invoke_ptr_callback' body uses a closure, thread, or indirect callable construct outside the native bridge
     failed


  test_iterator_protocol                        FAIL (compile error)  (93ms)
    Compiling tests/integration/test_iterator_protocol.sn...
      Parsing... done
      Type checking... done
      Code generation...Error: Rust target supports iterator-protocol foreach only for heap-free scalar elements; got 'struct'
    Error: Rust target encountered an unsupported construct in function 'main'
     failed


  test_lambda_capture_outlives_scope            FAIL (compile error)  (125ms)
    Compiling tests/integration/test_lambda_capture_outlives_scope.sn...
      Parsing... done
      Type checking... done
      Code generation...Error: Rust target does not support this closure capture type yet
     failed


  test_lambda_capture_struct                    FAIL (compile error)  (78ms)
    Compiling tests/integration/test_lambda_capture_struct.sn...
      Parsing... done
      Type checking... done
      Code generation...Error: Rust target does not support mutable access to snapshot closure captures yet
     failed


  test_lambda_val_struct_str_field              FAIL (compile error)  (175ms)
    Compiling tests/integration/test_lambda_val_struct_str_field.sn...
      Parsing... done
      Type checking... done
      Code generation...Error: Rust target does not support incompatible function-value signatures yet
     failed


  test_lambda_val_struct_str_interp             FAIL (compile error)  (96ms)
    Compiling tests/integration/test_lambda_val_struct_str_interp.sn...
      Parsing... done
      Type checking... done
      Code generation...Error: Rust target does not support incompatible function-value signatures yet
     failed


  test_module_array_swap_leak                   FAIL (compile error)  (68ms)
    Compiling tests/integration/test_module_array_swap_leak.sn...
      Parsing... done
      Type checking... done
      Code generation...Error: Rust target native function 'tag_create' has unsupported result type 'struct'; the native bridge supports owned strings and byte arrays plus raw pointers, void, bool, char, int, long, int32, uint, uint32, byte, float, and double
     failed


  test_native_callback_typedef                  FAIL (compile error)  (77ms)
    Compiling tests/integration/test_native_callback_typedef.sn...
      Parsing... done
      Type checking... done
      Code generation...Error: Rust target native function 'call_with_value' body uses a closure, thread, or indirect callable construct outside the native bridge
     failed


  test_native_ref_field_pass_chain              FAIL (compile error)  (125ms)
    Compiling tests/integration/test_native_ref_field_pass_chain.sn...
      Parsing... done
      Type checking... done
      Code generation...Error: Rust target currently supports only plain value struct 'Tensor'
     failed


  test_native_ref_field_return                  FAIL (compile error)  (81ms)
    Compiling tests/integration/test_native_ref_field_return.sn...
      Parsing... done
      Type checking... done
      Code generation...Error: Rust target currently supports only plain value struct 'Handle'
     failed


  test_native_ref_method_forward_twice          FAIL (compile error)  (81ms)
    Compiling tests/integration/test_native_ref_method_forward_twice.sn...
      Parsing... done
      Type checking... done
      Code generation...Error: Rust target currently supports only plain value struct 'Handle'
     failed


  test_native_ref_self_assign                   FAIL (compile error)  (61ms)
    Compiling tests/integration/test_native_ref_self_assign.sn...
      Parsing... done
      Type checking... done
      Code generation...Error: Rust target native function 'tensor_create' has unsupported result type 'struct'; the native bridge supports owned strings and byte arrays plus raw pointers, void, bool, char, int, long, int32, uint, uint32, byte, float, and double
     failed


  test_native_resource_lifecycle                FAIL (compile error)  (67ms)
    Compiling tests/integration/test_native_resource_lifecycle.sn...
      Parsing... done
      Type checking... done
      Code generation...Error: Rust target native function 'mock_listener_bind' has unsupported result type 'struct'; the native bridge supports owned strings and byte arrays plus raw pointers, void, bool, char, int, long, int32, uint, uint32, byte, float, and double
     failed


  test_native_struct_ref_loop_cleanup           FAIL (compile error)  (87ms)
    Compiling tests/integration/test_native_struct_ref_loop_cleanup.sn...
      Parsing... done
      Type checking... done
      Code generation...Error: Rust target native function 'handle_create' has unsupported result type 'struct'; the native bridge supports owned strings and byte arrays plus raw pointers, void, bool, char, int, long, int32, uint, uint32, byte, float, and double
     failed


  test_nil_compare_struct                       FAIL (compile error)  (59ms)
    Compiling tests/integration/test_nil_compare_struct.sn...
      Parsing... done
      Type checking... done
      Code generation...Error: Rust target currently supports only plain value struct 'Connection'
     failed


  test_nil_pointer_slice                        FAIL (compile error)  (86ms)
    Compiling tests/integration/test_nil_pointer_slice.sn...
      Parsing... done
      Type checking... done
      Code generation...Error: Rust target encountered an unsupported construct in function 'test_nil_slice_creates_array'
     failed


  test_qsort_callback                           FAIL (compile error)  (58ms)
    Compiling tests/integration/test_qsort_callback.sn...
      Parsing... done
      Type checking... done
      Code generation...Error: Rust target native function 'invoke_comparator' body uses a closure, thread, or indirect callable construct outside the native bridge
     failed


  test_refcount_arg_leak                        FAIL (compile error)  (66ms)
    Compiling tests/integration/test_refcount_arg_leak.sn...
      Parsing... done
      Type checking... done
      Code generation...Error: Rust target native function 'foo_create' has unsupported result type 'struct'; the native bridge supports owned strings and byte arrays plus raw pointers, void, bool, char, int, long, int32, uint, uint32, byte, float, and double
     failed


  test_refcount_chain_in_struct_literal         FAIL (compile error)  (47ms)
    Compiling tests/integration/test_refcount_chain_in_struct_literal.sn...
      Parsing... done
      Type checking... done
      Code generation...Error: Rust target native function 'tracker_create' has unsupported result type 'struct'; the native bridge supports owned strings and byte arrays plus raw pointers, void, bool, char, int, long, int32, uint, uint32, byte, float, and double
     failed


  test_return_ref_param                         FAIL (compile error)  (116ms)
    Compiling tests/integration/test_return_ref_param.sn...
      Parsing... done
      Type checking... done
      Code generation...Error: Rust target currently supports only plain value struct 'Tensor'
     failed


  test_return_self                              FAIL (compile error)  (71ms)
    Compiling tests/integration/test_return_self.sn...
      Parsing... done
      Type checking... done
      Code generation...Error: Rust target encountered an unsupported construct in method 'Builder.setValue'
     failed


  test_self_method_forward_after_train          FAIL (compile error)  (148ms)
    Compiling tests/integration/test_self_method_forward_after_train.sn...
      Parsing... done
      Type checking... done
      Code generation...Error: Rust target native function 'resource_create' has unsupported result type 'struct'; the native bridge supports owned strings and byte arrays plus raw pointers, void, bool, char, int, long, int32, uint, uint32, byte, float, and double
     failed


  test_serializable                             FAIL (compile error)  (147ms)
    Compiling tests/integration/test_serializable.sn...
      Parsing... done
      Type checking... done
      Code generation...Error: Rust target native function 'sn_test_json_encoder' has unsupported result type 'struct'; the native bridge supports owned strings and byte arrays plus raw pointers, void, bool, char, int, long, int32, uint, uint32, byte, float, and double
     failed


  test_serializable_decode_struct_literal_loop  FAIL (compile error)  (146ms)
    Compiling tests/integration/test_serializable_decode_struct_literal_loop.sn...
      Parsing... done
      Type checking... done
      Code generation...Error: Rust target native function 'sn_test_json_encoder' has unsupported result type 'struct'; the native bridge supports owned strings and byte arrays plus raw pointers, void, bool, char, int, long, int32, uint, uint32, byte, float, and double
     failed


  test_serializable_double_int_json             FAIL (compile error)  (72ms)
    Compiling tests/integration/test_serializable_double_int_json.sn...
      Parsing... done
      Type checking... done
      Code generation...Error: Rust target native function 'sn_test_json_encoder' has unsupported result type 'struct'; the native bridge supports owned strings and byte arrays plus raw pointers, void, bool, char, int, long, int32, uint, uint32, byte, float, and double
     failed


  test_serializable_encoder_cleanup             FAIL (compile error)  (96ms)
    Compiling tests/integration/test_serializable_encoder_cleanup.sn...
      Parsing... done
      Type checking... done
      Code generation...Error: Rust target native function 'cleanup_json_encoder' has unsupported result type 'struct'; the native bridge supports owned strings and byte arrays plus raw pointers, void, bool, char, int, long, int32, uint, uint32, byte, float, and double
     failed


  test_serializable_long                        FAIL (compile error)  (119ms)
    Compiling tests/integration/test_serializable_long.sn...
      Parsing... done
      Type checking... done
      Code generation...Error: Rust target native function 'sn_test_json_encoder' has unsupported result type 'struct'; the native bridge supports owned strings and byte arrays plus raw pointers, void, bool, char, int, long, int32, uint, uint32, byte, float, and double
     failed


  test_serializable_push_ownership              FAIL (compile error)  (71ms)
    Compiling tests/integration/test_serializable_push_ownership.sn...
      Parsing... done
      Type checking... done
      Code generation...Error: Rust target native function 'sn_test_json_encoder' has unsupported result type 'struct'; the native bridge supports owned strings and byte arrays plus raw pointers, void, bool, char, int, long, int32, uint, uint32, byte, float, and double
     failed


  test_serializable_return_nested_array         FAIL (compile error)  (102ms)
    Compiling tests/integration/test_serializable_return_nested_array.sn...
      Parsing... done
      Type checking... done
      Code generation...Error: Rust target native function 'sn_test_json_encoder' has unsupported result type 'struct'; the native bridge supports owned strings and byte arrays plus raw pointers, void, bool, char, int, long, int32, uint, uint32, byte, float, and double
     failed


  test_str_return_as_arg_leak                   FAIL (compile error)  (85ms)
    Compiling tests/integration/test_str_return_as_arg_leak.sn...
      Parsing... done
      Type checking... done
      Code generation...Error: Rust target native function 'source_create' has unsupported result type 'struct'; the native bridge supports owned strings and byte arrays plus raw pointers, void, bool, char, int, long, int32, uint, uint32, byte, float, and double
     failed


  test_struct_as_ref                            FAIL (compile error)  (84ms)
    Compiling tests/integration/test_struct_as_ref.sn...
      Parsing... done
      Type checking... done
      Code generation...Error: Rust target native function 'update_point' parameter 'p' must be an unsynchronized string, default-qualified raw pointer, or default/as-ref native scalar
     failed


  test_struct_return_array_leak                 FAIL (compile error)  (53ms)
    Compiling tests/integration/test_struct_return_array_leak.sn...
      Parsing... done
      Type checking... done
      Code generation...Error: Rust target native function 'tracker_create' has unsupported result type 'struct'; the native bridge supports owned strings and byte arrays plus raw pointers, void, bool, char, int, long, int32, uint, uint32, byte, float, and double
     failed


  test_struct_rvalue_member_leak                FAIL (compile error)  (55ms)
    Compiling tests/integration/test_struct_rvalue_member_leak.sn...
      Parsing... done
      Type checking... done
      Code generation...Error: Rust target native function 'tracker_create' has unsupported result type 'struct'; the native bridge supports owned strings and byte arrays plus raw pointers, void, bool, char, int, long, int32, uint, uint32, byte, float, and double
     failed


  test_struct_rvalue_member_leak_contexts       FAIL (compile error)  (48ms)
    Compiling tests/integration/test_struct_rvalue_member_leak_contexts.sn...
      Parsing... done
      Type checking... done
      Code generation...Error: Rust target native function 'tracker_create' has unsupported result type 'struct'; the native bridge supports owned strings and byte arrays plus raw pointers, void, bool, char, int, long, int32, uint, uint32, byte, float, and double
     failed


  test_struct_self_method_call                  FAIL (compile error)  (71ms)
    Compiling tests/integration/test_struct_self_method_call.sn...
      Parsing... done
      Type checking... done
      Code generation...Error: Rust target does not support a parameter of method 'Versioned.compare'
     failed


  test_thread_native_fn_struct_return           FAIL (compile error)  (76ms)
    Compiling tests/integration/test_thread_native_fn_struct_return.sn...
      Parsing... done
      Type checking... done
      Code generation...Error: Rust target native function 'compute_native' has unsupported result type 'struct'; the native bridge supports owned strings and byte arrays plus raw pointers, void, bool, char, int, long, int32, uint, uint32, byte, float, and double
     failed


  test_thread_struct_return_types               FAIL (compile error)  (70ms)
    Compiling tests/integration/test_thread_struct_return_types.sn...
      Parsing... done
      Type checking... done
      Code generation...Error: Rust target native function 'raw_metrics' has unsupported result type 'struct'; the native bridge supports owned strings and byte arrays plus raw pointers, void, bool, char, int, long, int32, uint, uint32, byte, float, and double
     failed


  test_val_struct_shared_array                  FAIL (compile error)  (64ms)
    Compiling tests/integration/test_val_struct_shared_array.sn...
      Parsing... done
      Type checking... done
      Code generation...Error: Rust target does not support a parameter of function 'processConfig'
     failed



------------------------------------------------------------
Results: 1083 passed, 58 failed, 0 skipped  (39.36s)

Some tests failed!  (total: 39.36s)
