Compiler: /home/gavin/code/sindarin/sindarin-rust-array-values-6d608821/bin/sn
Platform: Linux
Parallel: 8 workers

Unit Tests
============================================================
Results: [0;32m1610 passed[0m, [0;31m0 failed[0m  (total: 8.77ms)
------------------------------------------------------------
Unit tests passed  (11ms)

Code Generation Tests
============================================================
  Running 107 tests with 8 workers...
                                                            
------------------------------------------------------------
Results: 107 passed, 0 failed, 0 skipped  (1.21s)

Model Generation Tests
============================================================
  Running 79 tests with 8 workers...
                                                            
------------------------------------------------------------
Results: 79 passed, 0 failed, 0 skipped  (66ms)

Integration Tests
============================================================
  Running 1142 tests with 8 workers...
                                                            
------------------------------------------------------------
Results: 1142 passed, 0 failed, 0 skipped  (14.69s)

Integration Error Tests
============================================================
  Running 58 tests with 8 workers...
                                                            
------------------------------------------------------------
Results: 58 passed, 0 failed, 0 skipped  (44ms)

Exploratory Tests
============================================================
  Running 224 tests with 8 workers...
                                                            
------------------------------------------------------------
Results: 224 passed, 0 failed, 0 skipped  (13.09s)

Exploratory Error Tests
============================================================
  Running 11 tests with 8 workers...
                                                            
------------------------------------------------------------
Results: 11 passed, 0 failed, 0 skipped  (7ms)

All tests passed!  (total: 29.12s)
