Compiler: /home/gavin/code/sindarin/sindarin-rust-nested-array-stores-99798871/bin/sn
Platform: Linux
Parallel: 20 workers

Unit Tests
============================================================
Results: 1610 passed, 0 failed  (total: 16.72ms)
------------------------------------------------------------
Unit tests passed  (19ms)

Code Generation Tests
============================================================
  Running 107 tests with 20 workers...


------------------------------------------------------------
Results: 107 passed, 0 failed, 0 skipped  (2.07s)

Model Generation Tests
============================================================
  Running 79 tests with 20 workers...


------------------------------------------------------------
Results: 79 passed, 0 failed, 0 skipped  (128ms)

Integration Tests
============================================================
  Running 1141 tests with 20 workers...


------------------------------------------------------------
Results: 1141 passed, 0 failed, 0 skipped  (19.18s)

Integration Error Tests
============================================================
  Running 58 tests with 20 workers...


------------------------------------------------------------
Results: 58 passed, 0 failed, 0 skipped  (87ms)

Exploratory Tests
============================================================
  Running 224 tests with 20 workers...


------------------------------------------------------------
Results: 224 passed, 0 failed, 0 skipped  (15.84s)

Exploratory Error Tests
============================================================
  Running 11 tests with 20 workers...


------------------------------------------------------------
Results: 11 passed, 0 failed, 0 skipped  (31ms)

All tests passed!  (total: 37.35s)
