Build (ubuntu-latest)	Upload build artifacts	﻿2026-10-04T05:21:21.3046666Z ##[group]Run actions/upload-artifact@v7
Build (ubuntu-latest)	Upload build artifacts	2026-10-04T05:21:21.3047301Z with:
Build (ubuntu-latest)	Upload build artifacts	2026-10-04T05:21:21.3057223Z   name: sn-linux-x64
Build (ubuntu-latest)	Upload build artifacts	2026-10-04T05:21:21.3057665Z   path: bin/sn
Build (ubuntu-latest)	Upload build artifacts	bin/tests
Build (ubuntu-latest)	Upload build artifacts	bin/lib/gcc/libsn_runtime_min.a
Build (ubuntu-latest)	Upload build artifacts	bin/include/**/*
Build (ubuntu-latest)	Upload build artifacts	bin/*.cfg
Build (ubuntu-latest)	Upload build artifacts	
Build (ubuntu-latest)	Upload build artifacts	2026-10-04T05:21:21.3058316Z   retention-days: 7
Build (ubuntu-latest)	Upload build artifacts	2026-10-04T05:21:21.3058605Z   if-no-files-found: warn
Build (ubuntu-latest)	Upload build artifacts	2026-10-04T05:21:21.3058875Z   compression-level: 6
Build (ubuntu-latest)	Upload build artifacts	2026-10-04T05:21:21.3059140Z   overwrite: false
Build (ubuntu-latest)	Upload build artifacts	2026-10-04T05:21:21.3059401Z   include-hidden-files: false
Build (ubuntu-latest)	Upload build artifacts	2026-10-04T05:21:21.3059690Z   archive: true
Build (ubuntu-latest)	Upload build artifacts	2026-10-04T05:21:21.3059914Z env:
Build (ubuntu-latest)	Upload build artifacts	2026-10-04T05:21:21.3060151Z   VCPKG_ROOT: /home/runner/vcpkg
Build (ubuntu-latest)	Upload build artifacts	2026-10-04T05:21:21.3060466Z ##[endgroup]
Build (ubuntu-latest)	Upload build artifacts	2026-10-04T05:21:21.4258374Z With the provided path, there will be 33 files uploaded
Build (ubuntu-latest)	Upload build artifacts	2026-10-04T05:21:21.4262075Z Artifact name is valid!
Build (ubuntu-latest)	Upload build artifacts	2026-10-04T05:21:21.4262575Z Root directory input is valid!
Build (ubuntu-latest)	Upload build artifacts	2026-10-04T05:23:34.4656261Z ##[error]Failed to CreateArtifact: Unable to make request: ETIMEDOUT
Build (ubuntu-latest)	Upload build artifacts	If you are using self-hosted runners, please make sure your runner has access to all GitHub endpoints: https://docs.github.com/en/actions/hosting-your-own-runners/managing-self-hosted-runners/about-self-hosted-runners#communication-between-self-hosted-runners-and-github
