PASS tests/integration/test_exit.sn [] default -O0
PASS tests/integration/test_exit.sn [] default -O1
PASS tests/integration/test_exit.sn [] default -O2
PASS tests/integration/test_exit.sn [] checked -O0
PASS tests/integration/test_exit.sn [] checked -O1
PASS tests/integration/test_exit.sn [] checked -O2
PASS tests/integration/test_exit.sn [] unchecked -O0
PASS tests/integration/test_exit.sn [] unchecked -O1
PASS tests/integration/test_exit.sn [] unchecked -O2
PASS tests/integration/test_static_import.sn [] default -O0
PASS tests/integration/test_static_import.sn [] default -O1
PASS tests/integration/test_static_import.sn [] default -O2
PASS tests/integration/test_static_import.sn [] checked -O0
PASS tests/integration/test_static_import.sn [] checked -O1
PASS tests/integration/test_static_import.sn [] checked -O2
PASS tests/integration/test_static_import.sn [] unchecked -O0
PASS tests/integration/test_static_import.sn [] unchecked -O1
PASS tests/integration/test_static_import.sn [] unchecked -O2
PASS tests/rgen/builtin_exit_argument.sn [] default -O0
PASS tests/rgen/builtin_exit_argument.sn [] default -O1
PASS tests/rgen/builtin_exit_argument.sn [] default -O2
PASS tests/rgen/builtin_exit_argument.sn [] checked -O0
PASS tests/rgen/builtin_exit_argument.sn [] checked -O1
PASS tests/rgen/builtin_exit_argument.sn [] checked -O2
PASS tests/rgen/builtin_exit_argument.sn [] unchecked -O0
PASS tests/rgen/builtin_exit_argument.sn [] unchecked -O1
PASS tests/rgen/builtin_exit_argument.sn [] unchecked -O2
PASS tests/rgen/builtin_exit_closure.sn [] default -O0
PASS tests/rgen/builtin_exit_closure.sn [] default -O1
PASS tests/rgen/builtin_exit_closure.sn [] default -O2
PASS tests/rgen/builtin_exit_closure.sn [] checked -O0
PASS tests/rgen/builtin_exit_closure.sn [] checked -O1
PASS tests/rgen/builtin_exit_closure.sn [] checked -O2
PASS tests/rgen/builtin_exit_closure.sn [] unchecked -O0
PASS tests/rgen/builtin_exit_closure.sn [] unchecked -O1
PASS tests/rgen/builtin_exit_closure.sn [] unchecked -O2
PASS tests/rgen/builtin_exit_helper_hygiene.sn [] default -O0
PASS tests/rgen/builtin_exit_helper_hygiene.sn [] default -O1
PASS tests/rgen/builtin_exit_helper_hygiene.sn [] default -O2
PASS tests/rgen/builtin_exit_helper_hygiene.sn [] checked -O0
PASS tests/rgen/builtin_exit_helper_hygiene.sn [] checked -O1
PASS tests/rgen/builtin_exit_helper_hygiene.sn [] checked -O2
PASS tests/rgen/builtin_exit_helper_hygiene.sn [] unchecked -O0
PASS tests/rgen/builtin_exit_helper_hygiene.sn [] unchecked -O1
PASS tests/rgen/builtin_exit_helper_hygiene.sn [] unchecked -O2
PASS tests/rgen/builtin_exit_method.sn [] default -O0
PASS tests/rgen/builtin_exit_method.sn [] default -O1
PASS tests/rgen/builtin_exit_method.sn [] default -O2
PASS tests/rgen/builtin_exit_method.sn [] checked -O0
PASS tests/rgen/builtin_exit_method.sn [] checked -O1
PASS tests/rgen/builtin_exit_method.sn [] checked -O2
PASS tests/rgen/builtin_exit_method.sn [] unchecked -O0
PASS tests/rgen/builtin_exit_method.sn [] unchecked -O1
PASS tests/rgen/builtin_exit_method.sn [] unchecked -O2
PASS tests/rgen/builtin_exit_plain.sn [] default -O0
PASS tests/rgen/builtin_exit_plain.sn [] default -O1
PASS tests/rgen/builtin_exit_plain.sn [] default -O2
PASS tests/rgen/builtin_exit_plain.sn [] checked -O0
PASS tests/rgen/builtin_exit_plain.sn [] checked -O1
PASS tests/rgen/builtin_exit_plain.sn [] checked -O2
PASS tests/rgen/builtin_exit_plain.sn [] unchecked -O0
PASS tests/rgen/builtin_exit_plain.sn [] unchecked -O1
PASS tests/rgen/builtin_exit_plain.sn [] unchecked -O2
PASS tests/rgen/builtin_exit_static.sn [] default -O0
PASS tests/rgen/builtin_exit_static.sn [] default -O1
PASS tests/rgen/builtin_exit_static.sn [] default -O2
PASS tests/rgen/builtin_exit_static.sn [] checked -O0
PASS tests/rgen/builtin_exit_static.sn [] checked -O1
PASS tests/rgen/builtin_exit_static.sn [] checked -O2
PASS tests/rgen/builtin_exit_static.sn [] unchecked -O0
PASS tests/rgen/builtin_exit_static.sn [] unchecked -O1
PASS tests/rgen/builtin_exit_static.sn [] unchecked -O2
PASS tests/rgen/builtin_exit_value_match.sn [] default -O0
PASS tests/rgen/builtin_exit_value_match.sn [] default -O1
PASS tests/rgen/builtin_exit_value_match.sn [] default -O2
PASS tests/rgen/builtin_exit_value_match.sn [] checked -O0
PASS tests/rgen/builtin_exit_value_match.sn [] checked -O1
PASS tests/rgen/builtin_exit_value_match.sn [] checked -O2
PASS tests/rgen/builtin_exit_value_match.sn [] unchecked -O0
PASS tests/rgen/builtin_exit_value_match.sn [] unchecked -O1
PASS tests/rgen/builtin_exit_value_match.sn [] unchecked -O2
PASS tests/rgen/builtin_exit_worker.sn [] default -O0
PASS tests/rgen/builtin_exit_worker.sn [] default -O1
PASS tests/rgen/builtin_exit_worker.sn [] default -O2
PASS tests/rgen/builtin_exit_worker.sn [] checked -O0
PASS tests/rgen/builtin_exit_worker.sn [] checked -O1
PASS tests/rgen/builtin_exit_worker.sn [] checked -O2
PASS tests/rgen/builtin_exit_worker.sn [] unchecked -O0
PASS tests/rgen/builtin_exit_worker.sn [] unchecked -O1
PASS tests/rgen/builtin_exit_worker.sn [] unchecked -O2
PASS tests/rust-native/builtin_exit_hooks.sn ['0'] default -O0
PASS tests/rust-native/builtin_exit_hooks.sn ['0'] default -O1
PASS tests/rust-native/builtin_exit_hooks.sn ['0'] default -O2
PASS tests/rust-native/builtin_exit_hooks.sn ['0'] checked -O0
PASS tests/rust-native/builtin_exit_hooks.sn ['0'] checked -O1
PASS tests/rust-native/builtin_exit_hooks.sn ['0'] checked -O2
PASS tests/rust-native/builtin_exit_hooks.sn ['0'] unchecked -O0
PASS tests/rust-native/builtin_exit_hooks.sn ['0'] unchecked -O1
PASS tests/rust-native/builtin_exit_hooks.sn ['0'] unchecked -O2
PASS tests/rust-native/builtin_exit_hooks.sn ['1'] default -O0
PASS tests/rust-native/builtin_exit_hooks.sn ['1'] default -O1
PASS tests/rust-native/builtin_exit_hooks.sn ['1'] default -O2
PASS tests/rust-native/builtin_exit_hooks.sn ['1'] checked -O0
PASS tests/rust-native/builtin_exit_hooks.sn ['1'] checked -O1
PASS tests/rust-native/builtin_exit_hooks.sn ['1'] checked -O2
PASS tests/rust-native/builtin_exit_hooks.sn ['1'] unchecked -O0
PASS tests/rust-native/builtin_exit_hooks.sn ['1'] unchecked -O1
PASS tests/rust-native/builtin_exit_hooks.sn ['1'] unchecked -O2
PASS tests/rust-native/builtin_exit_hooks.sn ['255'] default -O0
PASS tests/rust-native/builtin_exit_hooks.sn ['255'] default -O1
PASS tests/rust-native/builtin_exit_hooks.sn ['255'] default -O2
PASS tests/rust-native/builtin_exit_hooks.sn ['255'] checked -O0
PASS tests/rust-native/builtin_exit_hooks.sn ['255'] checked -O1
PASS tests/rust-native/builtin_exit_hooks.sn ['255'] checked -O2
PASS tests/rust-native/builtin_exit_hooks.sn ['255'] unchecked -O0
PASS tests/rust-native/builtin_exit_hooks.sn ['255'] unchecked -O1
PASS tests/rust-native/builtin_exit_hooks.sn ['255'] unchecked -O2
PASS tests/rust-native/builtin_exit_hooks.sn ['256'] default -O0
PASS tests/rust-native/builtin_exit_hooks.sn ['256'] default -O1
PASS tests/rust-native/builtin_exit_hooks.sn ['256'] default -O2
PASS tests/rust-native/builtin_exit_hooks.sn ['256'] checked -O0
PASS tests/rust-native/builtin_exit_hooks.sn ['256'] checked -O1
PASS tests/rust-native/builtin_exit_hooks.sn ['256'] checked -O2
PASS tests/rust-native/builtin_exit_hooks.sn ['256'] unchecked -O0
PASS tests/rust-native/builtin_exit_hooks.sn ['256'] unchecked -O1
PASS tests/rust-native/builtin_exit_hooks.sn ['256'] unchecked -O2
PASS tests/rust-native/builtin_exit_hooks.sn ['-1'] default -O0
PASS tests/rust-native/builtin_exit_hooks.sn ['-1'] default -O1
PASS tests/rust-native/builtin_exit_hooks.sn ['-1'] default -O2
PASS tests/rust-native/builtin_exit_hooks.sn ['-1'] checked -O0
PASS tests/rust-native/builtin_exit_hooks.sn ['-1'] checked -O1
PASS tests/rust-native/builtin_exit_hooks.sn ['-1'] checked -O2
PASS tests/rust-native/builtin_exit_hooks.sn ['-1'] unchecked -O0
PASS tests/rust-native/builtin_exit_hooks.sn ['-1'] unchecked -O1
PASS tests/rust-native/builtin_exit_hooks.sn ['-1'] unchecked -O2
PASS tests/rust-native/builtin_exit_hooks.sn ['4294967297'] default -O0
PASS tests/rust-native/builtin_exit_hooks.sn ['4294967297'] default -O1
PASS tests/rust-native/builtin_exit_hooks.sn ['4294967297'] default -O2
PASS tests/rust-native/builtin_exit_hooks.sn ['4294967297'] checked -O0
PASS tests/rust-native/builtin_exit_hooks.sn ['4294967297'] checked -O1
PASS tests/rust-native/builtin_exit_hooks.sn ['4294967297'] checked -O2
PASS tests/rust-native/builtin_exit_hooks.sn ['4294967297'] unchecked -O0
PASS tests/rust-native/builtin_exit_hooks.sn ['4294967297'] unchecked -O1
PASS tests/rust-native/builtin_exit_hooks.sn ['4294967297'] unchecked -O2
PASS tests/rust-native/builtin_exit_initializer.sn [] default -O0
PASS tests/rust-native/builtin_exit_initializer.sn [] default -O1
PASS tests/rust-native/builtin_exit_initializer.sn [] default -O2
PASS tests/rust-native/builtin_exit_initializer.sn [] checked -O0
PASS tests/rust-native/builtin_exit_initializer.sn [] checked -O1
PASS tests/rust-native/builtin_exit_initializer.sn [] checked -O2
PASS tests/rust-native/builtin_exit_initializer.sn [] unchecked -O0
PASS tests/rust-native/builtin_exit_initializer.sn [] unchecked -O1
PASS tests/rust-native/builtin_exit_initializer.sn [] unchecked -O2
PASS: 153 process-exit oracles, 612 executions; exact status, streams, order and CRT lifecycle
