Compiler: /home/gavin/code/sindarin/sindarin-rust-thread-parity-2bf57b91/.sn/rust-corpus-compiler
Platform: Linux
Parallel: 20 workers

Exploratory Tests
============================================================
  Running 224 tests with 20 workers...


  test_array_mutation_lambda                    FAIL (compile error)  (121ms)
    Compiling tests/exploratory/test_array_mutation_lambda.sn...
      Parsing... done
      Type checking... done
      Code generation...Error: Rust target does not support mutation of closure parameters yet
     failed


  test_as_val_array_copy                        FAIL (compile error)  (143ms)
    Compiling tests/exploratory/test_as_val_array_copy.sn...
      Parsing... done
      Type checking...
      warning: Assigning str/array variable to another variable shares ownership. Consider using copyOf() to avoid potential double-free
        --> tests/exploratory/test_as_val_array_copy.sn:21:1
              var copy: int[] as val = source
            ^^^^


      warning: Assigning str/array variable to another variable shares ownership. Consider using copyOf() to avoid potential double-free
        --> tests/exploratory/test_as_val_array_copy.sn:30:1
              var working: int[] as val = data
            ^^^^^^^

      Type checking done
      Code generation...Error: Rust target does not support a parameter of function 'modify_array'
     failed


  test_gcc_edge_interop                         FAIL (compile error)  (92ms)
    Compiling tests/exploratory/test_gcc_edge_interop.sn...
      Parsing... done
      Type checking... done
      Code generation...Error: Rust target native function 'compute_result' has unsupported result type 'struct'; the native bridge supports owned strings and byte arrays plus raw pointers, void, bool, char, int, long, int32, uint, uint32, byte, float, and double
     failed


  test_gcc_edge_structs                         FAIL (compile error)  (150ms)
    Compiling tests/exploratory/test_gcc_edge_structs.sn...
      Parsing... done
      Type checking... done
      Code generation...Error: Rust target does not support a parameter of function 'modify_struct'
     failed


  test_match_as_val_ref                         FAIL (compile error)  (139ms)
    Compiling tests/exploratory/test_match_as_val_ref.sn...
      Parsing... done
      Type checking... done
      Code generation...Error: Rust target native function 'init_point' parameter 'p' must be an unsynchronized string, default-qualified raw pointer, or default/as-ref native scalar
     failed


  test_match_memory                             FAIL (compile error)  (143ms)
    Compiling tests/exploratory/test_match_memory.sn...
      Parsing... done
      Type checking... done
      Code generation...Error: Rust target requires every value match arm prefix to be an expression statement
     failed


  test_match_native                             FAIL (compile error)  (244ms)
    Compiling tests/exploratory/test_match_native.sn...
      Parsing... done
      Type checking... done
      Code generation...Error: Rust target supports value match only with bool, integral, float, double, or string subjects
     failed


  test_match_primitives                         FAIL (compile error)  (105ms)
    Compiling tests/exploratory/test_match_primitives.sn...
      Parsing... done
      Type checking... done
      Code generation...Error: Rust target supports value match only with bool, integral, float, double, or string subjects
     failed


  test_pointer_slice_bounds                     FAIL (compile error)  (123ms)
    Compiling tests/exploratory/test_pointer_slice_bounds.sn...
      Parsing... done
      Type checking... done
      Code generation...Error: Rust target encountered an unsupported construct in function 'test_correct_bounds'
     failed


  test_struct_config                            FAIL (compile error)  (190ms)
    Compiling tests/exploratory/test_struct_config.sn...
      Parsing... done
      Type checking... done
      Code generation...Error: Rust target does not support a parameter of function 'apply_server_config'
     failed


  test_struct_self_method_call                  FAIL (compile error)  (324ms)
    Compiling tests/exploratory/test_struct_self_method_call.sn...
      Parsing... done
      Type checking... done
      Code generation...Error: Rust target does not support a parameter of method 'Range.overlaps'
     failed


  test_struct_zlib_style                        FAIL (compile error)  (166ms)
    Compiling tests/exploratory/test_struct_zlib_style.sn...
      Parsing... done
      Type checking... done
      Code generation...Error: Rust target native function 'stream_init' parameter 'strm' must be an unsynchronized string, default-qualified raw pointer, or default/as-ref native scalar
     failed



------------------------------------------------------------
Results: 212 passed, 12 failed, 0 skipped  (9.07s)

Some tests failed!  (total: 9.07s)
