PASS tests/integration/test_byte_encoding.sn -O0 default
PASS tests/integration/test_byte_encoding.sn -O1 default
PASS tests/integration/test_byte_encoding.sn -O2 default
PASS tests/integration/test_byte_encoding.sn -O0 checked
PASS tests/integration/test_byte_encoding.sn -O1 checked
PASS tests/integration/test_byte_encoding.sn -O2 checked
PASS tests/integration/test_byte_encoding.sn -O0 unchecked
PASS tests/integration/test_byte_encoding.sn -O1 unchecked
PASS tests/integration/test_byte_encoding.sn -O2 unchecked
PASS tests/rgen/byte_encoding_domain.sn -O0 default
PASS tests/rgen/byte_encoding_domain.sn -O1 default
PASS tests/rgen/byte_encoding_domain.sn -O2 default
PASS tests/rgen/byte_encoding_domain.sn -O0 checked
PASS tests/rgen/byte_encoding_domain.sn -O1 checked
PASS tests/rgen/byte_encoding_domain.sn -O2 checked
PASS tests/rgen/byte_encoding_domain.sn -O0 unchecked
PASS tests/rgen/byte_encoding_domain.sn -O1 unchecked
PASS tests/rgen/byte_encoding_domain.sn -O2 unchecked
PASS tests/rgen/byte_encoding_latin1_domain.sn -O0 default
PASS tests/rgen/byte_encoding_latin1_domain.sn -O1 default
PASS tests/rgen/byte_encoding_latin1_domain.sn -O2 default
PASS tests/rgen/byte_encoding_latin1_domain.sn -O0 checked
PASS tests/rgen/byte_encoding_latin1_domain.sn -O1 checked
PASS tests/rgen/byte_encoding_latin1_domain.sn -O2 checked
PASS tests/rgen/byte_encoding_latin1_domain.sn -O0 unchecked
PASS tests/rgen/byte_encoding_latin1_domain.sn -O1 unchecked
PASS tests/rgen/byte_encoding_latin1_domain.sn -O2 unchecked
PASS tests/rgen/byte_encoding_latin1_nul.sn -O0 default
PASS tests/rgen/byte_encoding_latin1_nul.sn -O1 default
PASS tests/rgen/byte_encoding_latin1_nul.sn -O2 default
PASS tests/rgen/byte_encoding_latin1_nul.sn -O0 checked
PASS tests/rgen/byte_encoding_latin1_nul.sn -O1 checked
PASS tests/rgen/byte_encoding_latin1_nul.sn -O2 checked
PASS tests/rgen/byte_encoding_latin1_nul.sn -O0 unchecked
PASS tests/rgen/byte_encoding_latin1_nul.sn -O1 unchecked
PASS tests/rgen/byte_encoding_latin1_nul.sn -O2 unchecked
PASS tests/rgen/byte_encoding_receivers.sn -O0 default
PASS tests/rgen/byte_encoding_receivers.sn -O1 default
PASS tests/rgen/byte_encoding_receivers.sn -O2 default
PASS tests/rgen/byte_encoding_receivers.sn -O0 checked
PASS tests/rgen/byte_encoding_receivers.sn -O1 checked
PASS tests/rgen/byte_encoding_receivers.sn -O2 checked
PASS tests/rgen/byte_encoding_receivers.sn -O0 unchecked
PASS tests/rgen/byte_encoding_receivers.sn -O1 unchecked
PASS tests/rgen/byte_encoding_receivers.sn -O2 unchecked
PASS tests/rgen/byte_encoding_parameters.sn -O0 default
PASS tests/rgen/byte_encoding_parameters.sn -O1 default
PASS tests/rgen/byte_encoding_parameters.sn -O2 default
PASS tests/rgen/byte_encoding_parameters.sn -O0 checked
PASS tests/rgen/byte_encoding_parameters.sn -O1 checked
PASS tests/rgen/byte_encoding_parameters.sn -O2 checked
PASS tests/rgen/byte_encoding_parameters.sn -O0 unchecked
PASS tests/rgen/byte_encoding_parameters.sn -O1 unchecked
PASS tests/rgen/byte_encoding_parameters.sn -O2 unchecked
PASS tests/rgen/byte_encoding_sync_capture_state.sn -O0 default
PASS tests/rgen/byte_encoding_sync_capture_state.sn -O1 default
PASS tests/rgen/byte_encoding_sync_capture_state.sn -O2 default
PASS tests/rgen/byte_encoding_sync_capture_state.sn -O0 checked
PASS tests/rgen/byte_encoding_sync_capture_state.sn -O1 checked
PASS tests/rgen/byte_encoding_sync_capture_state.sn -O2 checked
PASS tests/rgen/byte_encoding_sync_capture_state.sn -O0 unchecked
PASS tests/rgen/byte_encoding_sync_capture_state.sn -O1 unchecked
PASS tests/rgen/byte_encoding_sync_capture_state.sn -O2 unchecked
PASS tests/rgen/array_join_hygiene.sn -O0 default
PASS tests/rgen/array_join_hygiene.sn -O1 default
PASS tests/rgen/array_join_hygiene.sn -O2 default
PASS tests/rgen/array_join_hygiene.sn -O0 checked
PASS tests/rgen/array_join_hygiene.sn -O1 checked
PASS tests/rgen/array_join_hygiene.sn -O2 checked
PASS tests/rgen/array_join_hygiene.sn -O0 unchecked
PASS tests/rgen/array_join_hygiene.sn -O1 unchecked
PASS tests/rgen/array_join_hygiene.sn -O2 unchecked
PASS tests/rust-native/byte_encoding_object_view.sn -O0 default
PASS tests/rust-native/byte_encoding_object_view.sn -O1 default
PASS tests/rust-native/byte_encoding_object_view.sn -O2 default
PASS tests/rust-native/byte_encoding_object_view.sn -O0 checked
PASS tests/rust-native/byte_encoding_object_view.sn -O1 checked
PASS tests/rust-native/byte_encoding_object_view.sn -O2 checked
PASS tests/rust-native/byte_encoding_object_view.sn -O0 unchecked
PASS tests/rust-native/byte_encoding_object_view.sn -O1 unchecked
PASS tests/rust-native/byte_encoding_object_view.sn -O2 unchecked
PASS: 81 independent C/Rust byte-encoding oracles, including native object views
