PASS tests/rgen/sizeof_function.sn -O0 default
PASS tests/rgen/sizeof_function.sn -O1 default
PASS tests/rgen/sizeof_function.sn -O2 default
PASS tests/rgen/sizeof_function.sn -O0 checked
PASS tests/rgen/sizeof_function.sn -O1 checked
PASS tests/rgen/sizeof_function.sn -O2 checked
PASS tests/rgen/sizeof_function.sn -O0 unchecked
PASS tests/rgen/sizeof_function.sn -O1 unchecked
PASS tests/rgen/sizeof_function.sn -O2 unchecked
PASS tests/rgen/sizeof_interface.sn -O0 default
PASS tests/rgen/sizeof_interface.sn -O1 default
PASS tests/rgen/sizeof_interface.sn -O2 default
PASS tests/rgen/sizeof_interface.sn -O0 checked
PASS tests/rgen/sizeof_interface.sn -O1 checked
PASS tests/rgen/sizeof_interface.sn -O2 checked
PASS tests/rgen/sizeof_interface.sn -O0 unchecked
PASS tests/rgen/sizeof_interface.sn -O1 unchecked
PASS tests/rgen/sizeof_interface.sn -O2 unchecked
PASS tests/rgen/sizeof_nil.sn -O0 default
PASS tests/rgen/sizeof_nil.sn -O1 default
PASS tests/rgen/sizeof_nil.sn -O2 default
PASS tests/rgen/sizeof_nil.sn -O0 checked
PASS tests/rgen/sizeof_nil.sn -O1 checked
PASS tests/rgen/sizeof_nil.sn -O2 checked
PASS tests/rgen/sizeof_nil.sn -O0 unchecked
PASS tests/rgen/sizeof_nil.sn -O1 unchecked
PASS tests/rgen/sizeof_nil.sn -O2 unchecked
PASS tests/rgen/sizeof_void.sn -O0 default
PASS tests/rgen/sizeof_void.sn -O1 default
PASS tests/rgen/sizeof_void.sn -O2 default
PASS tests/rgen/sizeof_void.sn -O0 checked
PASS tests/rgen/sizeof_void.sn -O1 checked
PASS tests/rgen/sizeof_void.sn -O2 checked
PASS tests/rgen/sizeof_void.sn -O0 unchecked
PASS tests/rgen/sizeof_void.sn -O1 unchecked
PASS tests/rgen/sizeof_void.sn -O2 unchecked
PASS tests/rgen/sizeof_c_callables.sn -O0 default
PASS tests/rgen/sizeof_c_callables.sn -O1 default
PASS tests/rgen/sizeof_c_callables.sn -O2 default
PASS tests/rgen/sizeof_c_callables.sn -O0 checked
PASS tests/rgen/sizeof_c_callables.sn -O1 checked
PASS tests/rgen/sizeof_c_callables.sn -O2 checked
PASS tests/rgen/sizeof_c_callables.sn -O0 unchecked
PASS tests/rgen/sizeof_c_callables.sn -O1 unchecked
PASS tests/rgen/sizeof_c_callables.sn -O2 unchecked
PASS tests/rgen/sizeof_c_nonvalues.sn -O0 default
PASS tests/rgen/sizeof_c_nonvalues.sn -O1 default
PASS tests/rgen/sizeof_c_nonvalues.sn -O2 default
PASS tests/rgen/sizeof_c_nonvalues.sn -O0 checked
PASS tests/rgen/sizeof_c_nonvalues.sn -O1 checked
PASS tests/rgen/sizeof_c_nonvalues.sn -O2 checked
PASS tests/rgen/sizeof_c_nonvalues.sn -O0 unchecked
PASS tests/rgen/sizeof_c_nonvalues.sn -O1 unchecked
PASS tests/rgen/sizeof_c_nonvalues.sn -O2 unchecked
PASS tests/rgen/sizeof_c_interfaces.sn -O0 default
PASS tests/rgen/sizeof_c_interfaces.sn -O1 default
PASS tests/rgen/sizeof_c_interfaces.sn -O2 default
PASS tests/rgen/sizeof_c_interfaces.sn -O0 checked
PASS tests/rgen/sizeof_c_interfaces.sn -O1 checked
PASS tests/rgen/sizeof_c_interfaces.sn -O2 checked
PASS tests/rgen/sizeof_c_interfaces.sn -O0 unchecked
PASS tests/rgen/sizeof_c_interfaces.sn -O1 unchecked
PASS tests/rgen/sizeof_c_interfaces.sn -O2 unchecked
PASS tests/rgen/sizeof_c_callback_fields.sn -O0 default
PASS tests/rgen/sizeof_c_callback_fields.sn -O1 default
PASS tests/rgen/sizeof_c_callback_fields.sn -O2 default
PASS tests/rgen/sizeof_c_callback_fields.sn -O0 checked
PASS tests/rgen/sizeof_c_callback_fields.sn -O1 checked
PASS tests/rgen/sizeof_c_callback_fields.sn -O2 checked
PASS tests/rgen/sizeof_c_callback_fields.sn -O0 unchecked
PASS tests/rgen/sizeof_c_callback_fields.sn -O1 unchecked
PASS tests/rgen/sizeof_c_callback_fields.sn -O2 unchecked
PASS tests/rgen/sizeof_c_lambda_operand.sn -O0 default
PASS tests/rgen/sizeof_c_lambda_operand.sn -O1 default
PASS tests/rgen/sizeof_c_lambda_operand.sn -O2 default
PASS tests/rgen/sizeof_c_lambda_operand.sn -O0 checked
PASS tests/rgen/sizeof_c_lambda_operand.sn -O1 checked
PASS tests/rgen/sizeof_c_lambda_operand.sn -O2 checked
PASS tests/rgen/sizeof_c_lambda_operand.sn -O0 unchecked
PASS tests/rgen/sizeof_c_lambda_operand.sn -O1 unchecked
PASS tests/rgen/sizeof_c_lambda_operand.sn -O2 unchecked
PASS tests/rust-native/scalar_sizeof_native_lambda.sn -O0 default
PASS tests/rust-native/scalar_sizeof_native_lambda.sn -O1 default
PASS tests/rust-native/scalar_sizeof_native_lambda.sn -O2 default
PASS tests/rust-native/scalar_sizeof_native_lambda.sn -O0 checked
PASS tests/rust-native/scalar_sizeof_native_lambda.sn -O1 checked
PASS tests/rust-native/scalar_sizeof_native_lambda.sn -O2 checked
PASS tests/rust-native/scalar_sizeof_native_lambda.sn -O0 unchecked
PASS tests/rust-native/scalar_sizeof_native_lambda.sn -O1 unchecked
PASS tests/rust-native/scalar_sizeof_native_lambda.sn -O2 unchecked
PASS tests/integration/test_as_ref_on_ref_struct_param.sn -O0 default
PASS tests/integration/test_as_ref_on_ref_struct_param.sn -O1 default
PASS tests/integration/test_as_ref_on_ref_struct_param.sn -O2 default
PASS tests/integration/test_as_ref_on_ref_struct_param.sn -O0 checked
PASS tests/integration/test_as_ref_on_ref_struct_param.sn -O1 checked
PASS tests/integration/test_as_ref_on_ref_struct_param.sn -O2 checked
PASS tests/integration/test_as_ref_on_ref_struct_param.sn -O0 unchecked
PASS tests/integration/test_as_ref_on_ref_struct_param.sn -O1 unchecked
PASS tests/integration/test_as_ref_on_ref_struct_param.sn -O2 unchecked
PASS tests/rgen/reference_call_borrowed_handles.sn -O0 default
PASS tests/rgen/reference_call_borrowed_handles.sn -O1 default
PASS tests/rgen/reference_call_borrowed_handles.sn -O2 default
PASS tests/rgen/reference_call_borrowed_handles.sn -O0 checked
PASS tests/rgen/reference_call_borrowed_handles.sn -O1 checked
PASS tests/rgen/reference_call_borrowed_handles.sn -O2 checked
PASS tests/rgen/reference_call_borrowed_handles.sn -O0 unchecked
PASS tests/rgen/reference_call_borrowed_handles.sn -O1 unchecked
PASS tests/rgen/reference_call_borrowed_handles.sn -O2 unchecked
PASS tests/rgen/reference_call_static_handles.sn -O0 default
PASS tests/rgen/reference_call_static_handles.sn -O1 default
PASS tests/rgen/reference_call_static_handles.sn -O2 default
PASS tests/rgen/reference_call_static_handles.sn -O0 checked
PASS tests/rgen/reference_call_static_handles.sn -O1 checked
PASS tests/rgen/reference_call_static_handles.sn -O2 checked
PASS tests/rgen/reference_call_static_handles.sn -O0 unchecked
PASS tests/rgen/reference_call_static_handles.sn -O1 unchecked
PASS tests/rgen/reference_call_static_handles.sn -O2 unchecked
PASS tests/rgen/reference_call_member_handles.sn -O0 default
PASS tests/rgen/reference_call_member_handles.sn -O1 default
PASS tests/rgen/reference_call_member_handles.sn -O2 default
PASS tests/rgen/reference_call_member_handles.sn -O0 checked
PASS tests/rgen/reference_call_member_handles.sn -O1 checked
PASS tests/rgen/reference_call_member_handles.sn -O2 checked
PASS tests/rgen/reference_call_member_handles.sn -O0 unchecked
PASS tests/rgen/reference_call_member_handles.sn -O1 unchecked
PASS tests/rgen/reference_call_member_handles.sn -O2 unchecked
PASS: 126 independent sizeof/reference C/Rust oracles, all modes and optimizations
