PASS tests/integration/test_struct_stack_alloc.sn -O0 default
PASS tests/integration/test_struct_stack_alloc.sn -O1 default
PASS tests/integration/test_struct_stack_alloc.sn -O2 default
PASS tests/integration/test_struct_stack_alloc.sn -O0 checked
PASS tests/integration/test_struct_stack_alloc.sn -O1 checked
PASS tests/integration/test_struct_stack_alloc.sn -O2 checked
PASS tests/integration/test_struct_stack_alloc.sn -O0 unchecked
PASS tests/integration/test_struct_stack_alloc.sn -O1 unchecked
PASS tests/integration/test_struct_stack_alloc.sn -O2 unchecked
PASS tests/integration/test_struct_heap_alloc.sn -O0 default
PASS tests/integration/test_struct_heap_alloc.sn -O1 default
PASS tests/integration/test_struct_heap_alloc.sn -O2 default
PASS tests/integration/test_struct_heap_alloc.sn -O0 checked
PASS tests/integration/test_struct_heap_alloc.sn -O1 checked
PASS tests/integration/test_struct_heap_alloc.sn -O2 checked
PASS tests/integration/test_struct_heap_alloc.sn -O0 unchecked
PASS tests/integration/test_struct_heap_alloc.sn -O1 unchecked
PASS tests/integration/test_struct_heap_alloc.sn -O2 unchecked
PASS tests/integration/test_struct_sizeof_equality.sn -O0 default
PASS tests/integration/test_struct_sizeof_equality.sn -O1 default
PASS tests/integration/test_struct_sizeof_equality.sn -O2 default
PASS tests/integration/test_struct_sizeof_equality.sn -O0 checked
PASS tests/integration/test_struct_sizeof_equality.sn -O1 checked
PASS tests/integration/test_struct_sizeof_equality.sn -O2 checked
PASS tests/integration/test_struct_sizeof_equality.sn -O0 unchecked
PASS tests/integration/test_struct_sizeof_equality.sn -O1 unchecked
PASS tests/integration/test_struct_sizeof_equality.sn -O2 unchecked
PASS tests/integration/test_sizeof.sn -O0 default
PASS tests/integration/test_sizeof.sn -O1 default
PASS tests/integration/test_sizeof.sn -O2 default
PASS tests/integration/test_sizeof.sn -O0 checked
PASS tests/integration/test_sizeof.sn -O1 checked
PASS tests/integration/test_sizeof.sn -O2 checked
PASS tests/integration/test_sizeof.sn -O0 unchecked
PASS tests/integration/test_sizeof.sn -O1 unchecked
PASS tests/integration/test_sizeof.sn -O2 unchecked
PASS tests/rgen/sizeof_c_unevaluated.sn -O0 default
PASS tests/rgen/sizeof_c_unevaluated.sn -O1 default
PASS tests/rgen/sizeof_c_unevaluated.sn -O2 default
PASS tests/rgen/sizeof_c_unevaluated.sn -O0 checked
PASS tests/rgen/sizeof_c_unevaluated.sn -O1 checked
PASS tests/rgen/sizeof_c_unevaluated.sn -O2 checked
PASS tests/rgen/sizeof_c_unevaluated.sn -O0 unchecked
PASS tests/rgen/sizeof_c_unevaluated.sn -O1 unchecked
PASS tests/rgen/sizeof_c_unevaluated.sn -O2 unchecked
PASS tests/rgen/sizeof_c_member_unevaluated.sn -O0 default
PASS tests/rgen/sizeof_c_member_unevaluated.sn -O1 default
PASS tests/rgen/sizeof_c_member_unevaluated.sn -O2 default
PASS tests/rgen/sizeof_c_member_unevaluated.sn -O0 checked
PASS tests/rgen/sizeof_c_member_unevaluated.sn -O1 checked
PASS tests/rgen/sizeof_c_member_unevaluated.sn -O2 checked
PASS tests/rgen/sizeof_c_member_unevaluated.sn -O0 unchecked
PASS tests/rgen/sizeof_c_member_unevaluated.sn -O1 unchecked
PASS tests/rgen/sizeof_c_member_unevaluated.sn -O2 unchecked
PASS tests/rgen/sizeof_c_hygiene.sn -O0 default
PASS tests/rgen/sizeof_c_hygiene.sn -O1 default
PASS tests/rgen/sizeof_c_hygiene.sn -O2 default
PASS tests/rgen/sizeof_c_hygiene.sn -O0 checked
PASS tests/rgen/sizeof_c_hygiene.sn -O1 checked
PASS tests/rgen/sizeof_c_hygiene.sn -O2 checked
PASS tests/rgen/sizeof_c_hygiene.sn -O0 unchecked
PASS tests/rgen/sizeof_c_hygiene.sn -O1 unchecked
PASS tests/rgen/sizeof_c_hygiene.sn -O2 unchecked
PASS tests/rust-native/scalar_local_aggregate.sn -O0 default
PASS tests/rust-native/scalar_local_aggregate.sn -O1 default
PASS tests/rust-native/scalar_local_aggregate.sn -O2 default
PASS tests/rust-native/scalar_local_aggregate.sn -O0 checked
PASS tests/rust-native/scalar_local_aggregate.sn -O1 checked
PASS tests/rust-native/scalar_local_aggregate.sn -O2 checked
PASS tests/rust-native/scalar_local_aggregate.sn -O0 unchecked
PASS tests/rust-native/scalar_local_aggregate.sn -O1 unchecked
PASS tests/rust-native/scalar_local_aggregate.sn -O2 unchecked
PASS tests/rust-native/scalar_local_aggregate_results.sn -O0 default
PASS tests/rust-native/scalar_local_aggregate_results.sn -O1 default
PASS tests/rust-native/scalar_local_aggregate_results.sn -O2 default
PASS tests/rust-native/scalar_local_aggregate_results.sn -O0 checked
PASS tests/rust-native/scalar_local_aggregate_results.sn -O1 checked
PASS tests/rust-native/scalar_local_aggregate_results.sn -O2 checked
PASS tests/rust-native/scalar_local_aggregate_results.sn -O0 unchecked
PASS tests/rust-native/scalar_local_aggregate_results.sn -O1 unchecked
PASS tests/rust-native/scalar_local_aggregate_results.sn -O2 unchecked
PASS tests/rust-native/scalar_operator_local_aggregate.sn -O0 default
PASS tests/rust-native/scalar_operator_local_aggregate.sn -O1 default
PASS tests/rust-native/scalar_operator_local_aggregate.sn -O2 default
PASS tests/rust-native/scalar_operator_local_aggregate.sn -O0 checked
PASS tests/rust-native/scalar_operator_local_aggregate.sn -O1 checked
PASS tests/rust-native/scalar_operator_local_aggregate.sn -O2 checked
PASS tests/rust-native/scalar_operator_local_aggregate.sn -O0 unchecked
PASS tests/rust-native/scalar_operator_local_aggregate.sn -O1 unchecked
PASS tests/rust-native/scalar_operator_local_aggregate.sn -O2 unchecked
PASS tests/rgen/sizeof_struct.sn -O0 default
PASS tests/rgen/sizeof_struct.sn -O1 default
PASS tests/rgen/sizeof_struct.sn -O2 default
PASS tests/rgen/sizeof_struct.sn -O0 checked
PASS tests/rgen/sizeof_struct.sn -O1 checked
PASS tests/rgen/sizeof_struct.sn -O2 checked
PASS tests/rgen/sizeof_struct.sn -O0 unchecked
PASS tests/rgen/sizeof_struct.sn -O1 unchecked
PASS tests/rgen/sizeof_struct.sn -O2 unchecked
PASS tests/rgen/sizeof_fixed_scalars.sn -O0 default
PASS tests/rgen/sizeof_fixed_scalars.sn -O1 default
PASS tests/rgen/sizeof_fixed_scalars.sn -O2 default
PASS tests/rgen/sizeof_fixed_scalars.sn -O0 checked
PASS tests/rgen/sizeof_fixed_scalars.sn -O1 checked
PASS tests/rgen/sizeof_fixed_scalars.sn -O2 checked
PASS tests/rgen/sizeof_fixed_scalars.sn -O0 unchecked
PASS tests/rgen/sizeof_fixed_scalars.sn -O1 unchecked
PASS tests/rgen/sizeof_fixed_scalars.sn -O2 unchecked
PASS tests/rgen/sizeof_managed_handles.sn -O0 default
PASS tests/rgen/sizeof_managed_handles.sn -O1 default
PASS tests/rgen/sizeof_managed_handles.sn -O2 default
PASS tests/rgen/sizeof_managed_handles.sn -O0 checked
PASS tests/rgen/sizeof_managed_handles.sn -O1 checked
PASS tests/rgen/sizeof_managed_handles.sn -O2 checked
PASS tests/rgen/sizeof_managed_handles.sn -O0 unchecked
PASS tests/rgen/sizeof_managed_handles.sn -O1 unchecked
PASS tests/rgen/sizeof_managed_handles.sn -O2 unchecked
PASS tests/rgen/sizeof_pointer_values.sn -O0 default
PASS tests/rgen/sizeof_pointer_values.sn -O1 default
PASS tests/rgen/sizeof_pointer_values.sn -O2 default
PASS tests/rgen/sizeof_pointer_values.sn -O0 checked
PASS tests/rgen/sizeof_pointer_values.sn -O1 checked
PASS tests/rgen/sizeof_pointer_values.sn -O2 checked
PASS tests/rgen/sizeof_pointer_values.sn -O0 unchecked
PASS tests/rgen/sizeof_pointer_values.sn -O1 unchecked
PASS tests/rgen/sizeof_pointer_values.sn -O2 unchecked
PASS tests/rgen/sizeof_c_padding.sn -O0 default
PASS tests/rgen/sizeof_c_padding.sn -O1 default
PASS tests/rgen/sizeof_c_padding.sn -O2 default
PASS tests/rgen/sizeof_c_padding.sn -O0 checked
PASS tests/rgen/sizeof_c_padding.sn -O1 checked
PASS tests/rgen/sizeof_c_padding.sn -O2 checked
PASS tests/rgen/sizeof_c_padding.sn -O0 unchecked
PASS tests/rgen/sizeof_c_padding.sn -O1 unchecked
PASS tests/rgen/sizeof_c_padding.sn -O2 unchecked
PASS tests/rgen/sizeof_c_handles.sn -O0 default
PASS tests/rgen/sizeof_c_handles.sn -O1 default
PASS tests/rgen/sizeof_c_handles.sn -O2 default
PASS tests/rgen/sizeof_c_handles.sn -O0 checked
PASS tests/rgen/sizeof_c_handles.sn -O1 checked
PASS tests/rgen/sizeof_c_handles.sn -O2 checked
PASS tests/rgen/sizeof_c_handles.sn -O0 unchecked
PASS tests/rgen/sizeof_c_handles.sn -O1 unchecked
PASS tests/rgen/sizeof_c_handles.sn -O2 unchecked
PASS tests/rgen/sizeof_c_packed_reference_native.sn -O0 default
PASS tests/rgen/sizeof_c_packed_reference_native.sn -O1 default
PASS tests/rgen/sizeof_c_packed_reference_native.sn -O2 default
PASS tests/rgen/sizeof_c_packed_reference_native.sn -O0 checked
PASS tests/rgen/sizeof_c_packed_reference_native.sn -O1 checked
PASS tests/rgen/sizeof_c_packed_reference_native.sn -O2 checked
PASS tests/rgen/sizeof_c_packed_reference_native.sn -O0 unchecked
PASS tests/rgen/sizeof_c_packed_reference_native.sn -O1 unchecked
PASS tests/rgen/sizeof_c_packed_reference_native.sn -O2 unchecked
PASS tests/rgen/sizeof_c_nested_layout.sn -O0 default
PASS tests/rgen/sizeof_c_nested_layout.sn -O1 default
PASS tests/rgen/sizeof_c_nested_layout.sn -O2 default
PASS tests/rgen/sizeof_c_nested_layout.sn -O0 checked
PASS tests/rgen/sizeof_c_nested_layout.sn -O1 checked
PASS tests/rgen/sizeof_c_nested_layout.sn -O2 checked
PASS tests/rgen/sizeof_c_nested_layout.sn -O0 unchecked
PASS tests/rgen/sizeof_c_nested_layout.sn -O1 unchecked
PASS tests/rgen/sizeof_c_nested_layout.sn -O2 unchecked
PASS tests/rgen/sizeof-promoted/import_pure_unsupported_native_struct.sn -O0 default
PASS tests/rgen/sizeof-promoted/import_pure_unsupported_native_struct.sn -O1 default
PASS tests/rgen/sizeof-promoted/import_pure_unsupported_native_struct.sn -O2 default
PASS tests/rgen/sizeof-promoted/import_pure_unsupported_native_struct.sn -O0 checked
PASS tests/rgen/sizeof-promoted/import_pure_unsupported_native_struct.sn -O1 checked
PASS tests/rgen/sizeof-promoted/import_pure_unsupported_native_struct.sn -O2 checked
PASS tests/rgen/sizeof-promoted/import_pure_unsupported_native_struct.sn -O0 unchecked
PASS tests/rgen/sizeof-promoted/import_pure_unsupported_native_struct.sn -O1 unchecked
PASS tests/rgen/sizeof-promoted/import_pure_unsupported_native_struct.sn -O2 unchecked
PASS tests/rgen/resolved_operator_source_child_precedence.sn -O0 default
PASS tests/rgen/resolved_operator_source_child_precedence.sn -O1 default
PASS tests/rgen/resolved_operator_source_child_precedence.sn -O2 default
PASS tests/rgen/resolved_operator_source_child_precedence.sn -O0 checked
PASS tests/rgen/resolved_operator_source_child_precedence.sn -O1 checked
PASS tests/rgen/resolved_operator_source_child_precedence.sn -O2 checked
PASS tests/rgen/resolved_operator_source_child_precedence.sn -O0 unchecked
PASS tests/rgen/resolved_operator_source_child_precedence.sn -O1 unchecked
PASS tests/rgen/resolved_operator_source_child_precedence.sn -O2 unchecked
PASS tests/integration/test_struct_as_ref_chain.sn -O0 default
PASS tests/integration/test_struct_as_ref_chain.sn -O1 default
PASS tests/integration/test_struct_as_ref_chain.sn -O2 default
PASS tests/integration/test_struct_as_ref_chain.sn -O0 checked
PASS tests/integration/test_struct_as_ref_chain.sn -O1 checked
PASS tests/integration/test_struct_as_ref_chain.sn -O2 checked
PASS tests/integration/test_struct_as_ref_chain.sn -O0 unchecked
PASS tests/integration/test_struct_as_ref_chain.sn -O1 unchecked
PASS tests/integration/test_struct_as_ref_chain.sn -O2 unchecked
PASS tests/integration/test_struct_codegen_validation.sn -O0 default
PASS tests/integration/test_struct_codegen_validation.sn -O1 default
PASS tests/integration/test_struct_codegen_validation.sn -O2 default
PASS tests/integration/test_struct_codegen_validation.sn -O0 checked
PASS tests/integration/test_struct_codegen_validation.sn -O1 checked
PASS tests/integration/test_struct_codegen_validation.sn -O2 checked
PASS tests/integration/test_struct_codegen_validation.sn -O0 unchecked
PASS tests/integration/test_struct_codegen_validation.sn -O1 unchecked
PASS tests/integration/test_struct_codegen_validation.sn -O2 unchecked
PASS tests/integration/test_struct_native_defaults.sn -O0 default
PASS tests/integration/test_struct_native_defaults.sn -O1 default
PASS tests/integration/test_struct_native_defaults.sn -O2 default
PASS tests/integration/test_struct_native_defaults.sn -O0 checked
PASS tests/integration/test_struct_native_defaults.sn -O1 checked
PASS tests/integration/test_struct_native_defaults.sn -O2 checked
PASS tests/integration/test_struct_native_defaults.sn -O0 unchecked
PASS tests/integration/test_struct_native_defaults.sn -O1 unchecked
PASS tests/integration/test_struct_native_defaults.sn -O2 unchecked
PASS tests/integration/test_struct_packed.sn -O0 default
PASS tests/integration/test_struct_packed.sn -O1 default
PASS tests/integration/test_struct_packed.sn -O2 default
PASS tests/integration/test_struct_packed.sn -O0 checked
PASS tests/integration/test_struct_packed.sn -O1 checked
PASS tests/integration/test_struct_packed.sn -O2 checked
PASS tests/integration/test_struct_packed.sn -O0 unchecked
PASS tests/integration/test_struct_packed.sn -O1 unchecked
PASS tests/integration/test_struct_packed.sn -O2 unchecked
PASS: 216 independent sizeof C/Rust oracles, all modes and optimizations
