Compiler: /home/gavin/code/sindarin/sindarin-rust-thread-parity-2bf57b91/bin/sn
Platform: Linux
Parallel: 4 workers

Rust Generation Tests
============================================================
  Running 361 tests with 4 workers...



------------------------------------------------------------
Results: 361 passed, 0 failed, 0 skipped  (27.14s)

Rust Generation Error Tests
============================================================
  Running 158 tests with 4 workers...



------------------------------------------------------------
Results: 158 passed, 0 failed, 0 skipped  (76ms)

Tagged Native Scalar/Source/Link Parity Tests
============================================================
  Running 8 tests with 4 workers...



------------------------------------------------------------
Results: 8 passed, 0 failed, 0 skipped  (869ms)

Post-Tag Rust Native Extra Coverage
============================================================
  Running 19 tests with 4 workers...



------------------------------------------------------------
Results: 19 passed, 0 failed, 0 skipped  (4.26s)

Rust Native Imported-Origin Extra Coverage
============================================================
  Running 1 tests with 4 workers...



------------------------------------------------------------
Results: 1 passed, 0 failed, 0 skipped  (269ms)

Rust Native Scalar Error Tests
============================================================
  Running 4 tests with 4 workers...



------------------------------------------------------------
Results: 4 passed, 0 failed, 0 skipped  (46ms)

Rust Closure Value Tests
============================================================
  Running 36 tests with 4 workers...



------------------------------------------------------------
Results: 36 passed, 0 failed, 0 skipped  (2.52s)

Rust Closure Value Error Tests
============================================================
  Running 1 tests with 4 workers...



------------------------------------------------------------
Results: 1 passed, 0 failed, 0 skipped  (2ms)

Rust Concurrency Tests
============================================================
  Running 10 tests with 4 workers...



------------------------------------------------------------
Results: 10 passed, 0 failed, 0 skipped  (929ms)

Promoted Rust Concurrency Tests
============================================================
  Running 7 tests with 4 workers...



------------------------------------------------------------
Results: 7 passed, 0 failed, 0 skipped  (451ms)

Rust Concurrency Error Tests
============================================================
  Running 1 tests with 4 workers...



------------------------------------------------------------
Results: 1 passed, 0 failed, 0 skipped  (2ms)

Rust Toolchain and Artifact Lifecycle Tests
============================================================
  subprocess_utf8_boundary                      PASS  (25ms)
  rustc_invocation_records                      PASS  (27ms)
  pure_rust_has_no_c_dependency                 PASS  (7ms)
  native_emit_requires_bundle                   PASS  (2ms)
  native_c_link_driver_contract                 PASS  (330ms)
  native_debug_sanitizer_link                   PASS  (239ms)
  native_compile_and_link_failures              PASS  (364ms)
  missing_rustc                                 PASS  (2ms)
  failing_rustc                                 PASS  (2ms)
  failing_rustc_build                           PASS  (13ms)
  rust_generated_artifact_lifecycle             PASS  (14ms)
  rust_native_artifact_lifecycle                PASS  (716ms)

------------------------------------------------------------
Results: 12 passed, 0 failed  (1.75s)

All tests passed!  (total: 38.32s)
