PASS tests/rgen/capture_array_index_nested.sn -O0 default
PASS tests/rgen/capture_array_index_nested.sn -O1 default
PASS tests/rgen/capture_array_index_nested.sn -O2 default
PASS tests/rgen/capture_array_index_nested.sn -O0 checked
PASS tests/rgen/capture_array_index_nested.sn -O1 checked
PASS tests/rgen/capture_array_index_nested.sn -O2 checked
PASS tests/rgen/capture_array_index_nested.sn -O0 unchecked
PASS tests/rgen/capture_array_index_nested.sn -O1 unchecked
PASS tests/rgen/capture_array_index_nested.sn -O2 unchecked
PASS tests/rgen/capture_array_index_result.sn -O0 default
PASS tests/rgen/capture_array_index_result.sn -O1 default
PASS tests/rgen/capture_array_index_result.sn -O2 default
PASS tests/rgen/capture_array_index_result.sn -O0 checked
PASS tests/rgen/capture_array_index_result.sn -O1 checked
PASS tests/rgen/capture_array_index_result.sn -O2 checked
PASS tests/rgen/capture_array_index_result.sn -O0 unchecked
PASS tests/rgen/capture_array_index_result.sn -O1 unchecked
PASS tests/rgen/capture_array_index_result.sn -O2 unchecked
PASS tests/rgen/capture_array_index_shared.sn -O0 default
PASS tests/rgen/capture_array_index_shared.sn -O1 default
PASS tests/rgen/capture_array_index_shared.sn -O2 default
PASS tests/rgen/capture_array_index_shared.sn -O0 checked
PASS tests/rgen/capture_array_index_shared.sn -O1 checked
PASS tests/rgen/capture_array_index_shared.sn -O2 checked
PASS tests/rgen/capture_array_index_shared.sn -O0 unchecked
PASS tests/rgen/capture_array_index_shared.sn -O1 unchecked
PASS tests/rgen/capture_array_index_shared.sn -O2 unchecked
PASS tests/rgen/capture_array_index_state.sn -O0 default
PASS tests/rgen/capture_array_index_state.sn -O1 default
PASS tests/rgen/capture_array_index_state.sn -O2 default
PASS tests/rgen/capture_array_index_state.sn -O0 checked
PASS tests/rgen/capture_array_index_state.sn -O1 checked
PASS tests/rgen/capture_array_index_state.sn -O2 checked
PASS tests/rgen/capture_array_index_state.sn -O0 unchecked
PASS tests/rgen/capture_array_index_state.sn -O1 unchecked
PASS tests/rgen/capture_array_index_state.sn -O2 unchecked
PASS tests/rgen/capture_array_index_widths.sn -O0 default
PASS tests/rgen/capture_array_index_widths.sn -O1 default
PASS tests/rgen/capture_array_index_widths.sn -O2 default
PASS tests/rgen/capture_array_index_widths.sn -O0 checked
PASS tests/rgen/capture_array_index_widths.sn -O1 checked
PASS tests/rgen/capture_array_index_widths.sn -O2 checked
PASS tests/rgen/capture_array_index_widths.sn -O0 unchecked
PASS tests/rgen/capture_array_index_widths.sn -O1 unchecked
PASS tests/rgen/capture_array_index_widths.sn -O2 unchecked
