PASS tests/integration/test_char_methods.sn -O0 default
PASS tests/integration/test_char_methods.sn -O1 default
PASS tests/integration/test_char_methods.sn -O2 default
PASS tests/integration/test_char_methods.sn -O0 checked
PASS tests/integration/test_char_methods.sn -O1 checked
PASS tests/integration/test_char_methods.sn -O2 checked
PASS tests/integration/test_char_methods.sn -O0 unchecked
PASS tests/integration/test_char_methods.sn -O1 unchecked
PASS tests/integration/test_char_methods.sn -O2 unchecked
PASS tests/exploratory/test_str_comprehensive.sn -O0 default
PASS tests/exploratory/test_str_comprehensive.sn -O1 default
PASS tests/exploratory/test_str_comprehensive.sn -O2 default
PASS tests/exploratory/test_str_comprehensive.sn -O0 checked
PASS tests/exploratory/test_str_comprehensive.sn -O1 checked
PASS tests/exploratory/test_str_comprehensive.sn -O2 checked
PASS tests/exploratory/test_str_comprehensive.sn -O0 unchecked
PASS tests/exploratory/test_str_comprehensive.sn -O1 unchecked
PASS tests/exploratory/test_str_comprehensive.sn -O2 unchecked
PASS tests/rgen/character_methods_basic.sn -O0 default
PASS tests/rgen/character_methods_basic.sn -O1 default
PASS tests/rgen/character_methods_basic.sn -O2 default
PASS tests/rgen/character_methods_basic.sn -O0 checked
PASS tests/rgen/character_methods_basic.sn -O1 checked
PASS tests/rgen/character_methods_basic.sn -O2 checked
PASS tests/rgen/character_methods_basic.sn -O0 unchecked
PASS tests/rgen/character_methods_basic.sn -O1 unchecked
PASS tests/rgen/character_methods_basic.sn -O2 unchecked
PASS tests/rgen/character_methods_receivers.sn -O0 default
PASS tests/rgen/character_methods_receivers.sn -O1 default
PASS tests/rgen/character_methods_receivers.sn -O2 default
PASS tests/rgen/character_methods_receivers.sn -O0 checked
PASS tests/rgen/character_methods_receivers.sn -O1 checked
PASS tests/rgen/character_methods_receivers.sn -O2 checked
PASS tests/rgen/character_methods_receivers.sn -O0 unchecked
PASS tests/rgen/character_methods_receivers.sn -O1 unchecked
PASS tests/rgen/character_methods_receivers.sn -O2 unchecked
PASS tests/rgen/character_methods_predicates.sn -O0 default
PASS tests/rgen/character_methods_predicates.sn -O1 default
PASS tests/rgen/character_methods_predicates.sn -O2 default
PASS tests/rgen/character_methods_predicates.sn -O0 checked
PASS tests/rgen/character_methods_predicates.sn -O1 checked
PASS tests/rgen/character_methods_predicates.sn -O2 checked
PASS tests/rgen/character_methods_predicates.sn -O0 unchecked
PASS tests/rgen/character_methods_predicates.sn -O1 unchecked
PASS tests/rgen/character_methods_predicates.sn -O2 unchecked
PASS tests/rgen/string_ctype_bytes.sn -O0 default
PASS tests/rgen/string_ctype_bytes.sn -O1 default
PASS tests/rgen/string_ctype_bytes.sn -O2 default
PASS tests/rgen/string_ctype_bytes.sn -O0 checked
PASS tests/rgen/string_ctype_bytes.sn -O1 checked
PASS tests/rgen/string_ctype_bytes.sn -O2 checked
PASS tests/rgen/string_ctype_bytes.sn -O0 unchecked
PASS tests/rgen/string_ctype_bytes.sn -O1 unchecked
PASS tests/rgen/string_ctype_bytes.sn -O2 unchecked
PASS tests/rgen/string_operations.sn -O0 default
PASS tests/rgen/string_operations.sn -O1 default
PASS tests/rgen/string_operations.sn -O2 default
PASS tests/rgen/string_operations.sn -O0 checked
PASS tests/rgen/string_operations.sn -O1 checked
PASS tests/rgen/string_operations.sn -O2 checked
PASS tests/rgen/string_operations.sn -O0 unchecked
PASS tests/rgen/string_operations.sn -O1 unchecked
PASS tests/rgen/string_operations.sn -O2 unchecked
PASS tests/rust-native/character_ctype_locale.sn -O0 default
PASS tests/rust-native/character_ctype_locale.sn -O1 default
PASS tests/rust-native/character_ctype_locale.sn -O2 default
PASS tests/rust-native/character_ctype_locale.sn -O0 checked
PASS tests/rust-native/character_ctype_locale.sn -O1 checked
PASS tests/rust-native/character_ctype_locale.sn -O2 checked
PASS tests/rust-native/character_ctype_locale.sn -O0 unchecked
PASS tests/rust-native/character_ctype_locale.sn -O1 unchecked
PASS tests/rust-native/character_ctype_locale.sn -O2 unchecked
PASS: 72 independent C/Rust output oracles, including native CRT and char ABI references
