Compiler: /home/gavin/code/sindarin/sindarin-rust-thread-parity-2bf57b91/bin/sn
Platform: Linux
Parallel: 20 workers

Rust Generation Tests
============================================================
  Running 368 tests with 20 workers...



------------------------------------------------------------
Results: 368 passed, 0 failed, 0 skipped  (7.28s)

Rust Generation Error Tests
============================================================
  Running 158 tests with 20 workers...



------------------------------------------------------------
Results: 158 passed, 0 failed, 0 skipped  (53ms)

Tagged Native Scalar/Source/Link Parity Tests
============================================================
  Running 8 tests with 20 workers...



------------------------------------------------------------
Results: 8 passed, 0 failed, 0 skipped  (590ms)

Post-Tag Rust Native Extra Coverage
============================================================
  Running 19 tests with 20 workers...



------------------------------------------------------------
Results: 19 passed, 0 failed, 0 skipped  (1.69s)

Rust Native Imported-Origin Extra Coverage
============================================================
  Running 1 tests with 20 workers...



------------------------------------------------------------
Results: 1 passed, 0 failed, 0 skipped  (262ms)

Rust Native Scalar Error Tests
============================================================
  Running 4 tests with 20 workers...



------------------------------------------------------------
Results: 4 passed, 0 failed, 0 skipped  (47ms)

Rust Closure Value Tests
============================================================
  Running 36 tests with 20 workers...



------------------------------------------------------------
Results: 36 passed, 0 failed, 0 skipped  (799ms)

Rust Closure Value Error Tests
============================================================
  Running 1 tests with 20 workers...



------------------------------------------------------------
Results: 1 passed, 0 failed, 0 skipped  (2ms)

Rust Concurrency Tests
============================================================
  Running 10 tests with 20 workers...



------------------------------------------------------------
Results: 10 passed, 0 failed, 0 skipped  (380ms)

Promoted Rust Concurrency Tests
============================================================
  Running 7 tests with 20 workers...



------------------------------------------------------------
Results: 7 passed, 0 failed, 0 skipped  (238ms)

Rust Concurrency Error Tests
============================================================
  Running 1 tests with 20 workers...



------------------------------------------------------------
Results: 1 passed, 0 failed, 0 skipped  (1ms)

Rust Toolchain and Artifact Lifecycle Tests
============================================================
  subprocess_utf8_boundary                      PASS  (37ms)
  rustc_invocation_records                      PASS  (26ms)
  pure_rust_has_no_c_dependency                 PASS  (7ms)
  native_emit_requires_bundle                   PASS  (1ms)
  native_c_link_driver_contract                 PASS  (336ms)
  native_debug_sanitizer_link                   PASS  (291ms)
  native_compile_and_link_failures              PASS  (374ms)
  missing_rustc                                 PASS  (2ms)
  failing_rustc                                 PASS  (2ms)
  failing_rustc_build                           PASS  (14ms)
  rust_generated_artifact_lifecycle             PASS  (16ms)
  rust_native_artifact_lifecycle                PASS  (863ms)

------------------------------------------------------------
Results: 12 passed, 0 failed  (1.98s)

All tests passed!  (total: 13.32s)
