Cleaning up 1 orphaned test directories...
Compiler: /home/gavin/code/sindarin/sindarin-rust-parity-goal/bin/sn
Platform: Linux
Parallel: 4 workers

Rust Generation Tests
============================================================
  Running 506 tests with 4 workers...
                                                            
------------------------------------------------------------
Results: 506 passed, 0 failed, 0 skipped  (35.29s)

Rust Generation Error Tests
============================================================
  Running 118 tests with 4 workers...
                                                            
------------------------------------------------------------
Results: 118 passed, 0 failed, 0 skipped  (6.08s)

Tagged Native Scalar/Source/Link Parity Tests
============================================================
  Running 8 tests with 4 workers...
                                                            
------------------------------------------------------------
Results: 8 passed, 0 failed, 0 skipped  (1.07s)

Post-Tag Rust Native Extra Coverage
============================================================
  Running 393 tests with 4 workers...
                                                            
------------------------------------------------------------
Results: 393 passed, 0 failed, 0 skipped  (42.75s)

Rust Native Imported-Origin Extra Coverage
============================================================
  Running 1 tests with 4 workers...
                                                            
------------------------------------------------------------
Results: 1 passed, 0 failed, 0 skipped  (240ms)

Rust Native Scalar Error Tests
============================================================
  Running 4 tests with 4 workers...
                                                            
------------------------------------------------------------
Results: 4 passed, 0 failed, 0 skipped  (350ms)

Rust Closure Value Tests
============================================================
  Running 36 tests with 4 workers...
                                                            
------------------------------------------------------------
Results: 36 passed, 0 failed, 0 skipped  (2.50s)

Rust Closure Value Error Tests
============================================================
  Running 1 tests with 4 workers...
                                                            
------------------------------------------------------------
Results: 1 passed, 0 failed, 0 skipped  (2ms)

Rust Concurrency Tests
============================================================
  Running 10 tests with 4 workers...
                                                            
------------------------------------------------------------
Results: 10 passed, 0 failed, 0 skipped  (866ms)

Promoted Rust Concurrency Tests
============================================================
  Running 7 tests with 4 workers...
                                                            
------------------------------------------------------------
Results: 7 passed, 0 failed, 0 skipped  (406ms)

Rust Concurrency Error Tests
============================================================
  Running 1 tests with 4 workers...
                                                            
------------------------------------------------------------
Results: 1 passed, 0 failed, 0 skipped  (2ms)

Rust Toolchain and Artifact Lifecycle Tests
============================================================
  subprocess_utf8_boundary                      PASS  (18ms)
  rustc_invocation_records                      PASS  (42ms)
  pure_rust_has_no_c_dependency                 PASS  (10ms)
  native_emit_requires_bundle                   PASS  (3ms)
  native_c_link_driver_contract                 PASS  (339ms)
  native_debug_sanitizer_link                   PASS  (312ms)
  native_compile_and_link_failures              PASS  (345ms)
  missing_rustc                                 PASS  (2ms)
  failing_rustc                                 PASS  (2ms)
  failing_rustc_build                           PASS  (15ms)
  rust_generated_artifact_lifecycle             PASS  (17ms)
  rust_native_artifact_lifecycle                PASS  (692ms)

------------------------------------------------------------
Results: 12 passed, 0 failed  (1.80s)

All tests passed!  (total: 91.34s)
