PASS tests/rgen/float_array_search.sn -O0 default
PASS tests/rgen/float_array_search.sn -O1 default
PASS tests/rgen/float_array_search.sn -O2 default
PASS tests/rgen/float_array_search.sn -O0 checked
PASS tests/rgen/float_array_search.sn -O1 checked
PASS tests/rgen/float_array_search.sn -O2 checked
PASS tests/rgen/float_array_search.sn -O0 unchecked
PASS tests/rgen/float_array_search.sn -O1 unchecked
PASS tests/rgen/float_array_search.sn -O2 unchecked
PASS tests/rgen/double_array_search.sn -O0 default
PASS tests/rgen/double_array_search.sn -O1 default
PASS tests/rgen/double_array_search.sn -O2 default
PASS tests/rgen/double_array_search.sn -O0 checked
PASS tests/rgen/double_array_search.sn -O1 checked
PASS tests/rgen/double_array_search.sn -O2 checked
PASS tests/rgen/double_array_search.sn -O0 unchecked
PASS tests/rgen/double_array_search.sn -O1 unchecked
PASS tests/rgen/double_array_search.sn -O2 unchecked
PASS tests/rgen/float_array_search_double_needle.sn -O0 default
PASS tests/rgen/float_array_search_double_needle.sn -O1 default
PASS tests/rgen/float_array_search_double_needle.sn -O2 default
PASS tests/rgen/float_array_search_double_needle.sn -O0 checked
PASS tests/rgen/float_array_search_double_needle.sn -O1 checked
PASS tests/rgen/float_array_search_double_needle.sn -O2 checked
PASS tests/rgen/float_array_search_double_needle.sn -O0 unchecked
PASS tests/rgen/float_array_search_double_needle.sn -O1 unchecked
PASS tests/rgen/float_array_search_double_needle.sn -O2 unchecked
PASS tests/rgen/floating_array_search_representation.sn -O0 default
PASS tests/rgen/floating_array_search_representation.sn -O1 default
PASS tests/rgen/floating_array_search_representation.sn -O2 default
PASS tests/rgen/floating_array_search_representation.sn -O0 checked
PASS tests/rgen/floating_array_search_representation.sn -O1 checked
PASS tests/rgen/floating_array_search_representation.sn -O2 checked
PASS tests/rgen/floating_array_search_representation.sn -O0 unchecked
PASS tests/rgen/floating_array_search_representation.sn -O1 unchecked
PASS tests/rgen/floating_array_search_representation.sn -O2 unchecked
PASS tests/rgen/floating_array_search_call_boundaries.sn -O0 default
PASS tests/rgen/floating_array_search_call_boundaries.sn -O1 default
PASS tests/rgen/floating_array_search_call_boundaries.sn -O2 default
PASS tests/rgen/floating_array_search_call_boundaries.sn -O0 checked
PASS tests/rgen/floating_array_search_call_boundaries.sn -O1 checked
PASS tests/rgen/floating_array_search_call_boundaries.sn -O2 checked
PASS tests/rgen/floating_array_search_call_boundaries.sn -O0 unchecked
PASS tests/rgen/floating_array_search_call_boundaries.sn -O1 unchecked
PASS tests/rgen/floating_array_search_call_boundaries.sn -O2 unchecked
PASS tests/rgen/floating_array_storage_bytes.sn -O0 default
PASS tests/rgen/floating_array_storage_bytes.sn -O1 default
PASS tests/rgen/floating_array_storage_bytes.sn -O2 default
PASS tests/rgen/floating_array_storage_bytes.sn -O0 checked
PASS tests/rgen/floating_array_storage_bytes.sn -O1 checked
PASS tests/rgen/floating_array_storage_bytes.sn -O2 checked
PASS tests/rgen/floating_array_storage_bytes.sn -O0 unchecked
PASS tests/rgen/floating_array_storage_bytes.sn -O1 unchecked
PASS tests/rgen/floating_array_storage_bytes.sn -O2 unchecked
PASS tests/rust-float-search/floating_search_expression_widths.sn -O0 default
PASS tests/rust-float-search/floating_search_expression_widths.sn -O1 default
PASS tests/rust-float-search/floating_search_expression_widths.sn -O2 default
PASS tests/rust-float-search/floating_search_expression_widths.sn -O0 checked
PASS tests/rust-float-search/floating_search_expression_widths.sn -O1 checked
PASS tests/rust-float-search/floating_search_expression_widths.sn -O2 checked
PASS tests/rust-float-search/floating_search_expression_widths.sn -O0 unchecked
PASS tests/rust-float-search/floating_search_expression_widths.sn -O1 unchecked
PASS tests/rust-float-search/floating_search_expression_widths.sn -O2 unchecked
PASS tests/rust-float-search/floating_array_capture_snapshots.sn -O0 default
PASS tests/rust-float-search/floating_array_capture_snapshots.sn -O1 default
PASS tests/rust-float-search/floating_array_capture_snapshots.sn -O2 default
PASS tests/rust-float-search/floating_array_capture_snapshots.sn -O0 checked
PASS tests/rust-float-search/floating_array_capture_snapshots.sn -O1 checked
PASS tests/rust-float-search/floating_array_capture_snapshots.sn -O2 checked
PASS tests/rust-float-search/floating_array_capture_snapshots.sn -O0 unchecked
PASS tests/rust-float-search/floating_array_capture_snapshots.sn -O1 unchecked
PASS tests/rust-float-search/floating_array_capture_snapshots.sn -O2 unchecked
PASS tests/rust-native/scalar_float_array_representation.sn -O0 default
PASS tests/rust-native/scalar_float_array_representation.sn -O1 default
PASS tests/rust-native/scalar_float_array_representation.sn -O2 default
PASS tests/rust-native/scalar_float_array_representation.sn -O0 checked
PASS tests/rust-native/scalar_float_array_representation.sn -O1 checked
PASS tests/rust-native/scalar_float_array_representation.sn -O2 checked
PASS tests/rust-native/scalar_float_array_representation.sn -O0 unchecked
PASS tests/rust-native/scalar_float_array_representation.sn -O1 unchecked
PASS tests/rust-native/scalar_float_array_representation.sn -O2 unchecked
