Compiler: /home/gavin/code/sindarin/sindarin-rust-thread-parity-2bf57b91/bin/sn
Platform: Linux
Parallel: 20 workers

Rust Generation Tests
============================================================
  Running 340 tests with 20 workers...
                                                            
------------------------------------------------------------
Results: 340 passed, 0 failed, 0 skipped  (17.59s)

Rust Generation Error Tests
============================================================
  Running 165 tests with 20 workers...
                                                            
------------------------------------------------------------
Results: 165 passed, 0 failed, 0 skipped  (217ms)

Tagged Native Scalar/Source/Link Parity Tests
============================================================
  Running 8 tests with 20 workers...
                                                            
------------------------------------------------------------
Results: 8 passed, 0 failed, 0 skipped  (1.40s)

Post-Tag Rust Native Extra Coverage
============================================================
  Running 19 tests with 20 workers...
                                                            
------------------------------------------------------------
Results: 19 passed, 0 failed, 0 skipped  (4.65s)

Rust Native Imported-Origin Extra Coverage
============================================================
  Running 1 tests with 20 workers...
                                                            
------------------------------------------------------------
Results: 1 passed, 0 failed, 0 skipped  (414ms)

Rust Native Scalar Error Tests
============================================================
  Running 4 tests with 20 workers...
                                                            
------------------------------------------------------------
Results: 4 passed, 0 failed, 0 skipped  (103ms)

Rust Closure Value Tests
============================================================
  Running 36 tests with 20 workers...
                                                            
------------------------------------------------------------
Results: 36 passed, 0 failed, 0 skipped  (1.75s)

Rust Closure Value Error Tests
============================================================
  Running 1 tests with 20 workers...
                                                            
------------------------------------------------------------
Results: 1 passed, 0 failed, 0 skipped  (9ms)

Rust Concurrency Tests
============================================================
  Running 10 tests with 20 workers...
                                                            
------------------------------------------------------------
Results: 10 passed, 0 failed, 0 skipped  (798ms)

Promoted Rust Concurrency Tests
============================================================
  Running 7 tests with 20 workers...
                                                            
------------------------------------------------------------
Results: 7 passed, 0 failed, 0 skipped  (465ms)

Rust Concurrency Error Tests
============================================================
  Running 1 tests with 20 workers...
                                                            
------------------------------------------------------------
Results: 1 passed, 0 failed, 0 skipped  (7ms)

Rust Toolchain and Artifact Lifecycle Tests
============================================================
  subprocess_utf8_boundary                      PASS  (31ms)
  rustc_invocation_records                      PASS  (59ms)
  pure_rust_has_no_c_dependency                 PASS  (25ms)
  native_emit_requires_bundle                   PASS  (2ms)
  native_c_link_driver_contract                 PASS  (497ms)
  native_debug_sanitizer_link                   PASS  (394ms)
  native_compile_and_link_failures              PASS  (621ms)
  missing_rustc                                 PASS  (10ms)
  failing_rustc                                 PASS  (2ms)
  failing_rustc_build                           PASS  (34ms)
  rust_generated_artifact_lifecycle             PASS  (34ms)
  rust_native_artifact_lifecycle                PASS  (1.04s)

------------------------------------------------------------
Results: 12 passed, 0 failed  (2.76s)

All tests passed!  (total: 30.17s)
