PASS tests/rgen/float_callable_conversions.sn -O0 default
PASS tests/rgen/float_callable_conversions.sn -O1 default
PASS tests/rgen/float_callable_conversions.sn -O2 default
PASS tests/rgen/float_callable_conversions.sn -O0 checked
PASS tests/rgen/float_callable_conversions.sn -O1 checked
PASS tests/rgen/float_callable_conversions.sn -O2 checked
PASS tests/rgen/float_callable_conversions.sn -O0 unchecked
PASS tests/rgen/float_callable_conversions.sn -O1 unchecked
PASS tests/rgen/float_callable_conversions.sn -O2 unchecked
PASS tests/rgen/float_mutation_precision.sn -O0 default
PASS tests/rgen/float_mutation_precision.sn -O1 default
PASS tests/rgen/float_mutation_precision.sn -O2 default
PASS tests/rgen/float_mutation_precision.sn -O0 checked
PASS tests/rgen/float_mutation_precision.sn -O1 checked
PASS tests/rgen/float_mutation_precision.sn -O2 checked
PASS tests/rgen/float_mutation_precision.sn -O0 unchecked
PASS tests/rgen/float_mutation_precision.sn -O1 unchecked
PASS tests/rgen/float_mutation_precision.sn -O2 unchecked
PASS tests/rgen/errors/closure_values_mixed_argument.sn -O0 default
PASS tests/rgen/errors/closure_values_mixed_argument.sn -O1 default
PASS tests/rgen/errors/closure_values_mixed_argument.sn -O2 default
PASS tests/rgen/errors/closure_values_mixed_argument.sn -O0 checked
PASS tests/rgen/errors/closure_values_mixed_argument.sn -O1 checked
PASS tests/rgen/errors/closure_values_mixed_argument.sn -O2 checked
PASS tests/rgen/errors/closure_values_mixed_argument.sn -O0 unchecked
PASS tests/rgen/errors/closure_values_mixed_argument.sn -O1 unchecked
PASS tests/rgen/errors/closure_values_mixed_argument.sn -O2 unchecked
