PASS tests/integration/test_interop_types.sn -O0 default
PASS tests/integration/test_interop_types.sn -O1 default
PASS tests/integration/test_interop_types.sn -O2 default
PASS tests/integration/test_interop_types.sn -O0 checked
PASS tests/integration/test_interop_types.sn -O1 checked
PASS tests/integration/test_interop_types.sn -O2 checked
PASS tests/integration/test_interop_types.sn -O0 unchecked
PASS tests/integration/test_interop_types.sn -O1 unchecked
PASS tests/integration/test_interop_types.sn -O2 unchecked
PASS tests/rgen/float_conversion_boundaries.sn -O0 default
PASS tests/rgen/float_conversion_boundaries.sn -O1 default
PASS tests/rgen/float_conversion_boundaries.sn -O2 default
PASS tests/rgen/float_conversion_boundaries.sn -O0 checked
PASS tests/rgen/float_conversion_boundaries.sn -O1 checked
PASS tests/rgen/float_conversion_boundaries.sn -O2 checked
PASS tests/rgen/float_conversion_boundaries.sn -O0 unchecked
PASS tests/rgen/float_conversion_boundaries.sn -O1 unchecked
PASS tests/rgen/float_conversion_boundaries.sn -O2 unchecked
PASS tests/rgen/float_callable_conversions.sn -O0 default
PASS tests/rgen/float_callable_conversions.sn -O1 default
PASS tests/rgen/float_callable_conversions.sn -O2 default
PASS tests/rgen/float_callable_conversions.sn -O0 checked
PASS tests/rgen/float_callable_conversions.sn -O1 checked
PASS tests/rgen/float_callable_conversions.sn -O2 checked
PASS tests/rgen/float_callable_conversions.sn -O0 unchecked
PASS tests/rgen/float_callable_conversions.sn -O1 unchecked
PASS tests/rgen/float_callable_conversions.sn -O2 unchecked
PASS tests/rgen/float_mutation_precision.sn -O0 default
PASS tests/rgen/float_mutation_precision.sn -O1 default
PASS tests/rgen/float_mutation_precision.sn -O2 default
PASS tests/rgen/float_mutation_precision.sn -O0 checked
PASS tests/rgen/float_mutation_precision.sn -O1 checked
PASS tests/rgen/float_mutation_precision.sn -O2 checked
PASS tests/rgen/float_mutation_precision.sn -O0 unchecked
PASS tests/rgen/float_mutation_precision.sn -O1 unchecked
PASS tests/rgen/float_mutation_precision.sn -O2 unchecked
PASS tests/rgen/by_value_parameter_direct_assignment_mixed_float_double.sn -O0 default
PASS tests/rgen/by_value_parameter_direct_assignment_mixed_float_double.sn -O1 default
PASS tests/rgen/by_value_parameter_direct_assignment_mixed_float_double.sn -O2 default
PASS tests/rgen/by_value_parameter_direct_assignment_mixed_float_double.sn -O0 checked
PASS tests/rgen/by_value_parameter_direct_assignment_mixed_float_double.sn -O1 checked
PASS tests/rgen/by_value_parameter_direct_assignment_mixed_float_double.sn -O2 checked
PASS tests/rgen/by_value_parameter_direct_assignment_mixed_float_double.sn -O0 unchecked
PASS tests/rgen/by_value_parameter_direct_assignment_mixed_float_double.sn -O1 unchecked
PASS tests/rgen/by_value_parameter_direct_assignment_mixed_float_double.sn -O2 unchecked
PASS tests/rgen/floating_as_ref_parameter_mixed_type_mutation.sn -O0 default
PASS tests/rgen/floating_as_ref_parameter_mixed_type_mutation.sn -O1 default
PASS tests/rgen/floating_as_ref_parameter_mixed_type_mutation.sn -O2 default
PASS tests/rgen/floating_as_ref_parameter_mixed_type_mutation.sn -O0 checked
PASS tests/rgen/floating_as_ref_parameter_mixed_type_mutation.sn -O1 checked
PASS tests/rgen/floating_as_ref_parameter_mixed_type_mutation.sn -O2 checked
PASS tests/rgen/floating_as_ref_parameter_mixed_type_mutation.sn -O0 unchecked
PASS tests/rgen/floating_as_ref_parameter_mixed_type_mutation.sn -O1 unchecked
PASS tests/rgen/floating_as_ref_parameter_mixed_type_mutation.sn -O2 unchecked
PASS tests/rgen/floating_compound_mixed_float_double.sn -O0 default
PASS tests/rgen/floating_compound_mixed_float_double.sn -O1 default
PASS tests/rgen/floating_compound_mixed_float_double.sn -O2 default
PASS tests/rgen/floating_compound_mixed_float_double.sn -O0 checked
PASS tests/rgen/floating_compound_mixed_float_double.sn -O1 checked
PASS tests/rgen/floating_compound_mixed_float_double.sn -O2 checked
PASS tests/rgen/floating_compound_mixed_float_double.sn -O0 unchecked
PASS tests/rgen/floating_compound_mixed_float_double.sn -O1 unchecked
PASS tests/rgen/floating_compound_mixed_float_double.sn -O2 unchecked
PASS tests/rgen/iterator_protocol_mixed_float_double_mutation.sn -O0 default
PASS tests/rgen/iterator_protocol_mixed_float_double_mutation.sn -O1 default
PASS tests/rgen/iterator_protocol_mixed_float_double_mutation.sn -O2 default
PASS tests/rgen/iterator_protocol_mixed_float_double_mutation.sn -O0 checked
PASS tests/rgen/iterator_protocol_mixed_float_double_mutation.sn -O1 checked
PASS tests/rgen/iterator_protocol_mixed_float_double_mutation.sn -O2 checked
PASS tests/rgen/iterator_protocol_mixed_float_double_mutation.sn -O0 unchecked
PASS tests/rgen/iterator_protocol_mixed_float_double_mutation.sn -O1 unchecked
PASS tests/rgen/iterator_protocol_mixed_float_double_mutation.sn -O2 unchecked
PASS tests/rgen/closure_values_mixed_argument.sn -O0 default
PASS tests/rgen/closure_values_mixed_argument.sn -O1 default
PASS tests/rgen/closure_values_mixed_argument.sn -O2 default
PASS tests/rgen/closure_values_mixed_argument.sn -O0 checked
PASS tests/rgen/closure_values_mixed_argument.sn -O1 checked
PASS tests/rgen/closure_values_mixed_argument.sn -O2 checked
PASS tests/rgen/closure_values_mixed_argument.sn -O0 unchecked
PASS tests/rgen/closure_values_mixed_argument.sn -O1 unchecked
PASS tests/rgen/closure_values_mixed_argument.sn -O2 unchecked
PASS tests/rust-native/scalar_float_conversions.sn -O0 default
PASS tests/rust-native/scalar_float_conversions.sn -O1 default
PASS tests/rust-native/scalar_float_conversions.sn -O2 default
PASS tests/rust-native/scalar_float_conversions.sn -O0 checked
PASS tests/rust-native/scalar_float_conversions.sn -O1 checked
PASS tests/rust-native/scalar_float_conversions.sn -O2 checked
PASS tests/rust-native/scalar_float_conversions.sn -O0 unchecked
PASS tests/rust-native/scalar_float_conversions.sn -O1 unchecked
PASS tests/rust-native/scalar_float_conversions.sn -O2 unchecked
PASS tests/integration/test_float_arithmetic.sn -O0 default
PASS tests/integration/test_float_arithmetic.sn -O1 default
PASS tests/integration/test_float_arithmetic.sn -O2 default
PASS tests/integration/test_float_arithmetic.sn -O0 checked
PASS tests/integration/test_float_arithmetic.sn -O1 checked
PASS tests/integration/test_float_arithmetic.sn -O2 checked
PASS tests/integration/test_float_arithmetic.sn -O0 unchecked
PASS tests/integration/test_float_arithmetic.sn -O1 unchecked
PASS tests/integration/test_float_arithmetic.sn -O2 unchecked
PASS tests/integration/test_op_double_arith.sn -O0 default
PASS tests/integration/test_op_double_arith.sn -O1 default
PASS tests/integration/test_op_double_arith.sn -O2 default
PASS tests/integration/test_op_double_arith.sn -O0 checked
PASS tests/integration/test_op_double_arith.sn -O1 checked
PASS tests/integration/test_op_double_arith.sn -O2 checked
PASS tests/integration/test_op_double_arith.sn -O0 unchecked
PASS tests/integration/test_op_double_arith.sn -O1 unchecked
PASS tests/integration/test_op_double_arith.sn -O2 unchecked
PASS tests/rust-float-sync/float_cell_conversions.sn -O0 default
PASS tests/rust-float-sync/float_cell_conversions.sn -O1 default
PASS tests/rust-float-sync/float_cell_conversions.sn -O2 default
PASS tests/rust-float-sync/float_cell_conversions.sn -O0 checked
PASS tests/rust-float-sync/float_cell_conversions.sn -O1 checked
PASS tests/rust-float-sync/float_cell_conversions.sn -O2 checked
PASS tests/rust-float-sync/float_cell_conversions.sn -O0 unchecked
PASS tests/rust-float-sync/float_cell_conversions.sn -O1 unchecked
PASS tests/rust-float-sync/float_cell_conversions.sn -O2 unchecked
