PASS tests/rgen/floating_array_equality_representation.sn -O0 default
PASS tests/rgen/floating_array_equality_representation.sn -O1 default
PASS tests/rgen/floating_array_equality_representation.sn -O2 default
PASS tests/rgen/floating_array_equality_representation.sn -O0 checked
PASS tests/rgen/floating_array_equality_representation.sn -O1 checked
PASS tests/rgen/floating_array_equality_representation.sn -O2 checked
PASS tests/rgen/floating_array_equality_representation.sn -O0 unchecked
PASS tests/rgen/floating_array_equality_representation.sn -O1 unchecked
PASS tests/rgen/floating_array_equality_representation.sn -O2 unchecked
PASS tests/rgen/floating_array_equality_mixed_width.sn -O0 default
PASS tests/rgen/floating_array_equality_mixed_width.sn -O1 default
PASS tests/rgen/floating_array_equality_mixed_width.sn -O2 default
PASS tests/rgen/floating_array_equality_mixed_width.sn -O0 checked
PASS tests/rgen/floating_array_equality_mixed_width.sn -O1 checked
PASS tests/rgen/floating_array_equality_mixed_width.sn -O2 checked
PASS tests/rgen/floating_array_equality_mixed_width.sn -O0 unchecked
PASS tests/rgen/floating_array_equality_mixed_width.sn -O1 unchecked
PASS tests/rgen/floating_array_equality_mixed_width.sn -O2 unchecked
PASS tests/rgen/floating_array_equality_contexts.sn -O0 default
PASS tests/rgen/floating_array_equality_contexts.sn -O1 default
PASS tests/rgen/floating_array_equality_contexts.sn -O2 default
PASS tests/rgen/floating_array_equality_contexts.sn -O0 checked
PASS tests/rgen/floating_array_equality_contexts.sn -O1 checked
PASS tests/rgen/floating_array_equality_contexts.sn -O2 checked
PASS tests/rgen/floating_array_equality_contexts.sn -O0 unchecked
PASS tests/rgen/floating_array_equality_contexts.sn -O1 unchecked
PASS tests/rgen/floating_array_equality_contexts.sn -O2 unchecked
PASS tests/rgen/floating_array_equality_mutation.sn -O0 default
PASS tests/rgen/floating_array_equality_mutation.sn -O1 default
PASS tests/rgen/floating_array_equality_mutation.sn -O2 default
PASS tests/rgen/floating_array_equality_mutation.sn -O0 checked
PASS tests/rgen/floating_array_equality_mutation.sn -O1 checked
PASS tests/rgen/floating_array_equality_mutation.sn -O2 checked
PASS tests/rgen/floating_array_equality_mutation.sn -O0 unchecked
PASS tests/rgen/floating_array_equality_mutation.sn -O1 unchecked
PASS tests/rgen/floating_array_equality_mutation.sn -O2 unchecked
