PASS tests/integration/test_generics_functions.sn -O0 default
PASS tests/integration/test_generics_functions.sn -O1 default
PASS tests/integration/test_generics_functions.sn -O2 default
PASS tests/integration/test_generics_functions.sn -O0 checked
PASS tests/integration/test_generics_functions.sn -O1 checked
PASS tests/integration/test_generics_functions.sn -O2 checked
PASS tests/integration/test_generics_functions.sn -O0 unchecked
PASS tests/integration/test_generics_functions.sn -O1 unchecked
PASS tests/integration/test_generics_functions.sn -O2 unchecked
PASS tests/rgen/indexed_string_return_generic.sn -O0 default
PASS tests/rgen/indexed_string_return_generic.sn -O1 default
PASS tests/rgen/indexed_string_return_generic.sn -O2 default
PASS tests/rgen/indexed_string_return_generic.sn -O0 checked
PASS tests/rgen/indexed_string_return_generic.sn -O1 checked
PASS tests/rgen/indexed_string_return_generic.sn -O2 checked
PASS tests/rgen/indexed_string_return_generic.sn -O0 unchecked
PASS tests/rgen/indexed_string_return_generic.sn -O1 unchecked
PASS tests/rgen/indexed_string_return_generic.sn -O2 unchecked
PASS tests/rgen/indexed_string_return_call_kinds.sn -O0 default
PASS tests/rgen/indexed_string_return_call_kinds.sn -O1 default
PASS tests/rgen/indexed_string_return_call_kinds.sn -O2 default
PASS tests/rgen/indexed_string_return_call_kinds.sn -O0 checked
PASS tests/rgen/indexed_string_return_call_kinds.sn -O1 checked
PASS tests/rgen/indexed_string_return_call_kinds.sn -O2 checked
PASS tests/rgen/indexed_string_return_call_kinds.sn -O0 unchecked
PASS tests/rgen/indexed_string_return_call_kinds.sn -O1 unchecked
PASS tests/rgen/indexed_string_return_call_kinds.sn -O2 unchecked
PASS tests/rgen/indexed_string_return_computed.sn -O0 default
PASS tests/rgen/indexed_string_return_computed.sn -O1 default
PASS tests/rgen/indexed_string_return_computed.sn -O2 default
PASS tests/rgen/indexed_string_return_computed.sn -O0 checked
PASS tests/rgen/indexed_string_return_computed.sn -O1 checked
PASS tests/rgen/indexed_string_return_computed.sn -O2 checked
PASS tests/rgen/indexed_string_return_computed.sn -O0 unchecked
PASS tests/rgen/indexed_string_return_computed.sn -O1 unchecked
PASS tests/rgen/indexed_string_return_computed.sn -O2 unchecked
PASS tests/rgen/indexed_string_return_order.sn -O0 default
PASS tests/rgen/indexed_string_return_order.sn -O1 default
PASS tests/rgen/indexed_string_return_order.sn -O2 default
PASS tests/rgen/indexed_string_return_order.sn -O0 checked
PASS tests/rgen/indexed_string_return_order.sn -O1 checked
PASS tests/rgen/indexed_string_return_order.sn -O2 checked
PASS tests/rgen/indexed_string_return_order.sn -O0 unchecked
PASS tests/rgen/indexed_string_return_order.sn -O1 unchecked
PASS tests/rgen/indexed_string_return_order.sn -O2 unchecked
PASS tests/rgen/indexed_string_initializer_hygiene.sn -O0 default
PASS tests/rgen/indexed_string_initializer_hygiene.sn -O1 default
PASS tests/rgen/indexed_string_initializer_hygiene.sn -O2 default
PASS tests/rgen/indexed_string_initializer_hygiene.sn -O0 checked
PASS tests/rgen/indexed_string_initializer_hygiene.sn -O1 checked
PASS tests/rgen/indexed_string_initializer_hygiene.sn -O2 checked
PASS tests/rgen/indexed_string_initializer_hygiene.sn -O0 unchecked
PASS tests/rgen/indexed_string_initializer_hygiene.sn -O1 unchecked
PASS tests/rgen/indexed_string_initializer_hygiene.sn -O2 unchecked
PASS: 54 independent indexed string C/Rust oracles, all modes and optimizations
