Compiler: /home/gavin/code/sindarin/sindarin-rust-parity-completion/bin/sn
Platform: Linux
Parallel: 20 workers

Rust Generation Tests
============================================================
  Running 311 tests with 20 workers...
                                                              as_ref_method_field_arguments                 FAIL (Rust emission error)  (3ms)
    [1mCompiling[0m tests/rgen/as_ref_method_field_arguments.sn...
      Parsing... [1;36mdone[0m
      Type checking...
      [1;31merror[0m: 'as ref' parameter requires a variable or field, not a literal or expression
        [1;34m-->[0m tests/rgen/as_ref_method_field_arguments.sn:22:1
              freeBump(direct.value)
            [1;31m^[0m
    
    
      [1;31merror[0m: 'as ref' parameter requires a variable or field, not a literal or expression
        [1;34m-->[0m tests/rgen/as_ref_method_field_arguments.sn:23:1
              freeBump(nested.box.value)
            [1;31m^[0m
    
      Type checking [1;31mfailed[0m
    
    [1;31mCompilation failed[0m: 2 errors
    
  by_value_scalar_parameter_assignment          FAIL (Rust code mismatch)  (35ms)
      line 3:
        expected: fn __sn_runtime_error_0(message: &'static str) -> ! {
        got:      #[derive(Clone, Default, PartialEq, Eq, PartialOrd, Ord, Hash)]
      line 4:
        expected:     eprintln!("{}", message);
        got:      struct SnString(Vec<u8>);
      line 5:
        expected:     std::process::exit(1);
        got:      
      line 6:
        expected: }
        got:      trait SnBytes {
      line 7:
        expected: 
        got:          fn sn_bytes(&self) -> &[u8];
      line 8:
        expected: fn __sn_checked_0<T>(value: Option<T>, message: &'static str) -> T {
        got:      }
      line 9:
        expected:     match value {
        got:      
      line 10:
        expected:         Some(value) => value,
        got:      impl SnBytes for SnString {
      line 11:
        expected:         None => __sn_runtime_error_0(message),
        got:          fn sn_bytes(&self) -> &[u8] { &self.0 }
      line 12:
        expected:     }
        got:      }
  by_value_scalar_parameter_assignment_unchecked FAIL (Rust code mismatch)  (21ms)
      line 3:
        expected: #[derive(Clone, Copy, Debug, PartialEq)]
        got:      #[derive(Clone, Default, PartialEq, Eq, PartialOrd, Ord, Hash)]
      line 4:
        expected: struct ScalarAssignments {
        got:      struct SnString(Vec<u8>);
      line 5:
        expected:     marker: i64,
        got:      
      line 6:
        expected: }
        got:      trait SnBytes {
      line 7:
        expected: 
        got:          fn sn_bytes(&self) -> &[u8];
      line 8:
        expected: impl ScalarAssignments {
        got:      }
      line 9:
        expected:     fn assignInt32(mut value: i32, untouched: i32) -> i32 {
        got:      
      line 10:
        expected:         { value = (value + 4); value };
        got:      impl SnBytes for SnString {
      line 11:
        expected:         return (value + untouched);
        got:          fn sn_bytes(&self) -> &[u8] { &self.0 }
      line 12:
        expected:     }
        got:      }
  checked_numeric_mutations                     FAIL (Rust code mismatch)  (62ms)
      line 3:
        expected: fn __sn_runtime_error_0(message: &'static str) -> ! {
        got:      #[derive(Clone, Default, PartialEq, Eq, PartialOrd, Ord, Hash)]
      line 4:
        expected:     eprintln!("{}", message);
        got:      struct SnString(Vec<u8>);
      line 5:
        expected:     std::process::exit(1);
        got:      
      line 6:
        expected: }
        got:      trait SnBytes {
      line 7:
        expected: 
        got:          fn sn_bytes(&self) -> &[u8];
      line 8:
        expected: fn __sn_checked_0<T>(value: Option<T>, message: &'static str) -> T {
        got:      }
      line 9:
        expected:     match value {
        got:      
      line 10:
        expected:         Some(value) => value,
        got:      impl SnBytes for SnString {
      line 11:
        expected:         None => __sn_runtime_error_0(message),
        got:          fn sn_bytes(&self) -> &[u8] { &self.0 }
      line 12:
        expected:     }
        got:      }
  checked_ref_parameter_byte_mutations          FAIL (Rust emission error)  (4ms)
    [1mCompiling[0m tests/rgen/checked_ref_parameter_byte_mutations.sn...
      Parsing... [1;36mdone[0m
      Type checking...
      [1;31merror[0m: 'as ref' parameter requires a variable or field, not a literal or expression
        [1;34m-->[0m tests/rgen/checked_ref_parameter_byte_mutations.sn:73:1
              freeBump(direct.value)
            [1;31m^[0m
    
    
      [1;31merror[0m: 'as ref' parameter requires a variable or field, not a literal or expression
        [1;34m-->[0m tests/rgen/checked_ref_parameter_byte_mutations.sn:74:1
              freeBump(nested.box.value)
            [1;31m^[0m
    
    
      [1;31merror[0m: 'as ref' parameter requires a variable or field, not a literal or expression
        [1;34m-->[0m interpolated:1:1
            struct Box =>
            [1;31m^[0m
    
    
      [1;31merror[0m: Invalid expression in interpolated string part
        [1;34m-->[0m tests/rgen/checked_ref_parameter_byte_mutations.sn:80:1
              println($"{freeOps(free_value)} {free_value} {RefOps.staticOps(static_value)} {static_value} {ops.instancePostfix(postfix_value)} {postfix_value} {forwardStatic(forwarded_static)} {forwarded_static} {forwardInstance(forwarded_instance)} {forwarded_instance} {maxBoundary(maximum)} {minBoundary(minimum)} {read(direct.value)} {direct.value} {nested.box.value}")
            [1;31m^^^^^^^^^^^^^^^^^^^^^^^^^^^^^^^^^^^^^^^^^^^^^^^^^^^^^^^^^^^^^^^^^^^^^^^^^^^^^^^^^^^^^^^^^^^^^^^^^^^^^^^^^^^^^^^^^^^^^^^^^^^^^^^^^^^^^^^^^^^^^^^^^^^^^^^^^^^^^^^^^^^^^^^^^^^^^^^^^^^^^^^^^^^^^^^^^^^^^^^^^^^^^^^^^^^^^^^^^^^^^^^^^^^^^^^^^^^^^^^^^^^^^^^^^^^^^^^^^^^^^^^^^^^^^^^^^^^^^^^^^^^^^^^^^^^^^^^^^^^^^^^^^^^^^^^^^^^^^^^^^^^^^^^^^^^^^^^^^^^^^^^^^^^^^^^[0m
    
    
      [1;31merror[0m: Invalid argument in function call
        [1;34m-->[0m tests/rgen/checked_ref_parameter_byte_mutations.sn:80:1
              println($"{freeOps(free_value)} {free_value} {RefOps.staticOps(static_value)} {static_value} {ops.instancePostfix(postfix_value)} {postfix_value} {forwardStatic(forwarded_static)} {forwarded_static} {forwardInstance(forwarded_instance)} {forwarded_instance} {maxBoundary(maximum)} {minBoundary(minimum)} {read(direct.value)} {direct.value} {nested.box.value}")
            [1;31m^[0m
    
      Type checking [1;31mfailed[0m
    
    [1;31mCompilation failed[0m: 5 errors
    
  checked_ref_parameter_int32_mutations         FAIL (Rust emission error)  (2ms)
    [1mCompiling[0m tests/rgen/checked_ref_parameter_int32_mutations.sn...
      Parsing... [1;36mdone[0m
      Type checking...
      [1;31merror[0m: 'as ref' parameter requires a variable or field, not a literal or expression
        [1;34m-->[0m tests/rgen/checked_ref_parameter_int32_mutations.sn:86:1
              freeBump(direct.value)
            [1;31m^[0m
    
    
      [1;31merror[0m: 'as ref' parameter requires a variable or field, not a literal or expression
        [1;34m-->[0m tests/rgen/checked_ref_parameter_int32_mutations.sn:87:1
              freeBump(nested.box.value)
            [1;31m^[0m
    
    
      [1;31merror[0m: 'as ref' parameter requires a variable or field, not a literal or expression
        [1;34m-->[0m tests/rgen/checked_ref_parameter_int32_mutations.sn:92:1
              println(read(direct.value))
            [1;31m^[0m
    
    
      [1;31merror[0m: Invalid argument in function call
        [1;34m-->[0m tests/rgen/checked_ref_parameter_int32_mutations.sn:92:1
              println(read(direct.value))
            [1;31m^[0m
    
      Type checking [1;31mfailed[0m
    
    [1;31mCompilation failed[0m: 4 errors
    
  checked_ref_parameter_uint32_mutations        FAIL (Rust emission error)  (6ms)
    [1mCompiling[0m tests/rgen/checked_ref_parameter_uint32_mutations.sn...
      Parsing... [1;36mdone[0m
      Type checking...
      [1;31merror[0m: 'as ref' parameter requires a variable or field, not a literal or expression
        [1;34m-->[0m tests/rgen/checked_ref_parameter_uint32_mutations.sn:78:1
              freeBump(direct.value)
            [1;31m^[0m
    
    
      [1;31merror[0m: 'as ref' parameter requires a variable or field, not a literal or expression
        [1;34m-->[0m tests/rgen/checked_ref_parameter_uint32_mutations.sn:79:1
              freeBump(nested.box.value)
            [1;31m^[0m
    
    
      [1;31merror[0m: 'as ref' parameter requires a variable or field, not a literal or expression
        [1;34m-->[0m interpolated:1:1
            struct Box =>
            [1;31m^[0m
    
    
      [1;31merror[0m: Invalid expression in interpolated string part
        [1;34m-->[0m tests/rgen/checked_ref_parameter_uint32_mutations.sn:85:1
              println($"{freeOps(free_value)} {free_value} {RefOps.staticOps(static_value)} {static_value} {ops.instancePostfix(postfix_value)} {postfix_value} {forwardStatic(forwarded_static)} {forwarded_static} {forwardInstance(forwarded_instance)} {forwarded_instance} {maxBoundary(maximum)} {minBoundary(minimum)} {assignAndRead(assigned)} {assigned} {read(direct.value)} {direct.value} {nested.box.value}")
            [1;31m^^^^^^^^^^^^^^^^^^^^^^^^^^^^^^^^^^^^^^^^^^^^^^^^^^^^^^^^^^^^^^^^^^^^^^^^^^^^^^^^^^^^^^^^^^^^^^^^^^^^^^^^^^^^^^^^^^^^^^^^^^^^^^^^^^^^^^^^^^^^^^^^^^^^^^^^^^^^^^^^^^^^^^^^^^^^^^^^^^^^^^^^^^^^^^^^^^^^^^^^^^^^^^^^^^^^^^^^^^^^^^^^^^^^^^^^^^^^^^^^^^^^^^^^^^^^^^^^^^^^^^^^^^^^^^^^^^^^^^^^^^^^^^^^^^^^^^^^^^^^^^^^^^^^^^^^^^^^^^^^^^^^^^^^^^^^^^^^^^^^^^^^^^^^^^^^^^^^^^^^^^^^^^^^^^^^^^^^^^^^^^^^^^^^[0m
    
    
      [1;31merror[0m: Invalid argument in function call
        [1;34m-->[0m tests/rgen/checked_ref_parameter_uint32_mutations.sn:85:1
              println($"{freeOps(free_value)} {free_value} {RefOps.staticOps(static_value)} {static_value} {ops.instancePostfix(postfix_value)} {postfix_value} {forwardStatic(forwarded_static)} {forwarded_static} {forwardInstance(forwarded_instance)} {forwarded_instance} {maxBoundary(maximum)} {minBoundary(minimum)} {assignAndRead(assigned)} {assigned} {read(direct.value)} {direct.value} {nested.box.value}")
            [1;31m^[0m
    
      Type checking [1;31mfailed[0m
    
    [1;31mCompilation failed[0m: 5 errors
    
  checked_ref_parameter_uint_mutations          FAIL (Rust emission error)  (6ms)
    [1mCompiling[0m tests/rgen/checked_ref_parameter_uint_mutations.sn...
      Parsing... [1;36mdone[0m
      Type checking...
      [1;31merror[0m: 'as ref' parameter requires a variable or field, not a literal or expression
        [1;34m-->[0m tests/rgen/checked_ref_parameter_uint_mutations.sn:82:1
              freeBump(direct.value)
            [1;31m^[0m
    
    
      [1;31merror[0m: 'as ref' parameter requires a variable or field, not a literal or expression
        [1;34m-->[0m tests/rgen/checked_ref_parameter_uint_mutations.sn:83:1
              freeBump(nested.box.value)
            [1;31m^[0m
    
    
      [1;31merror[0m: 'as ref' parameter requires a variable or field, not a literal or expression
        [1;34m-->[0m interpolated:1:1
            struct Box =>
            [1;31m^[0m
    
    
      [1;31merror[0m: Invalid expression in interpolated string part
        [1;34m-->[0m tests/rgen/checked_ref_parameter_uint_mutations.sn:89:1
              println($"{freeOps(free_value)} {free_value} {RefOps.staticOps(static_value)} {static_value} {ops.instancePostfix(postfix_value)} {postfix_value} {forwardStatic(forwarded_static)} {forwarded_static} {forwardInstance(forwarded_instance)} {forwarded_instance} {maxBoundary(maximum) == max} {maximum == max} {minBoundary(minimum)} {assignAndRead(assigned, high) == high} {assigned == high} {read(direct.value)} {direct.value} {nested.box.value}")
            [1;31m^^^^^^^^^^^^^^^^^^^^^^^^^^^^^^^^^^^^^^^^^^^^^^^^^^^^^^^^^^^^^^^^^^^^^^^^^^^^^^^^^^^^^^^^^^^^^^^^^^^^^^^^^^^^^^^^^^^^^^^^^^^^^^^^^^^^^^^^^^^^^^^^^^^^^^^^^^^^^^^^^^^^^^^^^^^^^^^^^^^^^^^^^^^^^^^^^^^^^^^^^^^^^^^^^^^^^^^^^^^^^^^^^^^^^^^^^^^^^^^^^^^^^^^^^^^^^^^^^^^^^^^^^^^^^^^^^^^^^^^^^^^^^^^^^^^^^^^^^^^^^^^^^^^^^^^^^^^^^^^^^^^^^^^^^^^^^^^^^^^^^^^^^^^^^^^^^^^^^^^^^^^^^^^^^^^^^^^^^^^^^^^^^^^^^^^^^^^^^^^^^^^^^^^^^^^^^^^^^^^^^^^^^^^^^^^^^^[0m
    
    
      [1;31merror[0m: Invalid argument in function call
        [1;34m-->[0m tests/rgen/checked_ref_parameter_uint_mutations.sn:89:1
              println($"{freeOps(free_value)} {free_value} {RefOps.staticOps(static_value)} {static_value} {ops.instancePostfix(postfix_value)} {postfix_value} {forwardStatic(forwarded_static)} {forwarded_static} {forwardInstance(forwarded_instance)} {forwarded_instance} {maxBoundary(maximum) == max} {maximum == max} {minBoundary(minimum)} {assignAndRead(assigned, high) == high} {assigned == high} {read(direct.value)} {direct.value} {nested.box.value}")
            [1;31m^[0m
    
      Type checking [1;31mfailed[0m
    
    [1;31mCompilation failed[0m: 5 errors
    
  floating_as_ref_parameter                     FAIL (Rust emission error)  (2ms)
    [1mCompiling[0m tests/rgen/floating_as_ref_parameter.sn...
      Parsing... [1;36mdone[0m
      Type checking...
      [1;31merror[0m: 'as ref' parameter requires a variable or field, not a literal or expression
        [1;34m-->[0m tests/rgen/floating_as_ref_parameter.sn:66:1
              println(writeDouble(freeValues.precise) == 2.25 && freeValues.precise == 4.5)
            [1;31m^[0m
    
    
      [1;31merror[0m: Invalid operand in binary expression
        [1;34m-->[0m tests/rgen/floating_as_ref_parameter.sn:66:1
              println(writeDouble(freeValues.precise) == 2.25 && freeValues.precise == 4.5)
            [1;31m^^[0m
    
    
      [1;31merror[0m: Invalid operand in binary expression
        [1;34m-->[0m tests/rgen/floating_as_ref_parameter.sn:66:1
              println(writeDouble(freeValues.precise) == 2.25 && freeValues.precise == 4.5)
            [1;31m^^[0m
    
    
      [1;31merror[0m: Invalid argument in function call
        [1;34m-->[0m tests/rgen/floating_as_ref_parameter.sn:66:1
              println(writeDouble(freeValues.precise) == 2.25 && freeValues.precise == 4.5)
            [1;31m^[0m
    
      Type checking [1;31mfailed[0m
    
    [1;31mCompilation failed[0m: 4 errors
    
  floating_ref_parameter_mutations              FAIL (Rust emission error)  (2ms)
    [1mCompiling[0m tests/rgen/floating_ref_parameter_mutations.sn...
      Parsing... [1;36mdone[0m
      Type checking...
      [1;31merror[0m: 'as ref' parameter requires a variable or field, not a literal or expression
        [1;34m-->[0m tests/rgen/floating_ref_parameter_mutations.sn:161:1
              var freeDoubleOk: bool = freeDouble(direct.precise, calls)
            [1;31m^[0m
    
    
      [1;31merror[0m: 'as ref' parameter requires a variable or field, not a literal or expression
        [1;34m-->[0m tests/rgen/floating_ref_parameter_mutations.sn:175:1
              var forwardFreeFloatOk: bool = forwardFreeFloat(forwarded.single, calls)
            [1;31m^[0m
    
      Type checking [1;31mfailed[0m
    
    [1;31mCompilation failed[0m: 2 errors
    
  import_pure_alias_value_struct                FAIL (Rust emission error)  (2ms)
    [1mCompiling[0m tests/rgen/import_pure_alias_value_struct.sn...
      Parsing... [1;36mdone[0m
      Type checking...
      [1;31merror[0m: Initializer type does not match variable type
        [1;34m-->[0m tests/rgen/import_pure_alias_value_struct.sn:4:1
              var point: geo.Point = geo.origin()
            [1;31m^^^^^[0m
    
      Type checking [1;31mfailed[0m
    
    [1;31mCompilation failed[0m: 1 error
    
  int_checked_overflow                          FAIL (Rust code mismatch)  (3ms)
      line 6:
        expected:     let mut overflow: i64 = (max).checked_add(one).expect("checked arithmetic failed");
        got:      }
      line 7:
        expected: }
        got:      
      line 8:
        expected: 
        got:      <missing>
  iterator_protocol_numeric_mutations           FAIL (Rust code mismatch)  (56ms)
      line 3:
        expected: fn __sn_index(length: usize, index: i64) -> usize {
        got:      #[derive(Clone, Default, PartialEq, Eq, PartialOrd, Ord, Hash)]
      line 4:
        expected:     let resolved = if index < 0 { length as i64 + index } else { index };
        got:      struct SnString(Vec<u8>);
      line 5:
        expected:     if resolved < 0 || resolved >= length as i64 {
        got:      
      line 6:
        expected:         panic!("array index out of bounds: {index}");
        got:      trait SnBytes {
      line 7:
        expected:     }
        got:          fn sn_bytes(&self) -> &[u8];
      line 8:
        expected:     resolved as usize
        got:      }
      line 9:
        expected: }
        got:      
      line 10:
        expected: 
        got:      impl SnBytes for SnString {
      line 11:
        expected: fn __sn_insert_index(length: usize, index: i64) -> usize {
        got:          fn sn_bytes(&self) -> &[u8] { &self.0 }
      line 12:
        expected:     let resolved = if index < 0 { length as i64 + index } else { index };
        got:      }
  long_checked_div_min_neg_one                  FAIL (Rust code mismatch)  (4ms)
      line 3:
        expected: fn main() {
        got:      fn __sn_runtime_error_0(message: &'static str) -> ! {
      line 4:
        expected:     let mut base: i64 = (-9223372036854775807);
        got:          eprintln!("{}", message);
      line 5:
        expected:     let mut one: i64 = 1;
        got:          std::process::exit(1);
      line 6:
        expected:     let mut minimum: i64 = (base).checked_sub(one).expect("checked arithmetic failed");
        got:      }
      line 7:
        expected:     let mut negative_one: i64 = (-1);
        got:      
      line 8:
        expected:     let mut overflow: i64 = (minimum).checked_div(negative_one).expect("checked arithmetic failed");
        got:      fn __sn_checked_0<T>(value: Option<T>, message: &'static str) -> T {
      line 9:
        expected: }
        got:          match value {
      line 10:
        expected: 
        got:              Some(value) => value,
      line 11:
        expected: <missing>
        got:              None => __sn_runtime_error_0(message),
      line 12:
        expected: <missing>
        got:          }
  resolved_callable_methods                     FAIL (Rust code mismatch)  (26ms)
      line 3:
        expected: fn __sn_runtime_error_0(message: &'static str) -> ! {
        got:      #[derive(Clone, Default, PartialEq, Eq, PartialOrd, Ord, Hash)]
      line 4:
        expected:     eprintln!("{}", message);
        got:      struct SnString(Vec<u8>);
      line 5:
        expected:     std::process::exit(1);
        got:      
      line 6:
        expected: }
        got:      trait SnBytes {
      line 7:
        expected: 
        got:          fn sn_bytes(&self) -> &[u8];
      line 8:
        expected: fn __sn_checked_0<T>(value: Option<T>, message: &'static str) -> T {
        got:      }
      line 9:
        expected:     match value {
        got:      
      line 10:
        expected:         Some(value) => value,
        got:      impl SnBytes for SnString {
      line 11:
        expected:         None => __sn_runtime_error_0(message),
        got:          fn sn_bytes(&self) -> &[u8] { &self.0 }
      line 12:
        expected:     }
        got:      }
  resolved_calls                                FAIL (Rust code mismatch)  (52ms)
      line 3:
        expected: fn __sn_index(length: usize, index: i64) -> usize {
        got:      #[derive(Clone, Default, PartialEq, Eq, PartialOrd, Ord, Hash)]
      line 4:
        expected:     let resolved = if index < 0 { length as i64 + index } else { index };
        got:      struct SnString(Vec<u8>);
      line 5:
        expected:     if resolved < 0 || resolved >= length as i64 {
        got:      
      line 6:
        expected:         panic!("array index out of bounds: {index}");
        got:      trait SnBytes {
      line 7:
        expected:     }
        got:          fn sn_bytes(&self) -> &[u8];
      line 8:
        expected:     resolved as usize
        got:      }
      line 9:
        expected: }
        got:      
      line 10:
        expected: 
        got:      impl SnBytes for SnString {
      line 11:
        expected: fn __sn_insert_index(length: usize, index: i64) -> usize {
        got:          fn sn_bytes(&self) -> &[u8] { &self.0 }
      line 12:
        expected:     let resolved = if index < 0 { length as i64 + index } else { index };
        got:      }

------------------------------------------------------------
Results: 295 passed, 16 failed, 0 skipped  (4.55s)

Rust Generation Error Tests
============================================================
  Running 182 tests with 20 workers...
                                                              closure_values_array_method_mutation          SKIP (promoted to Rust-private closure regression)
  closure_values_owned_mutation                 SKIP (promoted to Rust-private closure regression)
  closure_values_recursive                      SKIP (promoted to Rust-private closure regression)
  closure_values_shared_scalar                  SKIP (promoted to Rust-private closure regression)
  closure_values_snapshot_float_mutation        SKIP (promoted to Rust-private closure regression)
  generic_monomorphization_type_decl_boundary   FAIL (Rust emission should fail)  (4ms)
  instance_as_ref_method_computed_argument      FAIL (Rust emission should fail)  (6ms)
  primitive_conversion_string_to_int            FAIL (Rust emission should fail)  (6ms)
  resolved_operator_native_receiver             FAIL (wrong error)  (4ms)
    Expected: Error: Rust target currently supports only plain value struct 'NativePoint'
    Got:
      [1mCompiling[0m tests/rgen/errors/resolved_operator_native_receiver.sn...
        Parsing... [1;36mdone[0m
        Type checking... [1;36mdone[0m
        Code generation...Error: Rust target native function 'compare' body uses a closure, thread, array, or struct construct outside the native bridge
       [1;31mfailed[0m
      
      
  sizeof_opaque                                 FAIL (wrong error)  (4ms)
    Expected: Error: Rust target does not support type declarations yet
    Got:
      [1mCompiling[0m tests/rgen/errors/sizeof_opaque.sn...
        Parsing... [1;36mdone[0m
        Type checking... [1;36mdone[0m
        Code generation...Error: Rust target does not support sizeof for type 'opaque'; only fixed-size scalar or managed-handle types are supported
      Error: Rust target encountered an unsupported construct in function 'main'
       [1;31mfailed[0m
      
      
  statement_match_array_subject                 FAIL (wrong error)  (5ms)
    Expected: Error: Rust target supports statement match only with bool, integral, float, double, or string subjects
    Got:
      [1mCompiling[0m tests/rgen/errors/statement_match_array_subject.sn...
        Parsing... [1;36mdone[0m
        Type checking... [1;36mdone[0m
        Code generation...Error: Rust target supports statement match only with bool, char, integral, float, double, or string subjects
       [1;31mfailed[0m
      
      
  statement_match_function_subject              FAIL (wrong error)  (4ms)
    Expected: Error: Rust target supports statement match only with bool, integral, float, double, or string subjects
    Got:
      [1mCompiling[0m tests/rgen/errors/statement_match_function_subject.sn...
        Parsing... [1;36mdone[0m
        Type checking... [1;36mdone[0m
        Code generation...Error: Rust target supports statement match only with bool, char, integral, float, double, or string subjects
       [1;31mfailed[0m
      
      
  statement_match_owned_struct_subject          FAIL (wrong error)  (4ms)
    Expected: Error: Rust target supports statement match only with bool, integral, float, double, or string subjects
    Got:
      [1mCompiling[0m tests/rgen/errors/statement_match_owned_struct_subject.sn...
        Parsing... [1;36mdone[0m
        Type checking... [1;36mdone[0m
        Code generation...Error: Rust target supports statement match only with bool, char, integral, float, double, or string subjects
       [1;31mfailed[0m
      
      
  static_as_ref_method_literal_argument         FAIL (Rust emission should fail)  (7ms)
  static_as_ref_method_temporary_field_argument FAIL (Rust emission should fail)  (5ms)
  value_match_prefix_lexical_order              FAIL (wrong error)  (4ms)
    Expected: Error: Rust target does not support string method 'append' yet
    Got:
      [1mCompiling[0m tests/rgen/errors/value_match_prefix_lexical_order.sn...
        Parsing... [1;36mdone[0m
        Type checking... [1;36mdone[0m
        Code generation...Error: Rust target does not support array method 'contains' for array elements yet
      Error: Rust target encountered an unsupported construct in function 'main'
       [1;31mfailed[0m
      
      
  value_match_string_unsupported_call           FAIL (Rust emission should fail)  (5ms)
  value_match_unsupported_expr_prefix           FAIL (Rust emission should fail)  (6ms)

------------------------------------------------------------
Results: 164 passed, 13 failed, 5 skipped  (72ms)

Tagged Native Scalar/Source/Link Parity Tests
============================================================
  Running 6 tests with 20 workers...
                                                            
------------------------------------------------------------
Results: 6 passed, 0 failed, 0 skipped  (395ms)

Post-Tag Rust Native Extra Coverage
============================================================
  Running 12 tests with 20 workers...
                                                            
------------------------------------------------------------
Results: 12 passed, 0 failed, 0 skipped  (1.42s)

Rust Native Imported-Origin Extra Coverage
============================================================
  Running 1 tests with 20 workers...
                                                            
------------------------------------------------------------
Results: 1 passed, 0 failed, 0 skipped  (228ms)

Rust Native Scalar Error Tests
============================================================
  Running 2 tests with 20 workers...
                                                            
------------------------------------------------------------
Results: 2 passed, 0 failed, 0 skipped  (28ms)

Rust Closure Value Tests
============================================================
  Running 36 tests with 20 workers...
                                                            
------------------------------------------------------------
Results: 36 passed, 0 failed, 0 skipped  (617ms)

Rust Closure Value Error Tests
============================================================
  Running 1 tests with 20 workers...
                                                            
------------------------------------------------------------
Results: 1 passed, 0 failed, 0 skipped  (3ms)

Rust Toolchain and Artifact Lifecycle Tests
============================================================
  subprocess_utf8_boundary                      PASS  (19ms)
  rustc_invocation_records                      PASS  (27ms)
  pure_rust_has_no_c_dependency                 PASS  (4ms)
  native_emit_requires_bundle                   PASS  (2ms)
  native_c_link_driver_contract                 PASS  (274ms)
  native_debug_sanitizer_link                   PASS  (245ms)
  native_compile_and_link_failures              PASS  (361ms)
  missing_rustc                                 PASS  (2ms)
  failing_rustc                                 PASS  (2ms)
  failing_rustc_build                           PASS  (11ms)
  rust_generated_artifact_lifecycle             PASS  (11ms)
  rust_native_artifact_lifecycle                PASS  (599ms)

------------------------------------------------------------
Results: 12 passed, 0 failed  (1.56s)

Some tests failed!  (total: 8.88s)
