Compiler: /home/gavin/code/sindarin/sindarin-rust-thread-parity-2bf57b91/bin/sn
Platform: Linux
Parallel: 20 workers

Unit Tests
============================================================
Results: 1610 passed, 0 failed  (total: 17.80ms)
------------------------------------------------------------
Unit tests passed  (19ms)

Code Generation Tests
============================================================
  Running 107 tests with 20 workers...


------------------------------------------------------------
Results: 107 passed, 0 failed, 0 skipped  (1.07s)

Model Generation Tests
============================================================
  Running 79 tests with 20 workers...


------------------------------------------------------------
Results: 79 passed, 0 failed, 0 skipped  (132ms)

Integration Tests
============================================================
  Running 1141 tests with 20 workers...


------------------------------------------------------------
Results: 1141 passed, 0 failed, 0 skipped  (11.41s)

Integration Error Tests
============================================================
  Running 58 tests with 20 workers...


------------------------------------------------------------
Results: 58 passed, 0 failed, 0 skipped  (129ms)

Exploratory Tests
============================================================
  Running 224 tests with 20 workers...


------------------------------------------------------------
Results: 224 passed, 0 failed, 0 skipped  (10.80s)

Exploratory Error Tests
============================================================
  Running 11 tests with 20 workers...


------------------------------------------------------------
Results: 11 passed, 0 failed, 0 skipped  (9ms)

All tests passed!  (total: 23.56s)
