Compiler: /home/gavin/code/sindarin/sindarin-rust-thread-parity-2bf57b91/bin/sn
Platform: Linux
Parallel: 20 workers

Rust Generation Tests
============================================================
  Running 382 tests with 20 workers...


------------------------------------------------------------
Results: 382 passed, 0 failed, 0 skipped  (13.50s)

Rust Generation Error Tests
============================================================
  Running 158 tests with 20 workers...


------------------------------------------------------------
Results: 158 passed, 0 failed, 0 skipped  (172ms)

Tagged Native Scalar/Source/Link Parity Tests
============================================================
  Running 8 tests with 20 workers...


------------------------------------------------------------
Results: 8 passed, 0 failed, 0 skipped  (1.00s)

Post-Tag Rust Native Extra Coverage
============================================================
  Running 19 tests with 20 workers...


------------------------------------------------------------
Results: 19 passed, 0 failed, 0 skipped  (1.96s)

Rust Native Imported-Origin Extra Coverage
============================================================
  Running 1 tests with 20 workers...


------------------------------------------------------------
Results: 1 passed, 0 failed, 0 skipped  (239ms)

Rust Native Scalar Error Tests
============================================================
  Running 4 tests with 20 workers...


------------------------------------------------------------
Results: 4 passed, 0 failed, 0 skipped  (44ms)

Rust Closure Value Tests
============================================================
  Running 36 tests with 20 workers...


------------------------------------------------------------
Results: 36 passed, 0 failed, 0 skipped  (875ms)

Rust Closure Value Error Tests
============================================================
  Running 1 tests with 20 workers...


------------------------------------------------------------
Results: 1 passed, 0 failed, 0 skipped  (3ms)

Rust Concurrency Tests
============================================================
  Running 10 tests with 20 workers...


------------------------------------------------------------
Results: 10 passed, 0 failed, 0 skipped  (392ms)

Promoted Rust Concurrency Tests
============================================================
  Running 7 tests with 20 workers...


------------------------------------------------------------
Results: 7 passed, 0 failed, 0 skipped  (251ms)

Rust Concurrency Error Tests
============================================================
  Running 1 tests with 20 workers...


------------------------------------------------------------
Results: 1 passed, 0 failed, 0 skipped  (2ms)

Rust Toolchain and Artifact Lifecycle Tests
============================================================
  subprocess_utf8_boundary                      PASS  (26ms)
  rustc_invocation_records                      PASS  (29ms)
  pure_rust_has_no_c_dependency                 PASS  (8ms)
  native_emit_requires_bundle                   PASS  (2ms)
  native_c_link_driver_contract                 PASS  (363ms)
  native_debug_sanitizer_link                   PASS  (253ms)
  native_compile_and_link_failures              PASS  (339ms)
  missing_rustc                                 PASS  (2ms)
  failing_rustc                                 PASS  (2ms)
  failing_rustc_build                           PASS  (13ms)
  rust_generated_artifact_lifecycle             PASS  (12ms)
  rust_native_artifact_lifecycle                PASS  (656ms)

------------------------------------------------------------
Results: 12 passed, 0 failed  (1.71s)

All tests passed!  (total: 20.15s)
