PASS tests/rust-native/main_return_fallthrough.sn [] default -O0
PASS tests/rust-native/main_return_fallthrough.sn [] default -O1
PASS tests/rust-native/main_return_fallthrough.sn [] default -O2
PASS tests/rust-native/main_return_fallthrough.sn [] checked -O0
PASS tests/rust-native/main_return_fallthrough.sn [] checked -O1
PASS tests/rust-native/main_return_fallthrough.sn [] checked -O2
PASS tests/rust-native/main_return_fallthrough.sn [] unchecked -O0
PASS tests/rust-native/main_return_fallthrough.sn [] unchecked -O1
PASS tests/rust-native/main_return_fallthrough.sn [] unchecked -O2
PASS tests/rust-native/main_return_early.sn [] default -O0
PASS tests/rust-native/main_return_early.sn [] default -O1
PASS tests/rust-native/main_return_early.sn [] default -O2
PASS tests/rust-native/main_return_early.sn [] checked -O0
PASS tests/rust-native/main_return_early.sn [] checked -O1
PASS tests/rust-native/main_return_early.sn [] checked -O2
PASS tests/rust-native/main_return_early.sn [] unchecked -O0
PASS tests/rust-native/main_return_early.sn [] unchecked -O1
PASS tests/rust-native/main_return_early.sn [] unchecked -O2
PASS tests/rust-native/main_return_initializer.sn [] default -O0
PASS tests/rust-native/main_return_initializer.sn [] default -O1
PASS tests/rust-native/main_return_initializer.sn [] default -O2
PASS tests/rust-native/main_return_initializer.sn [] checked -O0
PASS tests/rust-native/main_return_initializer.sn [] checked -O1
PASS tests/rust-native/main_return_initializer.sn [] checked -O2
PASS tests/rust-native/main_return_initializer.sn [] unchecked -O0
PASS tests/rust-native/main_return_initializer.sn [] unchecked -O1
PASS tests/rust-native/main_return_initializer.sn [] unchecked -O2
PASS tests/rust-native/main_return_args.sn ['argument'] default -O0
PASS tests/rust-native/main_return_args.sn ['argument'] default -O1
PASS tests/rust-native/main_return_args.sn ['argument'] default -O2
PASS tests/rust-native/main_return_args.sn ['argument'] checked -O0
PASS tests/rust-native/main_return_args.sn ['argument'] checked -O1
PASS tests/rust-native/main_return_args.sn ['argument'] checked -O2
PASS tests/rust-native/main_return_args.sn ['argument'] unchecked -O0
PASS tests/rust-native/main_return_args.sn ['argument'] unchecked -O1
PASS tests/rust-native/main_return_args.sn ['argument'] unchecked -O2
PASS tests/rust-native/main_return_hygiene.sn [] default -O0
PASS tests/rust-native/main_return_hygiene.sn [] default -O1
PASS tests/rust-native/main_return_hygiene.sn [] default -O2
PASS tests/rust-native/main_return_hygiene.sn [] checked -O0
PASS tests/rust-native/main_return_hygiene.sn [] checked -O1
PASS tests/rust-native/main_return_hygiene.sn [] checked -O2
PASS tests/rust-native/main_return_hygiene.sn [] unchecked -O0
PASS tests/rust-native/main_return_hygiene.sn [] unchecked -O1
PASS tests/rust-native/main_return_hygiene.sn [] unchecked -O2
PASS tests/rust-native/main_return_integer_fallthrough.sn [] default -O0
PASS tests/rust-native/main_return_integer_fallthrough.sn [] default -O1
PASS tests/rust-native/main_return_integer_fallthrough.sn [] default -O2
PASS tests/rust-native/main_return_integer_fallthrough.sn [] checked -O0
PASS tests/rust-native/main_return_integer_fallthrough.sn [] checked -O1
PASS tests/rust-native/main_return_integer_fallthrough.sn [] checked -O2
PASS tests/rust-native/main_return_integer_fallthrough.sn [] unchecked -O0
PASS tests/rust-native/main_return_integer_fallthrough.sn [] unchecked -O1
PASS tests/rust-native/main_return_integer_fallthrough.sn [] unchecked -O2
PASS tests/rust-native/main_return_integer.sn ['0'] default -O0
PASS tests/rust-native/main_return_integer.sn ['0'] default -O1
PASS tests/rust-native/main_return_integer.sn ['0'] default -O2
PASS tests/rust-native/main_return_integer.sn ['0'] checked -O0
PASS tests/rust-native/main_return_integer.sn ['0'] checked -O1
PASS tests/rust-native/main_return_integer.sn ['0'] checked -O2
PASS tests/rust-native/main_return_integer.sn ['0'] unchecked -O0
PASS tests/rust-native/main_return_integer.sn ['0'] unchecked -O1
PASS tests/rust-native/main_return_integer.sn ['0'] unchecked -O2
PASS tests/rust-native/main_return_integer.sn ['1'] default -O0
PASS tests/rust-native/main_return_integer.sn ['1'] default -O1
PASS tests/rust-native/main_return_integer.sn ['1'] default -O2
PASS tests/rust-native/main_return_integer.sn ['1'] checked -O0
PASS tests/rust-native/main_return_integer.sn ['1'] checked -O1
PASS tests/rust-native/main_return_integer.sn ['1'] checked -O2
PASS tests/rust-native/main_return_integer.sn ['1'] unchecked -O0
PASS tests/rust-native/main_return_integer.sn ['1'] unchecked -O1
PASS tests/rust-native/main_return_integer.sn ['1'] unchecked -O2
PASS tests/rust-native/main_return_integer.sn ['255'] default -O0
PASS tests/rust-native/main_return_integer.sn ['255'] default -O1
PASS tests/rust-native/main_return_integer.sn ['255'] default -O2
PASS tests/rust-native/main_return_integer.sn ['255'] checked -O0
PASS tests/rust-native/main_return_integer.sn ['255'] checked -O1
PASS tests/rust-native/main_return_integer.sn ['255'] checked -O2
PASS tests/rust-native/main_return_integer.sn ['255'] unchecked -O0
PASS tests/rust-native/main_return_integer.sn ['255'] unchecked -O1
PASS tests/rust-native/main_return_integer.sn ['255'] unchecked -O2
PASS tests/rust-native/main_return_integer.sn ['256'] default -O0
PASS tests/rust-native/main_return_integer.sn ['256'] default -O1
PASS tests/rust-native/main_return_integer.sn ['256'] default -O2
PASS tests/rust-native/main_return_integer.sn ['256'] checked -O0
PASS tests/rust-native/main_return_integer.sn ['256'] checked -O1
PASS tests/rust-native/main_return_integer.sn ['256'] checked -O2
PASS tests/rust-native/main_return_integer.sn ['256'] unchecked -O0
PASS tests/rust-native/main_return_integer.sn ['256'] unchecked -O1
PASS tests/rust-native/main_return_integer.sn ['256'] unchecked -O2
PASS tests/rust-native/main_return_integer.sn ['-1'] default -O0
PASS tests/rust-native/main_return_integer.sn ['-1'] default -O1
PASS tests/rust-native/main_return_integer.sn ['-1'] default -O2
PASS tests/rust-native/main_return_integer.sn ['-1'] checked -O0
PASS tests/rust-native/main_return_integer.sn ['-1'] checked -O1
PASS tests/rust-native/main_return_integer.sn ['-1'] checked -O2
PASS tests/rust-native/main_return_integer.sn ['-1'] unchecked -O0
PASS tests/rust-native/main_return_integer.sn ['-1'] unchecked -O1
PASS tests/rust-native/main_return_integer.sn ['-1'] unchecked -O2
PASS tests/rust-native/main_return_integer.sn ['4294967297'] default -O0
PASS tests/rust-native/main_return_integer.sn ['4294967297'] default -O1
PASS tests/rust-native/main_return_integer.sn ['4294967297'] default -O2
PASS tests/rust-native/main_return_integer.sn ['4294967297'] checked -O0
PASS tests/rust-native/main_return_integer.sn ['4294967297'] checked -O1
PASS tests/rust-native/main_return_integer.sn ['4294967297'] checked -O2
PASS tests/rust-native/main_return_integer.sn ['4294967297'] unchecked -O0
PASS tests/rust-native/main_return_integer.sn ['4294967297'] unchecked -O1
PASS tests/rust-native/main_return_integer.sn ['4294967297'] unchecked -O2
PASS: 108 normal-return oracles, 432 executions; exact status, streams and CRT callback order
