Compiler: /home/gavin/code/sindarin/sindarin-rust-thread-parity-2bf57b91/bin/sn
Platform: Linux
Parallel: 20 workers

Unit Tests
============================================================
Results: 1610 passed, 0 failed  (total: 18.14ms)
------------------------------------------------------------
Unit tests passed  (20ms)

Code Generation Tests
============================================================
  Running 107 tests with 20 workers...


------------------------------------------------------------
Results: 107 passed, 0 failed, 0 skipped  (1.76s)

Model Generation Tests
============================================================
  Running 79 tests with 20 workers...


------------------------------------------------------------
Results: 79 passed, 0 failed, 0 skipped  (139ms)

Integration Tests
============================================================
  Running 1141 tests with 20 workers...


------------------------------------------------------------
Results: 1141 passed, 0 failed, 0 skipped  (16.62s)

Integration Error Tests
============================================================
  Running 58 tests with 20 workers...


------------------------------------------------------------
Results: 58 passed, 0 failed, 0 skipped  (118ms)

Exploratory Tests
============================================================
  Running 224 tests with 20 workers...


------------------------------------------------------------
Results: 224 passed, 0 failed, 0 skipped  (15.84s)

Exploratory Error Tests
============================================================
  Running 11 tests with 20 workers...


------------------------------------------------------------
Results: 11 passed, 0 failed, 0 skipped  (29ms)

All tests passed!  (total: 34.53s)
