PASS tests/integration/test_match_return_arms.sn
PASS tests/exploratory/test_match_primitives.sn
PASS tests/exploratory/test_match_native.sn
PASS tests/exploratory/test_match_memory.sn
PASS tests/rgen/value_match_char_result.sn
PASS tests/rgen/value_match_multiline_body.sn
PASS tests/rgen/value_match_bool_multiline_body.sn
PASS tests/rgen/value_match_string_multiline_body.sn
PASS tests/rgen/value_match_float_multiline_body.sn
PASS tests/rgen/value_match_break_prefix.sn
PASS tests/rgen/value_match_continue_prefix.sn
PASS tests/rgen/match_control_char_bytes.sn
PASS tests/rgen/match_control_char_subject.sn
PASS tests/rgen/match_control_probes/char_subject.sn.raw
PASS tests/rgen/match_control_callable_returns.sn
PASS tests/rgen/match_control_bool_returns.sn
PASS tests/rgen/match_control_arm_scopes.sn
PASS tests/rgen/match_control_local_atomic_lock.sn
PASS tests/rgen/match_control_char_places.sn
PASS tests/rgen/match_control_captured_char_array.sn
