Compiler: /home/gavin/code/sindarin/sindarin-rust-thread-parity-2bf57b91/.sn/rust-corpus-compiler
Platform: Linux
Parallel: 20 workers

Integration Tests
============================================================
  Running 1141 tests with 20 workers...
                                                              test_array_literal_arg_leak                   FAIL (compile error)  (141ms)
    [1mCompiling[0m tests/integration/test_array_literal_arg_leak.sn...
      Parsing... [1;36mdone[0m
      Type checking... [1;36mdone[0m
      Code generation...Error: Rust target native function 'tracker_create' has unsupported result type 'struct'; the native bridge supports owned strings and byte arrays plus raw pointers, void, bool, char, int, long, int32, uint, uint32, byte, float, and double
     [1;31mfailed[0m
    
    
  test_as_ref_array_return                      FAIL (compile error)  (141ms)
    [1mCompiling[0m tests/integration/test_as_ref_array_return.sn...
      Parsing... [1;36mdone[0m
      Type checking... [1;36mdone[0m
      Code generation...Error: Rust target currently supports only plain value struct 'Item'
     [1;31mfailed[0m
    
    
  test_as_ref_for_in_self_return                FAIL (compile error)  (97ms)
    [1mCompiling[0m tests/integration/test_as_ref_for_in_self_return.sn...
      Parsing... [1;36mdone[0m
      Type checking... [1;36mdone[0m
      Code generation...Error: Rust target currently supports only plain value struct 'Entry'
     [1;31mfailed[0m
    
    
  test_as_ref_on_ref_struct_param               FAIL (compile error)  (266ms)
    [1mCompiling[0m tests/integration/test_as_ref_on_ref_struct_param.sn...
      Parsing... [1;36mdone[0m
      Type checking... [1;36mdone[0m
      Code generation... [1;36mdone[0m
      Linking...warning: type `__sn_concurrency0_Field` should have an upper camel case name
     --> .sn/build/rust/test_as_ref_on_ref_struct_param_1506065/main.rs:3:8
      |
    3 | struct __sn_concurrency0_Field<T>(std::sync::Arc<std::sync::Mutex<T>>);
      |        ^^^^^^^^^^^^^^^^^^^^^^^ help: convert the identifier to upper camel case: `SnConcurrency0Field`
      |
      = note: `#[warn(non_camel_case_types)]` (part of `#[warn(nonstandard_style)]`) on by default
    
    warning: type `__sn_concurrency0_Join` should have an upper camel case name
      --> .sn/build/rust/test_as_ref_on_ref_struct_param_1506065/main.rs:20:8
       |
    20 | struct __sn_concurrency0_Join<T>(Option<std::thread::JoinHandle<T>>);
       |        ^^^^^^^^^^^^^^^^^^^^^^ help: convert the identifier to upper camel case: `SnConcurrency0Join`
    
    warning: type `__sn_concurrency0_Capture` should have an upper camel case name
      --> .sn/build/rust/test_as_ref_on_ref_struct_param_1506065/main.rs:43:8
       |
    43 | struct __sn_concurrency0_Capture<T>(std::sync::Mutex<T>, std::sync::Mutex<()>);
       |        ^^^^^^^^^^^^^^^^^^^^^^^^^ help: convert the identifier to upper camel case: `SnConcurrency0Capture`
    
    warning: unused macro definition: `print`
       --> .sn/build/rust/test_as_ref_on_ref_struct_param_1506065/main.rs:138:14
        |
    138 | macro_rules! print {
        |              ^^^^^
        |
        = note: `#[warn(unused_macros)]` (part of `#[warn(unused)]`) on by default
    
    warning: unused macro definition: `println`
       --> .sn/build/rust/test_as_ref_on_ref_struct_param_1506065/main.rs:142:14
        |
    142 | macro_rules! println {
        |              ^^^^^^^
    
    warning: unreachable statement
       --> .sn/build/rust/test_as_ref_on_ref_struct_param_1506065/main.rs:465:9
        |
    464 |         return 0;
        |         -------- any code following this expression is unreachable
    465 |         return 0;
        |         ^^^^^^^^^ unreachable statement
        |
        = note: `#[warn(unreachable_code)]` (part of `#[warn(unused)]`) on by default
    
    error[E0382]: use of moved value: `w`
       --> .sn/build/rust/test_as_ref_on_ref_struct_param_1506065/main.rs:437:16
  test_as_ref_params                            FAIL (compile error)  (115ms)
    [1mCompiling[0m tests/integration/test_as_ref_params.sn...
      Parsing... [1;36mdone[0m
      Type checking... [1;36mdone[0m
      Code generation...Error: Rust target does not support a parameter of function 'next_char'
     [1;31mfailed[0m
    
    
  test_as_ref_queue_drain                       FAIL (compile error)  (218ms)
    [1mCompiling[0m tests/integration/test_as_ref_queue_drain.sn...
      Parsing... [1;36mdone[0m
      Type checking... [1;36mdone[0m
      Code generation...Error: Rust target currently supports only plain value struct 'Item'
     [1;31mfailed[0m
    
    
  test_as_ref_return_passthrough                FAIL (compile error)  (122ms)
    [1mCompiling[0m tests/integration/test_as_ref_return_passthrough.sn...
      Parsing... [1;36mdone[0m
      Type checking... [1;36mdone[0m
      Code generation...Error: Rust target currently supports only plain value struct 'Item'
     [1;31mfailed[0m
    
    
  test_as_ref_struct_lit_owned_field            FAIL (compile error)  (129ms)
    [1mCompiling[0m tests/integration/test_as_ref_struct_lit_owned_field.sn...
      Parsing... [1;36mdone[0m
      Type checking... [1;36mdone[0m
      Code generation...Error: Rust target currently supports only plain value struct 'Inner'
     [1;31mfailed[0m
    
    
  test_as_ref_struct_param                      FAIL (compile error)  (155ms)
    [1mCompiling[0m tests/integration/test_as_ref_struct_param.sn...
      Parsing... [1;36mdone[0m
      Type checking... [1;36mdone[0m
      Code generation...Error: Rust target does not support a parameter of function 'increment'
     [1;31mfailed[0m
    
    
  test_buffer_unwrap                            FAIL (compile error)  (176ms)
    [1mCompiling[0m tests/integration/test_buffer_unwrap.sn...
      Parsing... [1;36mdone[0m
      Type checking... [1;36mdone[0m
      Code generation...Error: Rust target encountered an unsupported construct in function 'test_pointer_slice_codegen'
     [1;31mfailed[0m
    
    
  test_builtin_interfaces                       FAIL (compile error)  (125ms)
    [1mCompiling[0m tests/integration/test_builtin_interfaces.sn...
      Parsing... [1;36mdone[0m
      Type checking... [1;36mdone[0m
      Code generation...Error: Rust target does not support a parameter of function 'acceptComparable'
     [1;31mfailed[0m
    
    
  test_byte_encoding                            FAIL (compile error)  (184ms)
    [1mCompiling[0m tests/integration/test_byte_encoding.sn...
      Parsing... [1;36mdone[0m
      Type checking... [1;36mdone[0m
      Code generation...Error: Rust target does not support array method 'toHex' yet
    Error: Rust target encountered an unsupported construct in function 'main'
     [1;31mfailed[0m
    
    
  test_char_methods                             FAIL (compile error)  (166ms)
    [1mCompiling[0m tests/integration/test_char_methods.sn...
      Parsing... [1;36mdone[0m
      Type checking... [1;36mdone[0m
      Code generation...Error: Rust target encountered an unsupported construct in function 'main'
     [1;31mfailed[0m
    
    
  test_composite_borrow_mutation                FAIL (compile error)  (154ms)
    [1mCompiling[0m tests/integration/test_composite_borrow_mutation.sn...
      Parsing... [1;36mdone[0m
      Type checking... [1;36mdone[0m
      Code generation...Error: Rust target does not support a parameter of function 'addIfNew'
     [1;31mfailed[0m
    
    
  test_composite_temp_arg                       FAIL (compile error)  (138ms)
    [1mCompiling[0m tests/integration/test_composite_temp_arg.sn...
      Parsing... [1;36mdone[0m
      Type checking... [1;36mdone[0m
      Code generation...Error: Rust target does not support a parameter of function 'checkItem'
     [1;31mfailed[0m
    
    
  test_compound_assignment                      FAIL (compile error)  (95ms)
    [1mCompiling[0m tests/integration/test_compound_assignment.sn...
      Parsing... [1;36mdone[0m
      Type checking... [1;36mdone[0m
      Code generation...Error: Rust target currently supports numeric compound assignment only between same-type integral operands
    Error: Rust target encountered an unsupported construct in function 'main'
     [1;31mfailed[0m
    
    
  test_constrained_generics                     FAIL (compile error)  (116ms)
    [1mCompiling[0m tests/integration/test_constrained_generics.sn...
      Parsing... [1;36mdone[0m
      Type checking... [1;36mdone[0m
      Code generation...Error: Rust target does not support a parameter of method 'Player.compare'
     [1;31mfailed[0m
    
    
  test_exit                                     FAIL (compile error)  (227ms)
    [1mCompiling[0m tests/integration/test_exit.sn...
      Parsing... [1;36mdone[0m
      Type checking... [1;36mdone[0m
      Code generation...Error: Rust target encountered an unsupported construct in function 'main'
     [1;31mfailed[0m
    
    
  test_generic_multi_param_iter                 FAIL (compile error)  (62ms)
    [1mCompiling[0m tests/integration/test_generic_multi_param_iter.sn...
      Parsing... [1;36mdone[0m
      Type checking... [1;36mdone[0m
      Code generation...Error: Rust target supports iterator-protocol foreach only for heap-free scalar elements; got 'struct'
    Error: Rust target encountered an unsupported construct in function 'main'
     [1;31mfailed[0m
    
    
  test_generic_static_call                      FAIL (compile error)  (66ms)
    [1mCompiling[0m tests/integration/test_generic_static_call.sn...
      Parsing... [1;36mdone[0m
      Type checking... [1;36mdone[0m
      Code generation...Error: Rust target does not support a parameter of static method 'Container_Tag.of'
     [1;31mfailed[0m
    
    
  test_generics_functions                       FAIL (compile error)  (55ms)
    [1mCompiling[0m tests/integration/test_generics_functions.sn...
      Parsing... [1;36mdone[0m
      Type checking... [1;36mdone[0m
      Code generation...Error: Rust target does not support method calls on closure parameters yet
     [1;31mfailed[0m
    
    
  test_generics_nested_inference                FAIL (compile error)  (71ms)
    [1mCompiling[0m tests/integration/test_generics_nested_inference.sn...
      Parsing... [1;36mdone[0m
      Type checking... [1;36mdone[0m
      Code generation...Error: Rust target does not support a parameter of function 'unwrap_str'
     [1;31mfailed[0m
    
    
  test_import_fn_field_chained                  FAIL (compile error)  (75ms)
    [1mCompiling[0m tests/integration/test_import_fn_field_chained.sn...
      Parsing... [1;36mdone[0m
      Type checking... [1;36mdone[0m
      Code generation...Error: Rust target does not support incompatible function-value signatures yet
     [1;31mfailed[0m
    
    
  test_interfaces                               FAIL (compile error)  (67ms)
    [1mCompiling[0m tests/integration/test_interfaces.sn...
      Parsing... [1;36mdone[0m
      Type checking... [1;36mdone[0m
      Code generation...Error: Rust target does not support a parameter of method 'Player.compare'
     [1;31mfailed[0m
    
    
  test_interop_callback                         FAIL (compile error)  (67ms)
    [1mCompiling[0m tests/integration/test_interop_callback.sn...
      Parsing... [1;36mdone[0m
      Type checking... [1;36mdone[0m
      Code generation...Error: Rust target native function 'invoke_callback' parameter 'cb' must be an unsynchronized string, default-qualified raw pointer, or default/as-ref native scalar
     [1;31mfailed[0m
    
    
  test_interop_comprehensive                    FAIL (compile error)  (65ms)
    [1mCompiling[0m tests/integration/test_interop_comprehensive.sn...
      Parsing... [1;36mdone[0m
      Type checking... [1;36mdone[0m
      Code generation...Error: Rust target native function 'test_printf' cannot be variadic yet
     [1;31mfailed[0m
    
    
  test_interop_edge_cases                       FAIL (compile error)  (73ms)
    [1mCompiling[0m tests/integration/test_interop_edge_cases.sn...
      Parsing... [1;36mdone[0m
      Type checking... [1;36mdone[0m
      Code generation...Error: Rust target native function 'invoke_ptr_callback' parameter 'cb' must be an unsynchronized string, default-qualified raw pointer, or default/as-ref native scalar
     [1;31mfailed[0m
    
    
  test_interop_types                            FAIL (compile error)  (179ms)
    [1mCompiling[0m tests/integration/test_interop_types.sn...
      Parsing... [1;36mdone[0m
      Type checking... [1;36mdone[0m
      Code generation... [1;36mdone[0m
      Linking...warning: unused macro definition: `print`
      --> .sn/build/rust/test_interop_types_1533090/main.rs:84:14
       |
    84 | macro_rules! print {
       |              ^^^^^
       |
       = note: `#[warn(unused_macros)]` (part of `#[warn(unused)]`) on by default
    
    warning: unused macro definition: `println`
      --> .sn/build/rust/test_interop_types_1533090/main.rs:88:14
       |
    88 | macro_rules! println {
       |              ^^^^^^^
    
    error[E0308]: mismatched types
       --> .sn/build/rust/test_interop_types_1533090/main.rs:387:25
        |
    387 |     let mut fmul: f32 = (((fa) as f64) * ((2.0) as f64));
        |                   ---   ^^^^^^^^^^^^^^^^^^^^^^^^^^^^^^^^ expected `f32`, found `f64`
        |                   |
        |                   expected due to this
    
    error: aborting due to 1 previous error; 2 warnings emitted
    
    For more information about this error, try `rustc --explain E0308`.
    Error: rustc failed to build generated source
     [1;31mfailed[0m
    
    [1;31mCompilation failed[0m
    
  test_iterator_protocol                        FAIL (compile error)  (70ms)
    [1mCompiling[0m tests/integration/test_iterator_protocol.sn...
      Parsing... [1;36mdone[0m
      Type checking... [1;36mdone[0m
      Code generation...Error: Rust target supports iterator-protocol foreach only for heap-free scalar elements; got 'struct'
    Error: Rust target encountered an unsupported construct in function 'main'
     [1;31mfailed[0m
    
    
  test_lambda_capture_outlives_scope            FAIL (compile error)  (61ms)
    [1mCompiling[0m tests/integration/test_lambda_capture_outlives_scope.sn...
      Parsing... [1;36mdone[0m
      Type checking... [1;36mdone[0m
      Code generation...Error: Rust target does not support this closure capture type yet
     [1;31mfailed[0m
    
    
  test_lambda_capture_struct                    FAIL (compile error)  (50ms)
    [1mCompiling[0m tests/integration/test_lambda_capture_struct.sn...
      Parsing... [1;36mdone[0m
      Type checking... [1;36mdone[0m
      Code generation...Error: Rust target does not support mutable access to snapshot closure captures yet
     [1;31mfailed[0m
    
    
  test_lambda_val_struct_str_field              FAIL (compile error)  (69ms)
    [1mCompiling[0m tests/integration/test_lambda_val_struct_str_field.sn...
      Parsing... [1;36mdone[0m
      Type checking... [1;36mdone[0m
      Code generation...Error: Rust target does not support incompatible function-value signatures yet
     [1;31mfailed[0m
    
    
  test_lambda_val_struct_str_interp             FAIL (compile error)  (68ms)
    [1mCompiling[0m tests/integration/test_lambda_val_struct_str_interp.sn...
      Parsing... [1;36mdone[0m
      Type checking... [1;36mdone[0m
      Code generation...Error: Rust target does not support incompatible function-value signatures yet
     [1;31mfailed[0m
    
    
  test_match_return_arms                        FAIL (compile error)  (51ms)
    [1mCompiling[0m tests/integration/test_match_return_arms.sn...
      Parsing... [1;36mdone[0m
      Type checking... [1;36mdone[0m
      Code generation...Error: Rust target supports value match results only for exact str or heap-free scalar bool, int, long, int32, uint32, uint, byte, float, or double
     [1;31mfailed[0m
    
    
  test_module_array_swap_leak                   FAIL (compile error)  (68ms)
    [1mCompiling[0m tests/integration/test_module_array_swap_leak.sn...
      Parsing... [1;36mdone[0m
      Type checking... [1;36mdone[0m
      Code generation...Error: Rust target native function 'tag_create' has unsupported result type 'struct'; the native bridge supports owned strings and byte arrays plus raw pointers, void, bool, char, int, long, int32, uint, uint32, byte, float, and double
     [1;31mfailed[0m
    
    
  test_native_callback_typedef                  FAIL (compile error)  (52ms)
    [1mCompiling[0m tests/integration/test_native_callback_typedef.sn...
      Parsing... [1;36mdone[0m
      Type checking... [1;36mdone[0m
      Code generation...Error: Rust target native function 'call_with_value' parameter 'cb' must be an unsynchronized string, default-qualified raw pointer, or default/as-ref native scalar
     [1;31mfailed[0m
    
    
  test_native_ref_field_pass_chain              FAIL (compile error)  (49ms)
    [1mCompiling[0m tests/integration/test_native_ref_field_pass_chain.sn...
      Parsing... [1;36mdone[0m
      Type checking... [1;36mdone[0m
      Code generation...Error: Rust target currently supports only plain value struct 'Tensor'
     [1;31mfailed[0m
    
    
  test_native_ref_field_return                  FAIL (compile error)  (58ms)
    [1mCompiling[0m tests/integration/test_native_ref_field_return.sn...
      Parsing... [1;36mdone[0m
      Type checking... [1;36mdone[0m
      Code generation...Error: Rust target currently supports only plain value struct 'Handle'
     [1;31mfailed[0m
    
    
  test_native_ref_method_forward_twice          FAIL (compile error)  (73ms)
    [1mCompiling[0m tests/integration/test_native_ref_method_forward_twice.sn...
      Parsing... [1;36mdone[0m
      Type checking... [1;36mdone[0m
      Code generation...Error: Rust target currently supports only plain value struct 'Handle'
     [1;31mfailed[0m
    
    
  test_native_ref_self_assign                   FAIL (compile error)  (52ms)
    [1mCompiling[0m tests/integration/test_native_ref_self_assign.sn...
      Parsing... [1;36mdone[0m
      Type checking... [1;36mdone[0m
      Code generation...Error: Rust target native function 'tensor_create' has unsupported result type 'struct'; the native bridge supports owned strings and byte arrays plus raw pointers, void, bool, char, int, long, int32, uint, uint32, byte, float, and double
     [1;31mfailed[0m
    
    
  test_native_resource_lifecycle                FAIL (compile error)  (45ms)
    [1mCompiling[0m tests/integration/test_native_resource_lifecycle.sn...
      Parsing... [1;36mdone[0m
      Type checking... [1;36mdone[0m
      Code generation...Error: Rust target native function 'mock_listener_bind' has unsupported result type 'struct'; the native bridge supports owned strings and byte arrays plus raw pointers, void, bool, char, int, long, int32, uint, uint32, byte, float, and double
     [1;31mfailed[0m
    
    
  test_native_struct_ref_array_pass             FAIL (compile error)  (63ms)
    [1mCompiling[0m tests/integration/test_native_struct_ref_array_pass.sn...
      Parsing... [1;36mdone[0m
      Type checking... [1;36mdone[0m
      Code generation...Error: Rust target native function 'verify_widget_array' parameter 'widgets' must be an unsynchronized string, default-qualified raw pointer, or default/as-ref native scalar
     [1;31mfailed[0m
    
    
  test_native_struct_ref_loop_cleanup           FAIL (compile error)  (73ms)
    [1mCompiling[0m tests/integration/test_native_struct_ref_loop_cleanup.sn...
      Parsing... [1;36mdone[0m
      Type checking... [1;36mdone[0m
      Code generation...Error: Rust target native function 'handle_create' has unsupported result type 'struct'; the native bridge supports owned strings and byte arrays plus raw pointers, void, bool, char, int, long, int32, uint, uint32, byte, float, and double
     [1;31mfailed[0m
    
    
  test_nested_array_copy                        FAIL (compile error)  (190ms)
    [1mCompiling[0m tests/integration/test_nested_array_copy.sn...
      Parsing... [1;36mdone[0m
      Type checking... [1;36mdone[0m
      Code generation... [1;36mdone[0m
      Linking...warning: unused macro definition: `print`
      --> .sn/build/rust/test_nested_array_copy_1543037/main.rs:84:14
       |
    84 | macro_rules! print {
       |              ^^^^^
       |
       = note: `#[warn(unused_macros)]` (part of `#[warn(unused)]`) on by default
    
    warning: unused macro definition: `println`
      --> .sn/build/rust/test_nested_array_copy_1543037/main.rs:88:14
       |
    88 | macro_rules! println {
       |              ^^^^^^^
    
    error[E0502]: cannot borrow `copy` as immutable because it is also borrowed as mutable
       --> .sn/build/rust/test_nested_array_copy_1543037/main.rs:341:109
        |
    341 | ...ex((copy).len(), 0)]).len(), 0); ((copy)[__sn_index((copy).len(), 0)])[__sn_array_index] = 999; };
        |                                      ------------------^^^^^^-----------
        |                                      |     |           |
        |                                      |     |           immutable borrow occurs here
        |                                      |     mutable borrow later used here
        |                                      mutable borrow occurs here
        |
    help: try adding a local storing this...
       --> .sn/build/rust/test_nested_array_copy_1543037/main.rs:341:109
        |
    341 |     { let __sn_array_index = __sn_index(((copy)[__sn_index((copy).len(), 0)]).len(), 0); ((copy)[__sn_index((copy).len(), 0)])[__sn_array...
        |                                                                                                             ^^^^^^^^^^^^
    help: ...and then using that local here
       --> .sn/build/rust/test_nested_array_copy_1543037/main.rs:341:97
        |
    341 |     { let __sn_array_index = __sn_index(((copy)[__sn_index((copy).len(), 0)]).len(), 0); ((copy)[__sn_index((copy).len(), 0)])[__sn_array...
        |                                                                                                 ^^^^^^^^^^^^^^^^^^^^^^^^^^^^^
    
    error: aborting due to 1 previous error; 2 warnings emitted
    
    For more information about this error, try `rustc --explain E0502`.
    Error: rustc failed to build generated source
     [1;31mfailed[0m
    
    [1;31mCompilation failed[0m
    
  test_nil_array                                FAIL (compile error)  (139ms)
    [1mCompiling[0m tests/integration/test_nil_array.sn...
      Parsing... [1;36mdone[0m
      Type checking... [1;36mdone[0m
      Code generation... [1;36mdone[0m
      Linking...warning: unused macro definition: `print`
      --> .sn/build/rust/test_nil_array_1543257/main.rs:84:14
       |
    84 | macro_rules! print {
       |              ^^^^^
       |
       = note: `#[warn(unused_macros)]` (part of `#[warn(unused)]`) on by default
    
    error[E0308]: mismatched types
       --> .sn/build/rust/test_nil_array_1543257/main.rs:119:29
        |
    119 |     let mut arr: Vec<i64> = std::ptr::null_mut();
        |                  --------   ^^^^^^^^^^^^^^^^^^^^ expected `Vec<i64>`, found `*mut _`
        |                  |
        |                  expected due to this
        |
        = note:   expected struct `Vec<i64>`
                found raw pointer `*mut _`
    
    error[E0277]: can't compare `Vec<i64>` with `*mut _`
       --> .sn/build/rust/test_nil_array_1543257/main.rs:120:25
        |
    120 |     println!("{}", (arr == std::ptr::null_mut()));
        |                         ^^ no implementation for `Vec<i64> == *mut _`
        |
        = help: the trait `PartialEq<*mut _>` is not implemented for `Vec<i64>`
        = help: the following other types implement trait `PartialEq<Rhs>`:
                  `Vec<T, A1>` implements `PartialEq<Vec<U, A2>>`
                  `Vec<T, A>` implements `PartialEq<&[U; N]>`
                  `Vec<T, A>` implements `PartialEq<&[U]>`
                  `Vec<T, A>` implements `PartialEq<&mut [U]>`
                  `Vec<T, A>` implements `PartialEq<[U; N]>`
                  `Vec<T, A>` implements `PartialEq<[U]>`
                  `Vec<u8>` implements `PartialEq<ByteStr>`
                  `Vec<u8>` implements `PartialEq<ByteString>`
    
    error[E0277]: can't compare `Vec<i64>` with `*mut _`
       --> .sn/build/rust/test_nil_array_1543257/main.rs:122:25
        |
    122 |     println!("{}", (arr == std::ptr::null_mut()));
        |                         ^^ no implementation for `Vec<i64> == *mut _`
        |
        = help: the trait `PartialEq<*mut _>` is not implemented for `Vec<i64>`
        = help: the following other types implement trait `PartialEq<Rhs>`:
                  `Vec<T, A1>` implements `PartialEq<Vec<U, A2>>`
                  `Vec<T, A>` implements `PartialEq<&[U; N]>`
  test_nil_compare_struct                       FAIL (compile error)  (77ms)
    [1mCompiling[0m tests/integration/test_nil_compare_struct.sn...
      Parsing... [1;36mdone[0m
      Type checking... [1;36mdone[0m
      Code generation...Error: Rust target currently supports only plain value struct 'Connection'
     [1;31mfailed[0m
    
    
  test_nil_pointer_slice                        FAIL (compile error)  (68ms)
    [1mCompiling[0m tests/integration/test_nil_pointer_slice.sn...
      Parsing... [1;36mdone[0m
      Type checking... [1;36mdone[0m
      Code generation...Error: Rust target encountered an unsupported construct in function 'test_nil_slice_creates_array'
     [1;31mfailed[0m
    
    
  test_nil_string                               FAIL (compile error)  (168ms)
    [1mCompiling[0m tests/integration/test_nil_string.sn...
      Parsing... [1;36mdone[0m
      Type checking... [1;36mdone[0m
      Code generation... [1;36mdone[0m
      Linking...warning: unused macro definition: `print`
      --> .sn/build/rust/test_nil_string_1543482/main.rs:84:14
       |
    84 | macro_rules! print {
       |              ^^^^^
       |
       = note: `#[warn(unused_macros)]` (part of `#[warn(unused)]`) on by default
    
    error[E0308]: mismatched types
       --> .sn/build/rust/test_nil_string_1543482/main.rs:316:27
        |
    316 |     let mut s: SnString = std::ptr::null_mut();
        |                --------   ^^^^^^^^^^^^^^^^^^^^ expected `SnString`, found `*mut _`
        |                |
        |                expected due to this
        |
        = note:   expected struct `SnString`
                found raw pointer `*mut _`
    
    error[E0308]: mismatched types
       --> .sn/build/rust/test_nil_string_1543482/main.rs:317:26
        |
    317 |     println!("{}", (s == std::ptr::null_mut()));
        |                     -    ^^^^^^^^^^^^^^^^^^^^ expected `SnString`, found `*mut _`
        |                     |
        |                     expected because this is `SnString`
        |
        = note:   expected struct `SnString`
                found raw pointer `*mut _`
    
    error[E0308]: mismatched types
       --> .sn/build/rust/test_nil_string_1543482/main.rs:319:26
        |
    319 |     println!("{}", (s == std::ptr::null_mut()));
        |                     -    ^^^^^^^^^^^^^^^^^^^^ expected `SnString`, found `*mut _`
        |                     |
        |                     expected because this is `SnString`
        |
        = note:   expected struct `SnString`
                found raw pointer `*mut _`
    
    error: aborting due to 3 previous errors; 1 warning emitted
    
    For more information about this error, try `rustc --explain E0308`.
    Error: rustc failed to build generated source
     [1;31mfailed[0m
  test_qsort_callback                           FAIL (compile error)  (50ms)
    [1mCompiling[0m tests/integration/test_qsort_callback.sn...
      Parsing... [1;36mdone[0m
      Type checking... [1;36mdone[0m
      Code generation...Error: Rust target native function 'invoke_comparator' parameter 'cmp' must be an unsynchronized string, default-qualified raw pointer, or default/as-ref native scalar
     [1;31mfailed[0m
    
    
  test_refcount_arg_leak                        FAIL (compile error)  (87ms)
    [1mCompiling[0m tests/integration/test_refcount_arg_leak.sn...
      Parsing... [1;36mdone[0m
      Type checking... [1;36mdone[0m
      Code generation...Error: Rust target native function 'foo_create' has unsupported result type 'struct'; the native bridge supports owned strings and byte arrays plus raw pointers, void, bool, char, int, long, int32, uint, uint32, byte, float, and double
     [1;31mfailed[0m
    
    
  test_refcount_chain_in_struct_literal         FAIL (compile error)  (61ms)
    [1mCompiling[0m tests/integration/test_refcount_chain_in_struct_literal.sn...
      Parsing... [1;36mdone[0m
      Type checking... [1;36mdone[0m
      Code generation...Error: Rust target native function 'tracker_create' has unsupported result type 'struct'; the native bridge supports owned strings and byte arrays plus raw pointers, void, bool, char, int, long, int32, uint, uint32, byte, float, and double
     [1;31mfailed[0m
    
    
  test_return_ref_param                         FAIL (compile error)  (67ms)
    [1mCompiling[0m tests/integration/test_return_ref_param.sn...
      Parsing... [1;36mdone[0m
      Type checking... [1;36mdone[0m
      Code generation...Error: Rust target currently supports only plain value struct 'Tensor'
     [1;31mfailed[0m
    
    
  test_return_self                              FAIL (compile error)  (69ms)
    [1mCompiling[0m tests/integration/test_return_self.sn...
      Parsing... [1;36mdone[0m
      Type checking... [1;36mdone[0m
      Code generation...Error: Rust target encountered an unsupported construct in method 'Builder.setValue'
     [1;31mfailed[0m
    
    
  test_self_method_forward_after_train          FAIL (compile error)  (66ms)
    [1mCompiling[0m tests/integration/test_self_method_forward_after_train.sn...
      Parsing... [1;36mdone[0m
      Type checking... [1;36mdone[0m
      Code generation...Error: Rust target native function 'resource_create' has unsupported result type 'struct'; the native bridge supports owned strings and byte arrays plus raw pointers, void, bool, char, int, long, int32, uint, uint32, byte, float, and double
     [1;31mfailed[0m
    
    
  test_serializable                             FAIL (compile error)  (56ms)
    [1mCompiling[0m tests/integration/test_serializable.sn...
      Parsing... [1;36mdone[0m
      Type checking... [1;36mdone[0m
      Code generation...Error: Rust target native function 'sn_test_json_encoder' has unsupported result type 'struct'; the native bridge supports owned strings and byte arrays plus raw pointers, void, bool, char, int, long, int32, uint, uint32, byte, float, and double
     [1;31mfailed[0m
    
    
  test_serializable_decode_struct_literal_loop  FAIL (compile error)  (68ms)
    [1mCompiling[0m tests/integration/test_serializable_decode_struct_literal_loop.sn...
      Parsing... [1;36mdone[0m
      Type checking... [1;36mdone[0m
      Code generation...Error: Rust target native function 'sn_test_json_encoder' has unsupported result type 'struct'; the native bridge supports owned strings and byte arrays plus raw pointers, void, bool, char, int, long, int32, uint, uint32, byte, float, and double
     [1;31mfailed[0m
    
    
  test_serializable_double_int_json             FAIL (compile error)  (91ms)
    [1mCompiling[0m tests/integration/test_serializable_double_int_json.sn...
      Parsing... [1;36mdone[0m
      Type checking... [1;36mdone[0m
      Code generation...Error: Rust target native function 'sn_test_json_encoder' has unsupported result type 'struct'; the native bridge supports owned strings and byte arrays plus raw pointers, void, bool, char, int, long, int32, uint, uint32, byte, float, and double
     [1;31mfailed[0m
    
    
  test_serializable_encoder_cleanup             FAIL (compile error)  (79ms)
    [1mCompiling[0m tests/integration/test_serializable_encoder_cleanup.sn...
      Parsing... [1;36mdone[0m
      Type checking... [1;36mdone[0m
      Code generation...Error: Rust target native function 'cleanup_json_encoder' has unsupported result type 'struct'; the native bridge supports owned strings and byte arrays plus raw pointers, void, bool, char, int, long, int32, uint, uint32, byte, float, and double
     [1;31mfailed[0m
    
    
  test_serializable_long                        FAIL (compile error)  (61ms)
    [1mCompiling[0m tests/integration/test_serializable_long.sn...
      Parsing... [1;36mdone[0m
      Type checking... [1;36mdone[0m
      Code generation...Error: Rust target native function 'sn_test_json_encoder' has unsupported result type 'struct'; the native bridge supports owned strings and byte arrays plus raw pointers, void, bool, char, int, long, int32, uint, uint32, byte, float, and double
     [1;31mfailed[0m
    
    
  test_serializable_push_ownership              FAIL (compile error)  (72ms)
    [1mCompiling[0m tests/integration/test_serializable_push_ownership.sn...
      Parsing... [1;36mdone[0m
      Type checking... [1;36mdone[0m
      Code generation...Error: Rust target native function 'sn_test_json_encoder' has unsupported result type 'struct'; the native bridge supports owned strings and byte arrays plus raw pointers, void, bool, char, int, long, int32, uint, uint32, byte, float, and double
     [1;31mfailed[0m
    
    
  test_serializable_return_nested_array         FAIL (compile error)  (82ms)
    [1mCompiling[0m tests/integration/test_serializable_return_nested_array.sn...
      Parsing... [1;36mdone[0m
      Type checking... [1;36mdone[0m
      Code generation...Error: Rust target native function 'sn_test_json_encoder' has unsupported result type 'struct'; the native bridge supports owned strings and byte arrays plus raw pointers, void, bool, char, int, long, int32, uint, uint32, byte, float, and double
     [1;31mfailed[0m
    
    
  test_sizeof                                   FAIL (compile error)  (53ms)
    [1mCompiling[0m tests/integration/test_sizeof.sn...
      Parsing... [1;36mdone[0m
      Type checking... [1;36mdone[0m
      Code generation...Error: Rust target native function 'test_sizeof_in_native' body uses a closure, thread, or struct construct outside the native bridge
     [1;31mfailed[0m
    
    
  test_static_import                            FAIL (compile error)  (57ms)
    [1mCompiling[0m tests/integration/test_static_import.sn...
      Parsing... [1;36mdone[0m
      Type checking... [1;36mdone[0m
      Code generation...Error: Rust target encountered an unsupported construct in function 'main'
     [1;31mfailed[0m
    
    
  test_str_return_as_arg_leak                   FAIL (compile error)  (77ms)
    [1mCompiling[0m tests/integration/test_str_return_as_arg_leak.sn...
      Parsing... [1;36mdone[0m
      Type checking... [1;36mdone[0m
      Code generation...Error: Rust target native function 'source_create' has unsupported result type 'struct'; the native bridge supports owned strings and byte arrays plus raw pointers, void, bool, char, int, long, int32, uint, uint32, byte, float, and double
     [1;31mfailed[0m
    
    
  test_struct_array_concat                      FAIL (compile error)  (65ms)
    [1mCompiling[0m tests/integration/test_struct_array_concat.sn...
      Parsing... [1;36mdone[0m
      Type checking... [1;36mdone[0m
      Code generation...Error: Rust target does not support array method 'concat' for struct elements yet
    Error: Rust target encountered an unsupported construct in function 'buildConcat'
     [1;31mfailed[0m
    
    
  test_struct_as_ref                            FAIL (compile error)  (56ms)
    [1mCompiling[0m tests/integration/test_struct_as_ref.sn...
      Parsing... [1;36mdone[0m
      Type checking... [1;36mdone[0m
      Code generation...Error: Rust target native function 'update_point' parameter 'p' must be an unsynchronized string, default-qualified raw pointer, or default/as-ref native scalar
     [1;31mfailed[0m
    
    
  test_struct_as_ref_chain                      FAIL (compile error)  (53ms)
    [1mCompiling[0m tests/integration/test_struct_as_ref_chain.sn...
      Parsing... [1;36mdone[0m
      Type checking... [1;36mdone[0m
      Code generation...Error: Rust target native function 'test_chaining' body uses a closure, thread, or struct construct outside the native bridge
     [1;31mfailed[0m
    
    
  test_struct_codegen_validation                FAIL (compile error)  (48ms)
    [1mCompiling[0m tests/integration/test_struct_codegen_validation.sn...
      Parsing... [1;36mdone[0m
      Type checking... [1;36mdone[0m
      Code generation...Error: Rust target currently supports only plain value struct 'PackedData'
     [1;31mfailed[0m
    
    
  test_struct_heap_alloc                        FAIL (compile error)  (463ms)
    [1mCompiling[0m tests/integration/test_struct_heap_alloc.sn...
      Parsing... [1;36mdone[0m
      Type checking... [1;36mdone[0m
      Code generation...Error: Rust target does not support sizeof for aggregate struct type 'LargeStruct'; only fixed-size scalar or managed-handle types are supported
    Error: Rust target encountered an unsupported construct in function 'test_large_struct_size'
     [1;31mfailed[0m
    
    
  test_struct_native_c_interop                  FAIL (compile error)  (61ms)
    [1mCompiling[0m tests/integration/test_struct_native_c_interop.sn...
      Parsing... [1;36mdone[0m
      Type checking... [1;36mdone[0m
      Code generation...Error: Rust target native function 'c_init_buffer' parameter 'buf' must be an unsynchronized string, default-qualified raw pointer, or default/as-ref native scalar
     [1;31mfailed[0m
    
    
  test_struct_native_defaults                   FAIL (compile error)  (77ms)
    [1mCompiling[0m tests/integration/test_struct_native_defaults.sn...
      Parsing... [1;36mdone[0m
      Type checking... [1;36mdone[0m
      Code generation...Error: Rust target native function 'test_native_structs' body uses a closure, thread, or struct construct outside the native bridge
     [1;31mfailed[0m
    
    
  test_struct_packed                            FAIL (compile error)  (55ms)
    [1mCompiling[0m tests/integration/test_struct_packed.sn...
      Parsing... [1;36mdone[0m
      Type checking... [1;36mdone[0m
      Code generation...Error: Rust target native function 'test_native_ptr_struct' body uses a closure, thread, or struct construct outside the native bridge
     [1;31mfailed[0m
    
    
  test_struct_return_array_leak                 FAIL (compile error)  (72ms)
    [1mCompiling[0m tests/integration/test_struct_return_array_leak.sn...
      Parsing... [1;36mdone[0m
      Type checking... [1;36mdone[0m
      Code generation...Error: Rust target native function 'tracker_create' has unsupported result type 'struct'; the native bridge supports owned strings and byte arrays plus raw pointers, void, bool, char, int, long, int32, uint, uint32, byte, float, and double
     [1;31mfailed[0m
    
    
  test_struct_rvalue_member_leak                FAIL (compile error)  (65ms)
    [1mCompiling[0m tests/integration/test_struct_rvalue_member_leak.sn...
      Parsing... [1;36mdone[0m
      Type checking... [1;36mdone[0m
      Code generation...Error: Rust target native function 'tracker_create' has unsupported result type 'struct'; the native bridge supports owned strings and byte arrays plus raw pointers, void, bool, char, int, long, int32, uint, uint32, byte, float, and double
     [1;31mfailed[0m
    
    
  test_struct_rvalue_member_leak_contexts       FAIL (compile error)  (81ms)
    [1mCompiling[0m tests/integration/test_struct_rvalue_member_leak_contexts.sn...
      Parsing... [1;36mdone[0m
      Type checking... [1;36mdone[0m
      Code generation...Error: Rust target native function 'tracker_create' has unsupported result type 'struct'; the native bridge supports owned strings and byte arrays plus raw pointers, void, bool, char, int, long, int32, uint, uint32, byte, float, and double
     [1;31mfailed[0m
    
    
  test_struct_self_method_call                  FAIL (compile error)  (57ms)
    [1mCompiling[0m tests/integration/test_struct_self_method_call.sn...
      Parsing... [1;36mdone[0m
      Type checking... [1;36mdone[0m
      Code generation...Error: Rust target does not support a parameter of method 'Versioned.compare'
     [1;31mfailed[0m
    
    
  test_struct_sizeof_equality                   FAIL (compile error)  (63ms)
    [1mCompiling[0m tests/integration/test_struct_sizeof_equality.sn...
      Parsing... [1;36mdone[0m
      Type checking... [1;36mdone[0m
      Code generation...Error: Rust target does not support sizeof for aggregate struct type 'Point'; only fixed-size scalar or managed-handle types are supported
    Error: Rust target encountered an unsupported construct in function 'test_sizeof_struct_types'
     [1;31mfailed[0m
    
    
  test_struct_stack_alloc                       FAIL (compile error)  (68ms)
    [1mCompiling[0m tests/integration/test_struct_stack_alloc.sn...
      Parsing... [1;36mdone[0m
      Type checking... [1;36mdone[0m
      Code generation...Error: Rust target does not support sizeof for aggregate struct type 'SmallPoint'; only fixed-size scalar or managed-handle types are supported
    Error: Rust target encountered an unsupported construct in function 'test_small_point'
     [1;31mfailed[0m
    
    
  test_sync_byte_char                           FAIL (compile error)  (170ms)
    [1mCompiling[0m tests/integration/test_sync_byte_char.sn...
      Parsing... [1;36mdone[0m
      Type checking... [1;36mdone[0m
      Code generation... [1;36mdone[0m
      Linking...warning: type `__sn_concurrency0_Cell` should have an upper camel case name
     --> .sn/build/rust/test_sync_byte_char_1562855/main.rs:3:8
      |
    3 | struct __sn_concurrency0_Cell<T> {
      |        ^^^^^^^^^^^^^^^^^^^^^^ help: convert the identifier to upper camel case: `SnConcurrency0Cell`
      |
      = note: `#[warn(non_camel_case_types)]` (part of `#[warn(nonstandard_style)]`) on by default
    
    warning: unused macro definition: `print`
      --> .sn/build/rust/test_sync_byte_char_1562855/main.rs:94:14
       |
    94 | macro_rules! print {
       |              ^^^^^
       |
       = note: `#[warn(unused_macros)]` (part of `#[warn(unused)]`) on by default
    
    warning: unused macro definition: `println`
      --> .sn/build/rust/test_sync_byte_char_1562855/main.rs:98:14
       |
    98 | macro_rules! println {
       |              ^^^^^^^
    
    error[E0368]: binary assignment operation `+=` cannot be applied to type `char`
       --> .sn/build/rust/test_sync_byte_char_1562855/main.rs:338:185
        |
    338 | ...0_previous = *__sn_concurrency0_value; *__sn_concurrency0_value += 1; __sn_concurrency0_previous };
        |                                           ------------------------^^^^^
        |                                           |
        |                                           cannot use `+=` on type `char`
    
    error[E0368]: binary assignment operation `+=` cannot be applied to type `char`
       --> .sn/build/rust/test_sync_byte_char_1562855/main.rs:340:185
        |
    340 | ...0_previous = *__sn_concurrency0_value; *__sn_concurrency0_value += 1; __sn_concurrency0_previous };
        |                                           ------------------------^^^^^
        |                                           |
        |                                           cannot use `+=` on type `char`
    
    error[E0368]: binary assignment operation `-=` cannot be applied to type `char`
       --> .sn/build/rust/test_sync_byte_char_1562855/main.rs:342:185
        |
    342 | ...0_previous = *__sn_concurrency0_value; *__sn_concurrency0_value -= 1; __sn_concurrency0_previous };
        |                                           ------------------------^^^^^
        |                                           |
        |                                           cannot use `-=` on type `char`
    
  test_thread_native_fn_struct_return           FAIL (compile error)  (50ms)
    [1mCompiling[0m tests/integration/test_thread_native_fn_struct_return.sn...
      Parsing... [1;36mdone[0m
      Type checking... [1;36mdone[0m
      Code generation...Error: Rust target native function 'compute_native' has unsupported result type 'struct'; the native bridge supports owned strings and byte arrays plus raw pointers, void, bool, char, int, long, int32, uint, uint32, byte, float, and double
     [1;31mfailed[0m
    
    
  test_thread_struct_return_types               FAIL (compile error)  (94ms)
    [1mCompiling[0m tests/integration/test_thread_struct_return_types.sn...
      Parsing... [1;36mdone[0m
      Type checking... [1;36mdone[0m
      Code generation...Error: Rust target native function 'raw_metrics' has unsupported result type 'struct'; the native bridge supports owned strings and byte arrays plus raw pointers, void, bool, char, int, long, int32, uint, uint32, byte, float, and double
     [1;31mfailed[0m
    
    
  test_val_struct_shared_array                  FAIL (compile error)  (58ms)
    [1mCompiling[0m tests/integration/test_val_struct_shared_array.sn...
      Parsing... [1;36mdone[0m
      Type checking... [1;36mdone[0m
      Code generation...Error: Rust target does not support a parameter of function 'processConfig'
     [1;31mfailed[0m
    
    

------------------------------------------------------------
Results: 1059 passed, 82 failed, 0 skipped  (19.91s)

Some tests failed!  (total: 19.91s)
