FAIL tests/exploratory/test_byte_array.sn -O0 default
FAIL tests/exploratory/test_byte_array.sn -O1 default
FAIL tests/exploratory/test_byte_array.sn -O2 default
FAIL tests/exploratory/test_byte_array.sn -O0 checked
FAIL tests/exploratory/test_byte_array.sn -O1 checked
FAIL tests/exploratory/test_byte_array.sn -O2 checked
FAIL tests/exploratory/test_byte_array.sn -O0 unchecked
FAIL tests/exploratory/test_byte_array.sn -O1 unchecked
FAIL tests/exploratory/test_byte_array.sn -O2 unchecked
FAIL tests/exploratory/test_byte_primitives.sn -O0 default
FAIL tests/exploratory/test_byte_primitives.sn -O1 default
FAIL tests/exploratory/test_byte_primitives.sn -O2 default
FAIL tests/exploratory/test_byte_primitives.sn -O0 checked
FAIL tests/exploratory/test_byte_primitives.sn -O1 checked
FAIL tests/exploratory/test_byte_primitives.sn -O2 checked
FAIL tests/exploratory/test_byte_primitives.sn -O0 unchecked
FAIL tests/exploratory/test_byte_primitives.sn -O1 unchecked
FAIL tests/exploratory/test_byte_primitives.sn -O2 unchecked
FAIL tests/exploratory/test_gcc_edge_arrays.sn -O0 default
FAIL tests/exploratory/test_gcc_edge_arrays.sn -O1 default
FAIL tests/exploratory/test_gcc_edge_arrays.sn -O2 default
FAIL tests/exploratory/test_gcc_edge_arrays.sn -O0 checked
FAIL tests/exploratory/test_gcc_edge_arrays.sn -O1 checked
FAIL tests/exploratory/test_gcc_edge_arrays.sn -O2 checked
FAIL tests/exploratory/test_gcc_edge_arrays.sn -O0 unchecked
FAIL tests/exploratory/test_gcc_edge_arrays.sn -O1 unchecked
FAIL tests/exploratory/test_gcc_edge_arrays.sn -O2 unchecked
FAIL tests/exploratory/test_mixed_numeric_types.sn -O0 default
FAIL tests/exploratory/test_mixed_numeric_types.sn -O1 default
FAIL tests/exploratory/test_mixed_numeric_types.sn -O2 default
FAIL tests/exploratory/test_mixed_numeric_types.sn -O0 checked
FAIL tests/exploratory/test_mixed_numeric_types.sn -O1 checked
FAIL tests/exploratory/test_mixed_numeric_types.sn -O2 checked
FAIL tests/exploratory/test_mixed_numeric_types.sn -O0 unchecked
FAIL tests/exploratory/test_mixed_numeric_types.sn -O1 unchecked
FAIL tests/exploratory/test_mixed_numeric_types.sn -O2 unchecked
