Compiler: /home/gavin/code/sindarin/sindarin-rust-native-reference-arrays-3fa0bc91/bin/sn
Platform: Linux
Parallel: 8 workers
Unit Tests
============================================================
Results: 1610 passed, 0 failed  (total: 18.10ms)
------------------------------------------------------------
Unit tests passed  (20ms)
Code Generation Tests
============================================================
  Running 107 tests with 8 workers...
------------------------------------------------------------
Results: 107 passed, 0 failed, 0 skipped  (1.14s)
Model Generation Tests
============================================================
  Running 79 tests with 8 workers...
------------------------------------------------------------
Results: 79 passed, 0 failed, 0 skipped  (59ms)
Integration Tests
============================================================
  Running 1142 tests with 8 workers...
------------------------------------------------------------
Results: 1142 passed, 0 failed, 0 skipped  (13.38s)
Integration Error Tests
============================================================
  Running 58 tests with 8 workers...
------------------------------------------------------------
Results: 58 passed, 0 failed, 0 skipped  (36ms)
Exploratory Tests
============================================================
  Running 224 tests with 8 workers...
------------------------------------------------------------
Results: 224 passed, 0 failed, 0 skipped  (11.44s)
Exploratory Error Tests
============================================================
  Running 11 tests with 8 workers...
------------------------------------------------------------
Results: 11 passed, 0 failed, 0 skipped  (8ms)
All tests passed!  (total: 26.09s)
