tests/integration/test_native_ref_self_assign.sn -O0 default both instrumented targets pass
tests/integration/test_native_ref_self_assign.sn -O0 checked both instrumented targets pass
tests/integration/test_native_ref_self_assign.sn -O0 unchecked both instrumented targets pass
tests/integration/test_native_ref_self_assign.sn -O1 default both instrumented targets pass
tests/integration/test_native_ref_self_assign.sn -O1 checked both instrumented targets pass
tests/integration/test_native_ref_self_assign.sn -O1 unchecked both instrumented targets pass
tests/integration/test_native_ref_self_assign.sn -O2 default both instrumented targets pass
tests/integration/test_native_ref_self_assign.sn -O2 checked both instrumented targets pass
tests/integration/test_native_ref_self_assign.sn -O2 unchecked both instrumented targets pass
tests/integration/test_native_resource_lifecycle.sn -O0 default both instrumented targets pass
tests/integration/test_native_resource_lifecycle.sn -O0 checked both instrumented targets pass
tests/integration/test_native_resource_lifecycle.sn -O0 unchecked both instrumented targets pass
tests/integration/test_native_resource_lifecycle.sn -O1 default both instrumented targets pass
tests/integration/test_native_resource_lifecycle.sn -O1 checked both instrumented targets pass
tests/integration/test_native_resource_lifecycle.sn -O1 unchecked both instrumented targets pass
tests/integration/test_native_resource_lifecycle.sn -O2 default both instrumented targets pass
tests/integration/test_native_resource_lifecycle.sn -O2 checked both instrumented targets pass
tests/integration/test_native_resource_lifecycle.sn -O2 unchecked both instrumented targets pass
tests/integration/test_native_struct_ref_loop_cleanup.sn -O0 default both instrumented targets pass
tests/integration/test_native_struct_ref_loop_cleanup.sn -O0 checked both instrumented targets pass
tests/integration/test_native_struct_ref_loop_cleanup.sn -O0 unchecked both instrumented targets pass
tests/integration/test_native_struct_ref_loop_cleanup.sn -O1 default both instrumented targets pass
tests/integration/test_native_struct_ref_loop_cleanup.sn -O1 checked both instrumented targets pass
tests/integration/test_native_struct_ref_loop_cleanup.sn -O1 unchecked both instrumented targets pass
tests/integration/test_native_struct_ref_loop_cleanup.sn -O2 default both instrumented targets pass
tests/integration/test_native_struct_ref_loop_cleanup.sn -O2 checked both instrumented targets pass
tests/integration/test_native_struct_ref_loop_cleanup.sn -O2 unchecked both instrumented targets pass
tests/integration/test_refcount_arg_leak.sn -O0 default both instrumented targets pass
tests/integration/test_refcount_arg_leak.sn -O0 checked both instrumented targets pass
tests/integration/test_refcount_arg_leak.sn -O0 unchecked both instrumented targets pass
tests/integration/test_refcount_arg_leak.sn -O1 default both instrumented targets pass
tests/integration/test_refcount_arg_leak.sn -O1 checked both instrumented targets pass
tests/integration/test_refcount_arg_leak.sn -O1 unchecked both instrumented targets pass
tests/integration/test_refcount_arg_leak.sn -O2 default both instrumented targets pass
tests/integration/test_refcount_arg_leak.sn -O2 checked both instrumented targets pass
tests/integration/test_refcount_arg_leak.sn -O2 unchecked both instrumented targets pass
tests/integration/test_refcount_chain_in_struct_literal.sn -O0 default both instrumented targets pass
tests/integration/test_refcount_chain_in_struct_literal.sn -O0 checked both instrumented targets pass
tests/integration/test_refcount_chain_in_struct_literal.sn -O0 unchecked both instrumented targets pass
tests/integration/test_refcount_chain_in_struct_literal.sn -O1 default both instrumented targets pass
tests/integration/test_refcount_chain_in_struct_literal.sn -O1 checked both instrumented targets pass
tests/integration/test_refcount_chain_in_struct_literal.sn -O1 unchecked both instrumented targets pass
tests/integration/test_refcount_chain_in_struct_literal.sn -O2 default both instrumented targets pass
tests/integration/test_refcount_chain_in_struct_literal.sn -O2 checked both instrumented targets pass
tests/integration/test_refcount_chain_in_struct_literal.sn -O2 unchecked both instrumented targets pass
tests/integration/test_str_return_as_arg_leak.sn -O0 default both instrumented targets pass
tests/integration/test_str_return_as_arg_leak.sn -O0 checked both instrumented targets pass
tests/integration/test_str_return_as_arg_leak.sn -O0 unchecked both instrumented targets pass
tests/integration/test_str_return_as_arg_leak.sn -O1 default both instrumented targets pass
tests/integration/test_str_return_as_arg_leak.sn -O1 checked both instrumented targets pass
tests/integration/test_str_return_as_arg_leak.sn -O1 unchecked both instrumented targets pass
tests/integration/test_str_return_as_arg_leak.sn -O2 default both instrumented targets pass
tests/integration/test_str_return_as_arg_leak.sn -O2 checked both instrumented targets pass
tests/integration/test_str_return_as_arg_leak.sn -O2 unchecked both instrumented targets pass
tests/integration/test_struct_return_array_leak.sn -O0 default both instrumented targets pass
tests/integration/test_struct_return_array_leak.sn -O0 checked both instrumented targets pass
tests/integration/test_struct_return_array_leak.sn -O0 unchecked both instrumented targets pass
tests/integration/test_struct_return_array_leak.sn -O1 default both instrumented targets pass
tests/integration/test_struct_return_array_leak.sn -O1 checked both instrumented targets pass
tests/integration/test_struct_return_array_leak.sn -O1 unchecked both instrumented targets pass
tests/integration/test_struct_return_array_leak.sn -O2 default both instrumented targets pass
tests/integration/test_struct_return_array_leak.sn -O2 checked both instrumented targets pass
tests/integration/test_struct_return_array_leak.sn -O2 unchecked both instrumented targets pass
tests/integration/test_struct_rvalue_member_leak.sn -O0 default both instrumented targets pass
tests/integration/test_struct_rvalue_member_leak.sn -O0 checked both instrumented targets pass
tests/integration/test_struct_rvalue_member_leak.sn -O0 unchecked both instrumented targets pass
tests/integration/test_struct_rvalue_member_leak.sn -O1 default both instrumented targets pass
tests/integration/test_struct_rvalue_member_leak.sn -O1 checked both instrumented targets pass
tests/integration/test_struct_rvalue_member_leak.sn -O1 unchecked both instrumented targets pass
tests/integration/test_struct_rvalue_member_leak.sn -O2 default both instrumented targets pass
tests/integration/test_struct_rvalue_member_leak.sn -O2 checked both instrumented targets pass
tests/integration/test_struct_rvalue_member_leak.sn -O2 unchecked both instrumented targets pass
tests/integration/test_struct_rvalue_member_leak_contexts.sn -O0 default both instrumented targets pass
tests/integration/test_struct_rvalue_member_leak_contexts.sn -O0 checked both instrumented targets pass
tests/integration/test_struct_rvalue_member_leak_contexts.sn -O0 unchecked both instrumented targets pass
tests/integration/test_struct_rvalue_member_leak_contexts.sn -O1 default both instrumented targets pass
tests/integration/test_struct_rvalue_member_leak_contexts.sn -O1 checked both instrumented targets pass
tests/integration/test_struct_rvalue_member_leak_contexts.sn -O1 unchecked both instrumented targets pass
tests/integration/test_struct_rvalue_member_leak_contexts.sn -O2 default both instrumented targets pass
tests/integration/test_struct_rvalue_member_leak_contexts.sn -O2 checked both instrumented targets pass
tests/integration/test_struct_rvalue_member_leak_contexts.sn -O2 unchecked both instrumented targets pass
tests/integration/test_native_ref_return_evaluation.sn -O0 default both instrumented targets pass
tests/integration/test_native_ref_return_evaluation.sn -O0 checked both instrumented targets pass
tests/integration/test_native_ref_return_evaluation.sn -O0 unchecked both instrumented targets pass
tests/integration/test_native_ref_return_evaluation.sn -O1 default both instrumented targets pass
tests/integration/test_native_ref_return_evaluation.sn -O1 checked both instrumented targets pass
tests/integration/test_native_ref_return_evaluation.sn -O1 unchecked both instrumented targets pass
tests/integration/test_native_ref_return_evaluation.sn -O2 default both instrumented targets pass
tests/integration/test_native_ref_return_evaluation.sn -O2 checked both instrumented targets pass
tests/integration/test_native_ref_return_evaluation.sn -O2 unchecked both instrumented targets pass
tests/rust-native/native_handle_record_borrows.sn -O0 default both instrumented targets pass
tests/rust-native/native_handle_record_borrows.sn -O0 checked both instrumented targets pass
tests/rust-native/native_handle_record_borrows.sn -O0 unchecked both instrumented targets pass
tests/rust-native/native_handle_record_borrows.sn -O1 default both instrumented targets pass
tests/rust-native/native_handle_record_borrows.sn -O1 checked both instrumented targets pass
tests/rust-native/native_handle_record_borrows.sn -O1 unchecked both instrumented targets pass
tests/rust-native/native_handle_record_borrows.sn -O2 default both instrumented targets pass
tests/rust-native/native_handle_record_borrows.sn -O2 checked both instrumented targets pass
tests/rust-native/native_handle_record_borrows.sn -O2 unchecked both instrumented targets pass
tests/rust-native/native_handle_method_only.sn -O0 default both instrumented targets pass
tests/rust-native/native_handle_method_only.sn -O0 checked both instrumented targets pass
tests/rust-native/native_handle_method_only.sn -O0 unchecked both instrumented targets pass
tests/rust-native/native_handle_method_only.sn -O1 default both instrumented targets pass
tests/rust-native/native_handle_method_only.sn -O1 checked both instrumented targets pass
tests/rust-native/native_handle_method_only.sn -O1 unchecked both instrumented targets pass
tests/rust-native/native_handle_method_only.sn -O2 default both instrumented targets pass
tests/rust-native/native_handle_method_only.sn -O2 checked both instrumented targets pass
tests/rust-native/native_handle_method_only.sn -O2 unchecked both instrumented targets pass
tests/rust-native/native_handle_default_methods.sn -O0 default both instrumented targets pass
tests/rust-native/native_handle_default_methods.sn -O0 checked both instrumented targets pass
tests/rust-native/native_handle_default_methods.sn -O0 unchecked both instrumented targets pass
tests/rust-native/native_handle_default_methods.sn -O1 default both instrumented targets pass
tests/rust-native/native_handle_default_methods.sn -O1 checked both instrumented targets pass
tests/rust-native/native_handle_default_methods.sn -O1 unchecked both instrumented targets pass
tests/rust-native/native_handle_default_methods.sn -O2 default both instrumented targets pass
tests/rust-native/native_handle_default_methods.sn -O2 checked both instrumented targets pass
tests/rust-native/native_handle_default_methods.sn -O2 unchecked both instrumented targets pass
tests/integration/test_array_literal_arg_leak.sn -O0 default both instrumented targets pass
tests/integration/test_array_literal_arg_leak.sn -O0 checked both instrumented targets pass
tests/integration/test_array_literal_arg_leak.sn -O0 unchecked both instrumented targets pass
tests/integration/test_array_literal_arg_leak.sn -O1 default both instrumented targets pass
tests/integration/test_array_literal_arg_leak.sn -O1 checked both instrumented targets pass
tests/integration/test_array_literal_arg_leak.sn -O1 unchecked both instrumented targets pass
tests/integration/test_array_literal_arg_leak.sn -O2 default both instrumented targets pass
tests/integration/test_array_literal_arg_leak.sn -O2 checked both instrumented targets pass
tests/integration/test_array_literal_arg_leak.sn -O2 unchecked both instrumented targets pass
tests/integration/test_self_method_forward_after_train.sn -O0 default both instrumented targets pass
tests/integration/test_self_method_forward_after_train.sn -O0 checked both instrumented targets pass
tests/integration/test_self_method_forward_after_train.sn -O0 unchecked both instrumented targets pass
tests/integration/test_self_method_forward_after_train.sn -O1 default both instrumented targets pass
tests/integration/test_self_method_forward_after_train.sn -O1 checked both instrumented targets pass
tests/integration/test_self_method_forward_after_train.sn -O1 unchecked both instrumented targets pass
tests/integration/test_self_method_forward_after_train.sn -O2 default both instrumented targets pass
tests/integration/test_self_method_forward_after_train.sn -O2 checked both instrumented targets pass
tests/integration/test_self_method_forward_after_train.sn -O2 unchecked both instrumented targets pass
tests/rust-native/native_handle_arrays.sn -O0 default both instrumented targets pass
tests/rust-native/native_handle_arrays.sn -O0 checked both instrumented targets pass
tests/rust-native/native_handle_arrays.sn -O0 unchecked both instrumented targets pass
tests/rust-native/native_handle_arrays.sn -O1 default both instrumented targets pass
tests/rust-native/native_handle_arrays.sn -O1 checked both instrumented targets pass
tests/rust-native/native_handle_arrays.sn -O1 unchecked both instrumented targets pass
tests/rust-native/native_handle_arrays.sn -O2 default both instrumented targets pass
tests/rust-native/native_handle_arrays.sn -O2 checked both instrumented targets pass
tests/rust-native/native_handle_arrays.sn -O2 unchecked both instrumented targets pass
288 clean ASAN/UBSAN/leak controls
