Compiler: /home/gavin/code/sindarin/sindarin-rust-native-reference-handles-5e48abc8/.sn/rust-corpus-compiler
Platform: Linux
Parallel: 8 workers

Exploratory Tests
============================================================
  Running 224 tests with 8 workers...


  test_array_mutation_lambda                    FAIL (compile error)  (106ms)
    Compiling tests/exploratory/test_array_mutation_lambda.sn...
      Parsing... done
      Type checking... done
      Code generation...Error: Rust target does not support mutation of closure parameters yet
     failed


  test_as_val_array_copy                        FAIL (compile error)  (126ms)
    Compiling tests/exploratory/test_as_val_array_copy.sn...
      Parsing... done
      Type checking...
      warning: Assigning str/array variable to another variable shares ownership. Consider using copyOf() to avoid potential double-free
        --> tests/exploratory/test_as_val_array_copy.sn:21:1
              var copy: int[] as val = source
            ^^^^


      warning: Assigning str/array variable to another variable shares ownership. Consider using copyOf() to avoid potential double-free
        --> tests/exploratory/test_as_val_array_copy.sn:30:1
              var working: int[] as val = data
            ^^^^^^^

      Type checking done
      Code generation...Error: Rust target does not support a parameter of function 'modify_array'
     failed


  test_pointer_slice_bounds                     FAIL (compile error)  (79ms)
    Compiling tests/exploratory/test_pointer_slice_bounds.sn...
      Parsing... done
      Type checking... done
      Code generation...Error: Rust target encountered an unsupported construct in function 'test_correct_bounds'
     failed



------------------------------------------------------------
Results: 221 passed, 3 failed, 0 skipped  (16.86s)

Some tests failed!  (total: 16.86s)
