Compiler: /tmp/sn-global-corpus-crmnxglz/compiler
Platform: Linux
Parallel: 4 workers

Integration Tests
============================================================
  Running 1142 tests with 4 workers...
                                                              test_buffer_unwrap                            FAIL (compile error)  (28ms)
    [1mCompiling[0m tests/integration/test_buffer_unwrap.sn...
      Parsing... [1;36mdone[0m
      Type checking... [1;36mdone[0m
      Code generation...Error: Rust target encountered an unsupported construct in function 'test_pointer_slice_codegen'
     [1;31mfailed[0m
    
    
  test_builtin_interfaces                       FAIL (compile error)  (30ms)
    [1mCompiling[0m tests/integration/test_builtin_interfaces.sn...
      Parsing... [1;36mdone[0m
      Type checking... [1;36mdone[0m
      Code generation...Error: Rust target does not support a parameter of function 'acceptComparable'
     [1;31mfailed[0m
    
    
  test_generic_multi_param_iter                 FAIL (compile error)  (38ms)
    [1mCompiling[0m tests/integration/test_generic_multi_param_iter.sn...
      Parsing... [1;36mdone[0m
      Type checking... [1;36mdone[0m
      Code generation...Error: Rust target supports iterator-protocol foreach only for heap-free scalar elements; got 'struct'
    Error: Rust target encountered an unsupported construct in function 'main'
     [1;31mfailed[0m
    
    
  test_interfaces                               FAIL (compile error)  (30ms)
    [1mCompiling[0m tests/integration/test_interfaces.sn...
      Parsing... [1;36mdone[0m
      Type checking... [1;36mdone[0m
      Code generation...Error: Rust target does not support a parameter of function 'acceptComparable'
     [1;31mfailed[0m
    
    
  test_interop_callback                         FAIL (compile error)  (30ms)
    [1mCompiling[0m tests/integration/test_interop_callback.sn...
      Parsing... [1;36mdone[0m
      Type checking... [1;36mdone[0m
      Code generation...Error: Rust target native function 'invoke_callback' body uses a closure, thread, or indirect callable construct outside the native bridge
     [1;31mfailed[0m
    
    
  test_interop_comprehensive                    FAIL (compile error)  (45ms)
    [1mCompiling[0m tests/integration/test_interop_comprehensive.sn...
      Parsing... [1;36mdone[0m
      Type checking... [1;36mdone[0m
      Code generation...Error: Rust target native function 'apply_transform' body uses a closure, thread, or indirect callable construct outside the native bridge
     [1;31mfailed[0m
    
    
  test_interop_edge_cases                       FAIL (compile error)  (35ms)
    [1mCompiling[0m tests/integration/test_interop_edge_cases.sn...
      Parsing... [1;36mdone[0m
      Type checking... [1;36mdone[0m
      Code generation...Error: Rust target native function 'invoke_ptr_callback' body uses a closure, thread, or indirect callable construct outside the native bridge
     [1;31mfailed[0m
    
    
  test_iterator_protocol                        FAIL (compile error)  (53ms)
    [1mCompiling[0m tests/integration/test_iterator_protocol.sn...
      Parsing... [1;36mdone[0m
      Type checking... [1;36mdone[0m
      Code generation...Error: Rust target supports iterator-protocol foreach only for heap-free scalar elements; got 'struct'
    Error: Rust target encountered an unsupported construct in function 'main'
     [1;31mfailed[0m
    
    
  test_native_callback_typedef                  FAIL (compile error)  (29ms)
    [1mCompiling[0m tests/integration/test_native_callback_typedef.sn...
      Parsing... [1;36mdone[0m
      Type checking... [1;36mdone[0m
      Code generation...Error: Rust target native function 'call_with_value' body uses a closure, thread, or indirect callable construct outside the native bridge
     [1;31mfailed[0m
    
    
  test_nil_pointer_slice                        FAIL (compile error)  (47ms)
    [1mCompiling[0m tests/integration/test_nil_pointer_slice.sn...
      Parsing... [1;36mdone[0m
      Type checking... [1;36mdone[0m
      Code generation...Error: Rust target encountered an unsupported construct in function 'test_nil_slice_creates_array'
     [1;31mfailed[0m
    
    
  test_qsort_callback                           FAIL (compile error)  (31ms)
    [1mCompiling[0m tests/integration/test_qsort_callback.sn...
      Parsing... [1;36mdone[0m
      Type checking... [1;36mdone[0m
      Code generation...Error: Rust target native function 'invoke_comparator' body uses a closure, thread, or indirect callable construct outside the native bridge
     [1;31mfailed[0m
    
    
  test_serializable                             FAIL (compile error)  (36ms)
    [1mCompiling[0m tests/integration/test_serializable.sn...
      Parsing... [1;36mdone[0m
      Type checking... [1;36mdone[0m
      Code generation...Error: Rust target native function 'sn_test_json_encoder' has unsupported result type 'struct'; the native bridge supports owned strings and byte arrays plus raw pointers, void, bool, char, int, long, int32, uint, uint32, byte, float, and double; heap-free records can also pass by value
     [1;31mfailed[0m
    
    
  test_serializable_decode_struct_literal_loop  FAIL (compile error)  (30ms)
    [1mCompiling[0m tests/integration/test_serializable_decode_struct_literal_loop.sn...
      Parsing... [1;36mdone[0m
      Type checking... [1;36mdone[0m
      Code generation...Error: Rust target native function 'sn_test_json_encoder' has unsupported result type 'struct'; the native bridge supports owned strings and byte arrays plus raw pointers, void, bool, char, int, long, int32, uint, uint32, byte, float, and double; heap-free records can also pass by value
     [1;31mfailed[0m
    
    
  test_serializable_double_int_json             FAIL (compile error)  (48ms)
    [1mCompiling[0m tests/integration/test_serializable_double_int_json.sn...
      Parsing... [1;36mdone[0m
      Type checking... [1;36mdone[0m
      Code generation...Error: Rust target native function 'sn_test_json_encoder' has unsupported result type 'struct'; the native bridge supports owned strings and byte arrays plus raw pointers, void, bool, char, int, long, int32, uint, uint32, byte, float, and double; heap-free records can also pass by value
     [1;31mfailed[0m
    
    
  test_serializable_encoder_cleanup             FAIL (compile error)  (47ms)
    [1mCompiling[0m tests/integration/test_serializable_encoder_cleanup.sn...
      Parsing... [1;36mdone[0m
      Type checking... [1;36mdone[0m
      Code generation...Error: Rust target native function 'cleanup_json_encoder' has unsupported result type 'struct'; the native bridge supports owned strings and byte arrays plus raw pointers, void, bool, char, int, long, int32, uint, uint32, byte, float, and double; heap-free records can also pass by value
     [1;31mfailed[0m
    
    
  test_serializable_long                        FAIL (compile error)  (30ms)
    [1mCompiling[0m tests/integration/test_serializable_long.sn...
      Parsing... [1;36mdone[0m
      Type checking... [1;36mdone[0m
      Code generation...Error: Rust target native function 'sn_test_json_encoder' has unsupported result type 'struct'; the native bridge supports owned strings and byte arrays plus raw pointers, void, bool, char, int, long, int32, uint, uint32, byte, float, and double; heap-free records can also pass by value
     [1;31mfailed[0m
    
    
  test_serializable_push_ownership              FAIL (compile error)  (52ms)
    [1mCompiling[0m tests/integration/test_serializable_push_ownership.sn...
      Parsing... [1;36mdone[0m
      Type checking... [1;36mdone[0m
      Code generation...Error: Rust target native function 'sn_test_json_encoder' has unsupported result type 'struct'; the native bridge supports owned strings and byte arrays plus raw pointers, void, bool, char, int, long, int32, uint, uint32, byte, float, and double; heap-free records can also pass by value
     [1;31mfailed[0m
    
    
  test_serializable_return_nested_array         FAIL (compile error)  (31ms)
    [1mCompiling[0m tests/integration/test_serializable_return_nested_array.sn...
      Parsing... [1;36mdone[0m
      Type checking... [1;36mdone[0m
      Code generation...Error: Rust target native function 'sn_test_json_encoder' has unsupported result type 'struct'; the native bridge supports owned strings and byte arrays plus raw pointers, void, bool, char, int, long, int32, uint, uint32, byte, float, and double; heap-free records can also pass by value
     [1;31mfailed[0m
    
    
  test_struct_as_ref                            FAIL (compile error)  (30ms)
    [1mCompiling[0m tests/integration/test_struct_as_ref.sn...
      Parsing... [1;36mdone[0m
      Type checking... [1;36mdone[0m
      Code generation...Error: Rust target native function 'increment_counter' parameter 'c' must be an unsynchronized string, default-qualified raw pointer, or default/as-ref native scalar; heap-free records permit default/as-val/as-ref
     [1;31mfailed[0m
    
    
  test_thread_struct_return_types               FAIL (compile error)  (34ms)
    [1mCompiling[0m tests/integration/test_thread_struct_return_types.sn...
      Parsing... [1;36mdone[0m
      Type checking... [1;36mdone[0m
      Code generation...Error: Rust target currently supports only plain value struct 'HyperParams'
     [1;31mfailed[0m
    
    

------------------------------------------------------------
Results: 1122 passed, 20 failed, 0 skipped  (66.42s)

Some tests failed!  (total: 66.42s)
