Compiler: /home/gavin/code/sindarin/sindarin-rust-native-reference-arrays-3fa0bc91/bin/sn
Platform: Linux
Parallel: 4 workers
Rust Generation Tests
============================================================
  Running 491 tests with 4 workers...
------------------------------------------------------------
Results: 491 passed, 0 failed, 0 skipped  (36.56s)
Rust Generation Error Tests
============================================================
  Running 133 tests with 4 workers...
------------------------------------------------------------
Results: 133 passed, 0 failed, 0 skipped  (62ms)
Tagged Native Scalar/Source/Link Parity Tests
============================================================
  Running 8 tests with 4 workers...
------------------------------------------------------------
Results: 8 passed, 0 failed, 0 skipped  (921ms)
Post-Tag Rust Native Extra Coverage
============================================================
  Running 41 tests with 4 workers...
------------------------------------------------------------
Results: 41 passed, 0 failed, 0 skipped  (5.97s)
Rust Native Imported-Origin Extra Coverage
============================================================
  Running 1 tests with 4 workers...
------------------------------------------------------------
Results: 1 passed, 0 failed, 0 skipped  (255ms)
Rust Native Scalar Error Tests
============================================================
  Running 7 tests with 4 workers...
------------------------------------------------------------
Results: 7 passed, 0 failed, 0 skipped  (80ms)
Rust Closure Value Tests
============================================================
  Running 36 tests with 4 workers...
------------------------------------------------------------
Results: 36 passed, 0 failed, 0 skipped  (2.59s)
Rust Closure Value Error Tests
============================================================
  Running 1 tests with 4 workers...
------------------------------------------------------------
Results: 1 passed, 0 failed, 0 skipped  (2ms)
Rust Concurrency Tests
============================================================
  Running 10 tests with 4 workers...
------------------------------------------------------------
Results: 10 passed, 0 failed, 0 skipped  (877ms)
Promoted Rust Concurrency Tests
============================================================
  Running 7 tests with 4 workers...
------------------------------------------------------------
Results: 7 passed, 0 failed, 0 skipped  (397ms)
Rust Concurrency Error Tests
============================================================
  Running 1 tests with 4 workers...
------------------------------------------------------------
Results: 1 passed, 0 failed, 0 skipped  (2ms)
Rust Toolchain and Artifact Lifecycle Tests
============================================================
  subprocess_utf8_boundary                      PASS  (19ms)
  rustc_invocation_records                      PASS  (29ms)
  pure_rust_has_no_c_dependency                 PASS  (6ms)
  native_emit_requires_bundle                   PASS  (3ms)
  native_c_link_driver_contract                 PASS  (386ms)
  native_debug_sanitizer_link                   PASS  (245ms)
  native_compile_and_link_failures              PASS  (263ms)
  missing_rustc                                 PASS  (2ms)
  failing_rustc                                 PASS  (3ms)
  failing_rustc_build                           PASS  (15ms)
  rust_generated_artifact_lifecycle             PASS  (14ms)
  rust_native_artifact_lifecycle                PASS  (708ms)
------------------------------------------------------------
Results: 12 passed, 0 failed  (1.70s)
All tests passed!  (total: 49.41s)
