tests/integration/test_native_ref_return_evaluation.sn -O0 default True
tests/integration/test_native_ref_return_evaluation.sn -O1 default True
tests/integration/test_native_ref_return_evaluation.sn -O2 default True
tests/integration/test_native_ref_return_evaluation.sn -O0 checked True
tests/integration/test_native_ref_return_evaluation.sn -O1 checked True
tests/integration/test_native_ref_return_evaluation.sn -O2 checked True
tests/integration/test_native_ref_return_evaluation.sn -O0 unchecked True
tests/integration/test_native_ref_return_evaluation.sn -O1 unchecked True
tests/integration/test_native_ref_return_evaluation.sn -O2 unchecked True
tests/integration/test_array_literal_arg_leak.sn -O0 default True
tests/integration/test_module_array_swap_leak.sn -O0 default True
tests/integration/test_native_ref_self_assign.sn -O0 default True
tests/integration/test_native_resource_lifecycle.sn -O0 default True
tests/integration/test_native_struct_ref_loop_cleanup.sn -O0 default True
tests/integration/test_refcount_arg_leak.sn -O0 default True
tests/integration/test_refcount_chain_in_struct_literal.sn -O0 default True
tests/integration/test_self_method_forward_after_train.sn -O0 default True
tests/integration/test_str_return_as_arg_leak.sn -O0 default True
tests/integration/test_struct_return_array_leak.sn -O0 default True
tests/integration/test_struct_rvalue_member_leak.sn -O0 default True
tests/integration/test_struct_rvalue_member_leak_contexts.sn -O0 default True
