PASS tests/integration/test_struct_native_c_interop.sn -O0 default
PASS tests/integration/test_struct_native_c_interop.sn -O1 default
PASS tests/integration/test_struct_native_c_interop.sn -O2 default
PASS tests/integration/test_struct_native_c_interop.sn -O0 checked
PASS tests/integration/test_struct_native_c_interop.sn -O1 checked
PASS tests/integration/test_struct_native_c_interop.sn -O2 checked
PASS tests/integration/test_struct_native_c_interop.sn -O0 unchecked
PASS tests/integration/test_struct_native_c_interop.sn -O1 unchecked
PASS tests/integration/test_struct_native_c_interop.sn -O2 unchecked
PASS tests/rust-native/scalar_c_only_helpers.sn -O0 default
PASS tests/rust-native/scalar_c_only_helpers.sn -O1 default
PASS tests/rust-native/scalar_c_only_helpers.sn -O2 default
PASS tests/rust-native/scalar_c_only_helpers.sn -O0 checked
PASS tests/rust-native/scalar_c_only_helpers.sn -O1 checked
PASS tests/rust-native/scalar_c_only_helpers.sn -O2 checked
PASS tests/rust-native/scalar_c_only_helpers.sn -O0 unchecked
PASS tests/rust-native/scalar_c_only_helpers.sn -O1 unchecked
PASS tests/rust-native/scalar_c_only_helpers.sn -O2 unchecked
PASS tests/integration/test_native_struct_ref_array_pass.sn -O0 default
PASS tests/integration/test_native_struct_ref_array_pass.sn -O1 default
PASS tests/integration/test_native_struct_ref_array_pass.sn -O2 default
PASS tests/integration/test_native_struct_ref_array_pass.sn -O0 checked
PASS tests/integration/test_native_struct_ref_array_pass.sn -O1 checked
PASS tests/integration/test_native_struct_ref_array_pass.sn -O2 checked
PASS tests/integration/test_native_struct_ref_array_pass.sn -O0 unchecked
PASS tests/integration/test_native_struct_ref_array_pass.sn -O1 unchecked
PASS tests/integration/test_native_struct_ref_array_pass.sn -O2 unchecked
PASS tests/exploratory/test_struct_zlib_style.sn -O0 default
PASS tests/exploratory/test_struct_zlib_style.sn -O1 default
PASS tests/exploratory/test_struct_zlib_style.sn -O2 default
PASS tests/exploratory/test_struct_zlib_style.sn -O0 checked
PASS tests/exploratory/test_struct_zlib_style.sn -O1 checked
PASS tests/exploratory/test_struct_zlib_style.sn -O2 checked
PASS tests/exploratory/test_struct_zlib_style.sn -O0 unchecked
PASS tests/exploratory/test_struct_zlib_style.sn -O1 unchecked
PASS tests/exploratory/test_struct_zlib_style.sn -O2 unchecked
PASS: 36 independent C-only native helper C/Rust oracles, all modes and optimizations
