Compiler: /home/gavin/code/sindarin/sindarin-rust-native-variadics-8d29dd45/bin/sn
Platform: Linux
Parallel: 8 workers

Rust Generation Tests
============================================================
  Running 491 tests with 8 workers...
                                                            
------------------------------------------------------------
Results: 491 passed, 0 failed, 0 skipped  (17.41s)

Rust Generation Error Tests
============================================================
  Running 133 tests with 8 workers...
                                                            
------------------------------------------------------------
Results: 133 passed, 0 failed, 0 skipped  (55ms)

Tagged Native Scalar/Source/Link Parity Tests
============================================================
  Running 8 tests with 8 workers...
                                                            
------------------------------------------------------------
Results: 8 passed, 0 failed, 0 skipped  (582ms)

Post-Tag Rust Native Extra Coverage
============================================================
  Running 57 tests with 8 workers...
                                                            
------------------------------------------------------------
Results: 57 passed, 0 failed, 0 skipped  (4.15s)

Rust Native Imported-Origin Extra Coverage
============================================================
  Running 1 tests with 8 workers...
                                                            
------------------------------------------------------------
Results: 1 passed, 0 failed, 0 skipped  (234ms)

Rust Native Scalar Error Tests
============================================================
  Running 4 tests with 8 workers...
                                                            
------------------------------------------------------------
Results: 4 passed, 0 failed, 0 skipped  (46ms)

Rust Closure Value Tests
============================================================
  Running 36 tests with 8 workers...
                                                            
------------------------------------------------------------
Results: 36 passed, 0 failed, 0 skipped  (1.35s)

Rust Closure Value Error Tests
============================================================
  Running 1 tests with 8 workers...
                                                            
------------------------------------------------------------
Results: 1 passed, 0 failed, 0 skipped  (3ms)

Rust Concurrency Tests
============================================================
  Running 10 tests with 8 workers...
                                                            
------------------------------------------------------------
Results: 10 passed, 0 failed, 0 skipped  (623ms)

Promoted Rust Concurrency Tests
============================================================
  Running 7 tests with 8 workers...
                                                            
------------------------------------------------------------
Results: 7 passed, 0 failed, 0 skipped  (235ms)

Rust Concurrency Error Tests
============================================================
  Running 1 tests with 8 workers...
                                                            
------------------------------------------------------------
Results: 1 passed, 0 failed, 0 skipped  (1ms)

Rust Toolchain and Artifact Lifecycle Tests
============================================================
  subprocess_utf8_boundary                      PASS  (26ms)
  rustc_invocation_records                      PASS  (28ms)
  pure_rust_has_no_c_dependency                 PASS  (5ms)
  native_emit_requires_bundle                   PASS  (4ms)
  native_c_link_driver_contract                 PASS  (391ms)
  native_debug_sanitizer_link                   PASS  (258ms)
  native_compile_and_link_failures              PASS  (356ms)
  missing_rustc                                 PASS  (2ms)
  failing_rustc                                 PASS  (3ms)
  failing_rustc_build                           PASS  (18ms)
  rust_generated_artifact_lifecycle             PASS  (17ms)
  rust_native_artifact_lifecycle                PASS  (713ms)

------------------------------------------------------------
Results: 12 passed, 0 failed  (1.83s)

All tests passed!  (total: 26.51s)
