PASS tests/integration/test_interop_comprehensive.sn -O0 default
PASS tests/integration/test_interop_comprehensive.sn -O1 default
PASS tests/integration/test_interop_comprehensive.sn -O2 default
PASS tests/integration/test_interop_comprehensive.sn -O0 checked
PASS tests/integration/test_interop_comprehensive.sn -O1 checked
PASS tests/integration/test_interop_comprehensive.sn -O2 checked
PASS tests/integration/test_interop_comprehensive.sn -O0 unchecked
PASS tests/integration/test_interop_comprehensive.sn -O1 unchecked
PASS tests/integration/test_interop_comprehensive.sn -O2 unchecked
PASS tests/rust-native/native_variadic_promotions.sn -O0 default
PASS tests/rust-native/native_variadic_promotions.sn -O1 default
PASS tests/rust-native/native_variadic_promotions.sn -O2 default
PASS tests/rust-native/native_variadic_promotions.sn -O0 checked
PASS tests/rust-native/native_variadic_promotions.sn -O1 checked
PASS tests/rust-native/native_variadic_promotions.sn -O2 checked
PASS tests/rust-native/native_variadic_promotions.sn -O0 unchecked
PASS tests/rust-native/native_variadic_promotions.sn -O1 unchecked
PASS tests/rust-native/native_variadic_promotions.sn -O2 unchecked
PASS tests/rust-native/native_variadic_ownership.sn -O0 default
PASS tests/rust-native/native_variadic_ownership.sn -O1 default
PASS tests/rust-native/native_variadic_ownership.sn -O2 default
PASS tests/rust-native/native_variadic_ownership.sn -O0 checked
PASS tests/rust-native/native_variadic_ownership.sn -O1 checked
PASS tests/rust-native/native_variadic_ownership.sn -O2 checked
PASS tests/rust-native/native_variadic_ownership.sn -O0 unchecked
PASS tests/rust-native/native_variadic_ownership.sn -O1 unchecked
PASS tests/rust-native/native_variadic_ownership.sn -O2 unchecked
PASS tests/rust-native/native_variadic_records.sn -O0 default
PASS tests/rust-native/native_variadic_records.sn -O1 default
PASS tests/rust-native/native_variadic_records.sn -O2 default
PASS tests/rust-native/native_variadic_records.sn -O0 checked
PASS tests/rust-native/native_variadic_records.sn -O1 checked
PASS tests/rust-native/native_variadic_records.sn -O2 checked
PASS tests/rust-native/native_variadic_records.sn -O0 unchecked
PASS tests/rust-native/native_variadic_records.sn -O1 unchecked
PASS tests/rust-native/native_variadic_records.sn -O2 unchecked
PASS tests/rust-native/native_variadic_contexts.sn -O0 default
PASS tests/rust-native/native_variadic_contexts.sn -O1 default
PASS tests/rust-native/native_variadic_contexts.sn -O2 default
PASS tests/rust-native/native_variadic_contexts.sn -O0 checked
PASS tests/rust-native/native_variadic_contexts.sn -O1 checked
PASS tests/rust-native/native_variadic_contexts.sn -O2 checked
PASS tests/rust-native/native_variadic_contexts.sn -O0 unchecked
PASS tests/rust-native/native_variadic_contexts.sn -O1 unchecked
PASS tests/rust-native/native_variadic_contexts.sn -O2 unchecked
PASS tests/rust-native/native_variadic_unused.sn -O0 default
PASS tests/rust-native/native_variadic_unused.sn -O1 default
PASS tests/rust-native/native_variadic_unused.sn -O2 default
PASS tests/rust-native/native_variadic_unused.sn -O0 checked
PASS tests/rust-native/native_variadic_unused.sn -O1 checked
PASS tests/rust-native/native_variadic_unused.sn -O2 checked
PASS tests/rust-native/native_variadic_unused.sn -O0 unchecked
PASS tests/rust-native/native_variadic_unused.sn -O1 unchecked
PASS tests/rust-native/native_variadic_unused.sn -O2 unchecked
PASS: 54 independent native variadic C/Rust oracles
