Compiler: /home/gavin/code/sindarin/sindarin-rust-managed-native-references-b8ad9a55/bin/sn
Platform: Linux
Parallel: 8 workers

Unit Tests
============================================================
Results: [0;32m1610 passed[0m, [0;31m0 failed[0m  (total: 17.58ms)
------------------------------------------------------------
Unit tests passed  (20ms)

Code Generation Tests
============================================================
  Running 107 tests with 8 workers...
                                                            
------------------------------------------------------------
Results: 107 passed, 0 failed, 0 skipped  (909ms)

Model Generation Tests
============================================================
  Running 79 tests with 8 workers...
                                                            
------------------------------------------------------------
Results: 79 passed, 0 failed, 0 skipped  (47ms)

Integration Tests
============================================================
  Running 1142 tests with 8 workers...
                                                            
------------------------------------------------------------
Results: 1142 passed, 0 failed, 0 skipped  (10.74s)

Integration Error Tests
============================================================
  Running 58 tests with 8 workers...
                                                            
------------------------------------------------------------
Results: 58 passed, 0 failed, 0 skipped  (27ms)

Exploratory Tests
============================================================
  Running 224 tests with 8 workers...
                                                            
------------------------------------------------------------
Results: 224 passed, 0 failed, 0 skipped  (14.22s)

Exploratory Error Tests
============================================================
  Running 11 tests with 8 workers...
                                                            
------------------------------------------------------------
Results: 11 passed, 0 failed, 0 skipped  (9ms)

All tests passed!  (total: 25.98s)
