PASS tests/integration/test_nil_array.sn -O0 default
PASS tests/integration/test_nil_array.sn -O1 default
PASS tests/integration/test_nil_array.sn -O2 default
PASS tests/integration/test_nil_array.sn -O0 checked
PASS tests/integration/test_nil_array.sn -O1 checked
PASS tests/integration/test_nil_array.sn -O2 checked
PASS tests/integration/test_nil_array.sn -O0 unchecked
PASS tests/integration/test_nil_array.sn -O1 unchecked
PASS tests/integration/test_nil_array.sn -O2 unchecked
PASS tests/rgen/nil_array_transitions.sn -O0 default
PASS tests/rgen/nil_array_transitions.sn -O1 default
PASS tests/rgen/nil_array_transitions.sn -O2 default
PASS tests/rgen/nil_array_transitions.sn -O0 checked
PASS tests/rgen/nil_array_transitions.sn -O1 checked
PASS tests/rgen/nil_array_transitions.sn -O2 checked
PASS tests/rgen/nil_array_transitions.sn -O0 unchecked
PASS tests/rgen/nil_array_transitions.sn -O1 unchecked
PASS tests/rgen/nil_array_transitions.sn -O2 unchecked
PASS tests/rust-native/scalar_nil_array_native.sn -O0 default
PASS tests/rust-native/scalar_nil_array_native.sn -O1 default
PASS tests/rust-native/scalar_nil_array_native.sn -O2 default
PASS tests/rust-native/scalar_nil_array_native.sn -O0 checked
PASS tests/rust-native/scalar_nil_array_native.sn -O1 checked
PASS tests/rust-native/scalar_nil_array_native.sn -O2 checked
PASS tests/rust-native/scalar_nil_array_native.sn -O0 unchecked
PASS tests/rust-native/scalar_nil_array_native.sn -O1 unchecked
PASS tests/rust-native/scalar_nil_array_native.sn -O2 unchecked
PASS tests/rgen/nil_array_constructions.sn -O0 default
PASS tests/rgen/nil_array_constructions.sn -O1 default
PASS tests/rgen/nil_array_constructions.sn -O2 default
PASS tests/rgen/nil_array_constructions.sn -O0 checked
PASS tests/rgen/nil_array_constructions.sn -O1 checked
PASS tests/rgen/nil_array_constructions.sn -O2 checked
PASS tests/rgen/nil_array_constructions.sn -O0 unchecked
PASS tests/rgen/nil_array_constructions.sn -O1 unchecked
PASS tests/rgen/nil_array_constructions.sn -O2 unchecked
PASS tests/rgen/nil_array_concat_copy.sn -O0 default
PASS tests/rgen/nil_array_concat_copy.sn -O1 default
PASS tests/rgen/nil_array_concat_copy.sn -O2 default
PASS tests/rgen/nil_array_concat_copy.sn -O0 checked
PASS tests/rgen/nil_array_concat_copy.sn -O1 checked
PASS tests/rgen/nil_array_concat_copy.sn -O2 checked
PASS tests/rgen/nil_array_concat_copy.sn -O0 unchecked
PASS tests/rgen/nil_array_concat_copy.sn -O1 unchecked
PASS tests/rgen/nil_array_concat_copy.sn -O2 unchecked
PASS tests/rgen/nil_array_float_state.sn -O0 default
PASS tests/rgen/nil_array_float_state.sn -O1 default
PASS tests/rgen/nil_array_float_state.sn -O2 default
PASS tests/rgen/nil_array_float_state.sn -O0 checked
PASS tests/rgen/nil_array_float_state.sn -O1 checked
PASS tests/rgen/nil_array_float_state.sn -O2 checked
PASS tests/rgen/nil_array_float_state.sn -O0 unchecked
PASS tests/rgen/nil_array_float_state.sn -O1 unchecked
PASS tests/rgen/nil_array_float_state.sn -O2 unchecked
PASS tests/rust-native/scalar_nil_array_implicit.sn -O0 default
PASS tests/rust-native/scalar_nil_array_implicit.sn -O1 default
PASS tests/rust-native/scalar_nil_array_implicit.sn -O2 default
PASS tests/rust-native/scalar_nil_array_implicit.sn -O0 checked
PASS tests/rust-native/scalar_nil_array_implicit.sn -O1 checked
PASS tests/rust-native/scalar_nil_array_implicit.sn -O2 checked
PASS tests/rust-native/scalar_nil_array_implicit.sn -O0 unchecked
PASS tests/rust-native/scalar_nil_array_implicit.sn -O1 unchecked
PASS tests/rust-native/scalar_nil_array_implicit.sn -O2 unchecked
PASS tests/rgen/nil_array_default.sn -O0 default
PASS tests/rgen/nil_array_default.sn -O1 default
PASS tests/rgen/nil_array_default.sn -O2 default
PASS tests/rgen/nil_array_default.sn -O0 checked
PASS tests/rgen/nil_array_default.sn -O1 checked
PASS tests/rgen/nil_array_default.sn -O2 checked
PASS tests/rgen/nil_array_default.sn -O0 unchecked
PASS tests/rgen/nil_array_default.sn -O1 unchecked
PASS tests/rgen/nil_array_default.sn -O2 unchecked
PASS tests/rgen/nil_array_fields_calls.sn -O0 default
PASS tests/rgen/nil_array_fields_calls.sn -O1 default
PASS tests/rgen/nil_array_fields_calls.sn -O2 default
PASS tests/rgen/nil_array_fields_calls.sn -O0 checked
PASS tests/rgen/nil_array_fields_calls.sn -O1 checked
PASS tests/rgen/nil_array_fields_calls.sn -O2 checked
PASS tests/rgen/nil_array_fields_calls.sn -O0 unchecked
PASS tests/rgen/nil_array_fields_calls.sn -O1 unchecked
PASS tests/rgen/nil_array_fields_calls.sn -O2 unchecked
PASS tests/rgen/nil_array_hygiene.sn -O0 default
PASS tests/rgen/nil_array_hygiene.sn -O1 default
PASS tests/rgen/nil_array_hygiene.sn -O2 default
PASS tests/rgen/nil_array_hygiene.sn -O0 checked
PASS tests/rgen/nil_array_hygiene.sn -O1 checked
PASS tests/rgen/nil_array_hygiene.sn -O2 checked
PASS tests/rgen/nil_array_hygiene.sn -O0 unchecked
PASS tests/rgen/nil_array_hygiene.sn -O1 unchecked
PASS tests/rgen/nil_array_hygiene.sn -O2 unchecked
PASS: 90 independent nil array C/Rust oracles, all modes and optimizations
