Compiler: /home/gavin/code/sindarin/sindarin-rust-nullable-arrays-08aef211/bin/sn
Platform: Linux
Parallel: 20 workers

Unit Tests
============================================================
Results: 1610 passed, 0 failed  (total: 11.10ms)
------------------------------------------------------------
Unit tests passed  (14ms)

Code Generation Tests
============================================================
  Running 107 tests with 20 workers...


------------------------------------------------------------
Results: 107 passed, 0 failed, 0 skipped  (457ms)

Model Generation Tests
============================================================
  Running 79 tests with 20 workers...


------------------------------------------------------------
Results: 79 passed, 0 failed, 0 skipped  (46ms)

Integration Tests
============================================================
  Running 1141 tests with 20 workers...


------------------------------------------------------------
Results: 1141 passed, 0 failed, 0 skipped  (5.00s)

Integration Error Tests
============================================================
  Running 58 tests with 20 workers...


------------------------------------------------------------
Results: 58 passed, 0 failed, 0 skipped  (28ms)

Exploratory Tests
============================================================
  Running 224 tests with 20 workers...


------------------------------------------------------------
Results: 224 passed, 0 failed, 0 skipped  (12.71s)

Exploratory Error Tests
============================================================
  Running 11 tests with 20 workers...


------------------------------------------------------------
Results: 11 passed, 0 failed, 0 skipped  (9ms)

All tests passed!  (total: 18.26s)
