PASS tests/integration/test_nil_string.sn -O0 default
PASS tests/integration/test_nil_string.sn -O1 default
PASS tests/integration/test_nil_string.sn -O2 default
PASS tests/integration/test_nil_string.sn -O0 checked
PASS tests/integration/test_nil_string.sn -O1 checked
PASS tests/integration/test_nil_string.sn -O2 checked
PASS tests/integration/test_nil_string.sn -O0 unchecked
PASS tests/integration/test_nil_string.sn -O1 unchecked
PASS tests/integration/test_nil_string.sn -O2 unchecked
PASS tests/rgen/nil_string_transitions.sn -O0 default
PASS tests/rgen/nil_string_transitions.sn -O1 default
PASS tests/rgen/nil_string_transitions.sn -O2 default
PASS tests/rgen/nil_string_transitions.sn -O0 checked
PASS tests/rgen/nil_string_transitions.sn -O1 checked
PASS tests/rgen/nil_string_transitions.sn -O2 checked
PASS tests/rgen/nil_string_transitions.sn -O0 unchecked
PASS tests/rgen/nil_string_transitions.sn -O1 unchecked
PASS tests/rgen/nil_string_transitions.sn -O2 unchecked
PASS tests/rgen/nil_string_print_concat.sn -O0 default
PASS tests/rgen/nil_string_print_concat.sn -O1 default
PASS tests/rgen/nil_string_print_concat.sn -O2 default
PASS tests/rgen/nil_string_print_concat.sn -O0 checked
PASS tests/rgen/nil_string_print_concat.sn -O1 checked
PASS tests/rgen/nil_string_print_concat.sn -O2 checked
PASS tests/rgen/nil_string_print_concat.sn -O0 unchecked
PASS tests/rgen/nil_string_print_concat.sn -O1 unchecked
PASS tests/rgen/nil_string_print_concat.sn -O2 unchecked
PASS tests/rgen/nil_string_fields.sn -O0 default
PASS tests/rgen/nil_string_fields.sn -O1 default
PASS tests/rgen/nil_string_fields.sn -O2 default
PASS tests/rgen/nil_string_fields.sn -O0 checked
PASS tests/rgen/nil_string_fields.sn -O1 checked
PASS tests/rgen/nil_string_fields.sn -O2 checked
PASS tests/rgen/nil_string_fields.sn -O0 unchecked
PASS tests/rgen/nil_string_fields.sn -O1 unchecked
PASS tests/rgen/nil_string_fields.sn -O2 unchecked
PASS tests/rust-native/scalar_nil_string_native.sn -O0 default
PASS tests/rust-native/scalar_nil_string_native.sn -O1 default
PASS tests/rust-native/scalar_nil_string_native.sn -O2 default
PASS tests/rust-native/scalar_nil_string_native.sn -O0 checked
PASS tests/rust-native/scalar_nil_string_native.sn -O1 checked
PASS tests/rust-native/scalar_nil_string_native.sn -O2 checked
PASS tests/rust-native/scalar_nil_string_native.sn -O0 unchecked
PASS tests/rust-native/scalar_nil_string_native.sn -O1 unchecked
PASS tests/rust-native/scalar_nil_string_native.sn -O2 unchecked
PASS tests/rust-native/scalar_nil_string_implicit.sn -O0 default
PASS tests/rust-native/scalar_nil_string_implicit.sn -O1 default
PASS tests/rust-native/scalar_nil_string_implicit.sn -O2 default
PASS tests/rust-native/scalar_nil_string_implicit.sn -O0 checked
PASS tests/rust-native/scalar_nil_string_implicit.sn -O1 checked
PASS tests/rust-native/scalar_nil_string_implicit.sn -O2 checked
PASS tests/rust-native/scalar_nil_string_implicit.sn -O0 unchecked
PASS tests/rust-native/scalar_nil_string_implicit.sn -O1 unchecked
PASS tests/rust-native/scalar_nil_string_implicit.sn -O2 unchecked
PASS tests/rust-native/scalar_nil_string_default.sn -O0 default
PASS tests/rust-native/scalar_nil_string_default.sn -O1 default
PASS tests/rust-native/scalar_nil_string_default.sn -O2 default
PASS tests/rust-native/scalar_nil_string_default.sn -O0 checked
PASS tests/rust-native/scalar_nil_string_default.sn -O1 checked
PASS tests/rust-native/scalar_nil_string_default.sn -O2 checked
PASS tests/rust-native/scalar_nil_string_default.sn -O0 unchecked
PASS tests/rust-native/scalar_nil_string_default.sn -O1 unchecked
PASS tests/rust-native/scalar_nil_string_default.sn -O2 unchecked
PASS tests/rust-native/scalar_nil_string_calls.sn -O0 default
PASS tests/rust-native/scalar_nil_string_calls.sn -O1 default
PASS tests/rust-native/scalar_nil_string_calls.sn -O2 default
PASS tests/rust-native/scalar_nil_string_calls.sn -O0 checked
PASS tests/rust-native/scalar_nil_string_calls.sn -O1 checked
PASS tests/rust-native/scalar_nil_string_calls.sn -O2 checked
PASS tests/rust-native/scalar_nil_string_calls.sn -O0 unchecked
PASS tests/rust-native/scalar_nil_string_calls.sn -O1 unchecked
PASS tests/rust-native/scalar_nil_string_calls.sn -O2 unchecked
PASS: 72 independent nil string C/Rust oracles, all modes and optimizations
