Compiler: /home/gavin/code/sindarin/sindarin-rust-thread-parity-2bf57b91/bin/sn
Platform: Linux
Parallel: 20 workers

Unit Tests
============================================================
Results: [0;32m1610 passed[0m, [0;31m0 failed[0m  (total: 23.44ms)
------------------------------------------------------------
Unit tests passed  (32ms)

Code Generation Tests
============================================================
  Running 107 tests with 20 workers...
                                                            
------------------------------------------------------------
Results: 107 passed, 0 failed, 0 skipped  (1.95s)

Model Generation Tests
============================================================
  Running 79 tests with 20 workers...
                                                            
------------------------------------------------------------
Results: 79 passed, 0 failed, 0 skipped  (211ms)

Integration Tests
============================================================
  Running 1141 tests with 20 workers...
                                                            
------------------------------------------------------------
Results: 1141 passed, 0 failed, 0 skipped  (20.01s)

Integration Error Tests
============================================================
  Running 58 tests with 20 workers...
                                                            
------------------------------------------------------------
Results: 58 passed, 0 failed, 0 skipped  (118ms)

Exploratory Tests
============================================================
  Running 224 tests with 20 workers...
                                                            
------------------------------------------------------------
Results: 224 passed, 0 failed, 0 skipped  (14.36s)

Exploratory Error Tests
============================================================
  Running 11 tests with 20 workers...
                                                            
------------------------------------------------------------
Results: 11 passed, 0 failed, 0 skipped  (26ms)

All tests passed!  (total: 36.71s)
