PASS tests/integration/test_compound_assignment.sn -O0 default
PASS tests/integration/test_compound_assignment.sn -O1 default
PASS tests/integration/test_compound_assignment.sn -O2 default
PASS tests/integration/test_compound_assignment.sn -O0 checked
PASS tests/integration/test_compound_assignment.sn -O1 checked
PASS tests/integration/test_compound_assignment.sn -O2 checked
PASS tests/integration/test_compound_assignment.sn -O0 unchecked
PASS tests/integration/test_compound_assignment.sn -O1 unchecked
PASS tests/integration/test_compound_assignment.sn -O2 unchecked
PASS tests/rgen/floating_compound_nested_field.sn -O0 default
PASS tests/rgen/floating_compound_nested_field.sn -O1 default
PASS tests/rgen/floating_compound_nested_field.sn -O2 default
PASS tests/rgen/floating_compound_nested_field.sn -O0 checked
PASS tests/rgen/floating_compound_nested_field.sn -O1 checked
PASS tests/rgen/floating_compound_nested_field.sn -O2 checked
PASS tests/rgen/floating_compound_nested_field.sn -O0 unchecked
PASS tests/rgen/floating_compound_nested_field.sn -O1 unchecked
PASS tests/rgen/floating_compound_nested_field.sn -O2 unchecked
PASS tests/rgen/floating_compound_unstable_place.sn -O0 default
PASS tests/rgen/floating_compound_unstable_place.sn -O1 default
PASS tests/rgen/floating_compound_unstable_place.sn -O2 default
PASS tests/rgen/floating_compound_unstable_place.sn -O0 checked
PASS tests/rgen/floating_compound_unstable_place.sn -O1 checked
PASS tests/rgen/floating_compound_unstable_place.sn -O2 checked
PASS tests/rgen/floating_compound_unstable_place.sn -O0 unchecked
PASS tests/rgen/floating_compound_unstable_place.sn -O1 unchecked
PASS tests/rgen/floating_compound_unstable_place.sn -O2 unchecked
PASS tests/rgen/floating_nested_as_ref_parameter_postfix.sn -O0 default
PASS tests/rgen/floating_nested_as_ref_parameter_postfix.sn -O1 default
PASS tests/rgen/floating_nested_as_ref_parameter_postfix.sn -O2 default
PASS tests/rgen/floating_nested_as_ref_parameter_postfix.sn -O0 checked
PASS tests/rgen/floating_nested_as_ref_parameter_postfix.sn -O1 checked
PASS tests/rgen/floating_nested_as_ref_parameter_postfix.sn -O2 checked
PASS tests/rgen/floating_nested_as_ref_parameter_postfix.sn -O0 unchecked
PASS tests/rgen/floating_nested_as_ref_parameter_postfix.sn -O1 unchecked
PASS tests/rgen/floating_nested_as_ref_parameter_postfix.sn -O2 unchecked
PASS tests/rgen/floating_postfix_array_index.sn -O0 default
PASS tests/rgen/floating_postfix_array_index.sn -O1 default
PASS tests/rgen/floating_postfix_array_index.sn -O2 default
PASS tests/rgen/floating_postfix_array_index.sn -O0 checked
PASS tests/rgen/floating_postfix_array_index.sn -O1 checked
PASS tests/rgen/floating_postfix_array_index.sn -O2 checked
PASS tests/rgen/floating_postfix_array_index.sn -O0 unchecked
PASS tests/rgen/floating_postfix_array_index.sn -O1 unchecked
PASS tests/rgen/floating_postfix_array_index.sn -O2 unchecked
PASS tests/rgen/floating_postfix_nested_field.sn -O0 default
PASS tests/rgen/floating_postfix_nested_field.sn -O1 default
PASS tests/rgen/floating_postfix_nested_field.sn -O2 default
PASS tests/rgen/floating_postfix_nested_field.sn -O0 checked
PASS tests/rgen/floating_postfix_nested_field.sn -O1 checked
PASS tests/rgen/floating_postfix_nested_field.sn -O2 checked
PASS tests/rgen/floating_postfix_nested_field.sn -O0 unchecked
PASS tests/rgen/floating_postfix_nested_field.sn -O1 unchecked
PASS tests/rgen/floating_postfix_nested_field.sn -O2 unchecked
PASS tests/rgen/nonfloating_nested_by_value_parameter_postfix.sn -O0 default
PASS tests/rgen/nonfloating_nested_by_value_parameter_postfix.sn -O1 default
PASS tests/rgen/nonfloating_nested_by_value_parameter_postfix.sn -O2 default
PASS tests/rgen/nonfloating_nested_by_value_parameter_postfix.sn -O0 checked
PASS tests/rgen/nonfloating_nested_by_value_parameter_postfix.sn -O1 checked
PASS tests/rgen/nonfloating_nested_by_value_parameter_postfix.sn -O2 checked
PASS tests/rgen/nonfloating_nested_by_value_parameter_postfix.sn -O0 unchecked
PASS tests/rgen/nonfloating_nested_by_value_parameter_postfix.sn -O1 unchecked
PASS tests/rgen/nonfloating_nested_by_value_parameter_postfix.sn -O2 unchecked
PASS tests/rgen/nonfloating_nested_sync_local_postfix.sn -O0 default
PASS tests/rgen/nonfloating_nested_sync_local_postfix.sn -O1 default
PASS tests/rgen/nonfloating_nested_sync_local_postfix.sn -O2 default
PASS tests/rgen/nonfloating_nested_sync_local_postfix.sn -O0 checked
PASS tests/rgen/nonfloating_nested_sync_local_postfix.sn -O1 checked
PASS tests/rgen/nonfloating_nested_sync_local_postfix.sn -O2 checked
PASS tests/rgen/nonfloating_nested_sync_local_postfix.sn -O0 unchecked
PASS tests/rgen/nonfloating_nested_sync_local_postfix.sn -O1 unchecked
PASS tests/rgen/nonfloating_nested_sync_local_postfix.sn -O2 unchecked
PASS tests/rgen/numeric_places_array_captures.sn -O0 default
PASS tests/rgen/numeric_places_array_captures.sn -O1 default
PASS tests/rgen/numeric_places_array_captures.sn -O2 default
PASS tests/rgen/numeric_places_array_captures.sn -O0 checked
PASS tests/rgen/numeric_places_array_captures.sn -O1 checked
PASS tests/rgen/numeric_places_array_captures.sn -O2 checked
PASS tests/rgen/numeric_places_array_captures.sn -O0 unchecked
PASS tests/rgen/numeric_places_array_captures.sn -O1 unchecked
PASS tests/rgen/numeric_places_array_captures.sn -O2 unchecked
PASS tests/rgen/numeric_places_float_widths.sn -O0 default
PASS tests/rgen/numeric_places_float_widths.sn -O1 default
PASS tests/rgen/numeric_places_float_widths.sn -O2 default
PASS tests/rgen/numeric_places_float_widths.sn -O0 checked
PASS tests/rgen/numeric_places_float_widths.sn -O1 checked
PASS tests/rgen/numeric_places_float_widths.sn -O2 checked
PASS tests/rgen/numeric_places_float_widths.sn -O0 unchecked
PASS tests/rgen/numeric_places_float_widths.sn -O1 unchecked
PASS tests/rgen/numeric_places_float_widths.sn -O2 unchecked
PASS tests/rgen/numeric_places_integer_widths.sn -O0 default
PASS tests/rgen/numeric_places_integer_widths.sn -O1 default
PASS tests/rgen/numeric_places_integer_widths.sn -O2 default
PASS tests/rgen/numeric_places_integer_widths.sn -O0 checked
PASS tests/rgen/numeric_places_integer_widths.sn -O1 checked
PASS tests/rgen/numeric_places_integer_widths.sn -O2 checked
PASS tests/rgen/numeric_places_integer_widths.sn -O0 unchecked
PASS tests/rgen/numeric_places_integer_widths.sn -O1 unchecked
PASS tests/rgen/numeric_places_integer_widths.sn -O2 unchecked
PASS tests/rgen/numeric_places_nested_counts.sn -O0 default
PASS tests/rgen/numeric_places_nested_counts.sn -O1 default
PASS tests/rgen/numeric_places_nested_counts.sn -O2 default
PASS tests/rgen/numeric_places_nested_counts.sn -O0 checked
PASS tests/rgen/numeric_places_nested_counts.sn -O1 checked
PASS tests/rgen/numeric_places_nested_counts.sn -O2 checked
PASS tests/rgen/numeric_places_nested_counts.sn -O0 unchecked
PASS tests/rgen/numeric_places_nested_counts.sn -O1 unchecked
PASS tests/rgen/numeric_places_nested_counts.sn -O2 unchecked
PASS tests/rgen/numeric_places_parameters.sn -O0 default
PASS tests/rgen/numeric_places_parameters.sn -O1 default
PASS tests/rgen/numeric_places_parameters.sn -O2 default
PASS tests/rgen/numeric_places_parameters.sn -O0 checked
PASS tests/rgen/numeric_places_parameters.sn -O1 checked
PASS tests/rgen/numeric_places_parameters.sn -O2 checked
PASS tests/rgen/numeric_places_parameters.sn -O0 unchecked
PASS tests/rgen/numeric_places_parameters.sn -O1 unchecked
PASS tests/rgen/numeric_places_parameters.sn -O2 unchecked
PASS tests/rgen/numeric_places_rhs_effects.sn -O0 default
PASS tests/rgen/numeric_places_rhs_effects.sn -O1 default
PASS tests/rgen/numeric_places_rhs_effects.sn -O2 default
PASS tests/rgen/numeric_places_rhs_effects.sn -O0 checked
PASS tests/rgen/numeric_places_rhs_effects.sn -O1 checked
PASS tests/rgen/numeric_places_rhs_effects.sn -O2 checked
PASS tests/rgen/numeric_places_rhs_effects.sn -O0 unchecked
PASS tests/rgen/numeric_places_rhs_effects.sn -O1 unchecked
PASS tests/rgen/numeric_places_rhs_effects.sn -O2 unchecked
PASS tests/rgen/numeric_places_rhs_expression_widths.sn -O0 default
PASS tests/rgen/numeric_places_rhs_expression_widths.sn -O1 default
PASS tests/rgen/numeric_places_rhs_expression_widths.sn -O2 default
PASS tests/rgen/numeric_places_rhs_expression_widths.sn -O0 checked
PASS tests/rgen/numeric_places_rhs_expression_widths.sn -O1 checked
PASS tests/rgen/numeric_places_rhs_expression_widths.sn -O2 checked
PASS tests/rgen/numeric_places_rhs_expression_widths.sn -O0 unchecked
PASS tests/rgen/numeric_places_rhs_expression_widths.sn -O1 unchecked
PASS tests/rgen/numeric_places_rhs_expression_widths.sn -O2 unchecked
PASS tests/rgen/numeric_places_temporary_owners.sn -O0 default
PASS tests/rgen/numeric_places_temporary_owners.sn -O1 default
PASS tests/rgen/numeric_places_temporary_owners.sn -O2 default
PASS tests/rgen/numeric_places_temporary_owners.sn -O0 checked
PASS tests/rgen/numeric_places_temporary_owners.sn -O1 checked
PASS tests/rgen/numeric_places_temporary_owners.sn -O2 checked
PASS tests/rgen/numeric_places_temporary_owners.sn -O0 unchecked
PASS tests/rgen/numeric_places_temporary_owners.sn -O1 unchecked
PASS tests/rgen/numeric_places_temporary_owners.sn -O2 unchecked
PASS tests/rust-numeric-places/numeric_place_thread_parameters.sn -O0 default
PASS tests/rust-numeric-places/numeric_place_thread_parameters.sn -O1 default
PASS tests/rust-numeric-places/numeric_place_thread_parameters.sn -O2 default
PASS tests/rust-numeric-places/numeric_place_thread_parameters.sn -O0 checked
PASS tests/rust-numeric-places/numeric_place_thread_parameters.sn -O1 checked
PASS tests/rust-numeric-places/numeric_place_thread_parameters.sn -O2 checked
PASS tests/rust-numeric-places/numeric_place_thread_parameters.sn -O0 unchecked
PASS tests/rust-numeric-places/numeric_place_thread_parameters.sn -O1 unchecked
PASS tests/rust-numeric-places/numeric_place_thread_parameters.sn -O2 unchecked
