PASS c tests/rgen/owned_record_nested_deep_references.sn
PASS c tests/rgen/owned_record_nested_default_references.sn
PASS c tests/integration/test_composite_borrow_mutation.sn
PASS c tests/integration/test_composite_temp_arg.sn
PASS c tests/integration/test_constrained_generics.sn
PASS c tests/integration/test_generic_static_call.sn
PASS c tests/integration/test_generics_nested_inference.sn
PASS c tests/integration/test_struct_self_method_call.sn
PASS c tests/exploratory/test_match_as_val_ref.sn
PASS c tests/exploratory/test_struct_self_method_call.sn
PASS c tests/rgen/owned_record_alias_array.sn
PASS c tests/rgen/owned_record_reference_replace.sn
PASS c tests/rgen/owned_record_field_operations.sn
PASS c tests/rgen/owned_record_float_fields.sn
PASS c tests/rgen/owned_record_nested_fields.sn
PASS c tests/rgen/owned_record_field_forwarding.sn
PASS c tests/rgen/owned_record_method_fields.sn
PASS c tests/rgen/owned_record_index_callback.sn
PASS c tests/rgen/owned_record_char_fields.sn
PASS c tests/rgen/owned_record_nullable_array_fields.sn
PASS c tests/integration/test_as_ref_struct_param.sn
PASS c tests/integration/test_val_struct_shared_array.sn
PASS c tests/exploratory/test_gcc_edge_structs.sn
PASS c tests/exploratory/test_struct_config.sn
