PASS tests/rgen/owned_record_alias_array.sn -O0 default
PASS tests/rgen/owned_record_alias_array.sn -O1 default
PASS tests/rgen/owned_record_alias_array.sn -O2 default
PASS tests/rgen/owned_record_alias_array.sn -O0 checked
PASS tests/rgen/owned_record_alias_array.sn -O1 checked
PASS tests/rgen/owned_record_alias_array.sn -O2 checked
PASS tests/rgen/owned_record_alias_array.sn -O0 unchecked
PASS tests/rgen/owned_record_alias_array.sn -O1 unchecked
PASS tests/rgen/owned_record_alias_array.sn -O2 unchecked
PASS tests/rgen/owned_record_reference_replace.sn -O0 default
PASS tests/rgen/owned_record_reference_replace.sn -O1 default
PASS tests/rgen/owned_record_reference_replace.sn -O2 default
PASS tests/rgen/owned_record_reference_replace.sn -O0 checked
PASS tests/rgen/owned_record_reference_replace.sn -O1 checked
PASS tests/rgen/owned_record_reference_replace.sn -O2 checked
PASS tests/rgen/owned_record_reference_replace.sn -O0 unchecked
PASS tests/rgen/owned_record_reference_replace.sn -O1 unchecked
PASS tests/rgen/owned_record_reference_replace.sn -O2 unchecked
PASS tests/rgen/owned_record_field_operations.sn -O0 default
PASS tests/rgen/owned_record_field_operations.sn -O1 default
PASS tests/rgen/owned_record_field_operations.sn -O2 default
PASS tests/rgen/owned_record_field_operations.sn -O0 checked
PASS tests/rgen/owned_record_field_operations.sn -O1 checked
PASS tests/rgen/owned_record_field_operations.sn -O2 checked
PASS tests/rgen/owned_record_field_operations.sn -O0 unchecked
PASS tests/rgen/owned_record_field_operations.sn -O1 unchecked
PASS tests/rgen/owned_record_field_operations.sn -O2 unchecked
PASS tests/rgen/owned_record_float_fields.sn -O0 default
PASS tests/rgen/owned_record_float_fields.sn -O1 default
PASS tests/rgen/owned_record_float_fields.sn -O2 default
PASS tests/rgen/owned_record_float_fields.sn -O0 checked
PASS tests/rgen/owned_record_float_fields.sn -O1 checked
PASS tests/rgen/owned_record_float_fields.sn -O2 checked
PASS tests/rgen/owned_record_float_fields.sn -O0 unchecked
PASS tests/rgen/owned_record_float_fields.sn -O1 unchecked
PASS tests/rgen/owned_record_float_fields.sn -O2 unchecked
PASS tests/rgen/owned_record_nested_fields.sn -O0 default
PASS tests/rgen/owned_record_nested_fields.sn -O1 default
PASS tests/rgen/owned_record_nested_fields.sn -O2 default
PASS tests/rgen/owned_record_nested_fields.sn -O0 checked
PASS tests/rgen/owned_record_nested_fields.sn -O1 checked
PASS tests/rgen/owned_record_nested_fields.sn -O2 checked
PASS tests/rgen/owned_record_nested_fields.sn -O0 unchecked
PASS tests/rgen/owned_record_nested_fields.sn -O1 unchecked
PASS tests/rgen/owned_record_nested_fields.sn -O2 unchecked
PASS tests/rgen/owned_record_field_forwarding.sn -O0 default
PASS tests/rgen/owned_record_field_forwarding.sn -O1 default
PASS tests/rgen/owned_record_field_forwarding.sn -O2 default
PASS tests/rgen/owned_record_field_forwarding.sn -O0 checked
PASS tests/rgen/owned_record_field_forwarding.sn -O1 checked
PASS tests/rgen/owned_record_field_forwarding.sn -O2 checked
PASS tests/rgen/owned_record_field_forwarding.sn -O0 unchecked
PASS tests/rgen/owned_record_field_forwarding.sn -O1 unchecked
PASS tests/rgen/owned_record_field_forwarding.sn -O2 unchecked
PASS tests/rgen/owned_record_method_fields.sn -O0 default
PASS tests/rgen/owned_record_method_fields.sn -O1 default
PASS tests/rgen/owned_record_method_fields.sn -O2 default
PASS tests/rgen/owned_record_method_fields.sn -O0 checked
PASS tests/rgen/owned_record_method_fields.sn -O1 checked
PASS tests/rgen/owned_record_method_fields.sn -O2 checked
PASS tests/rgen/owned_record_method_fields.sn -O0 unchecked
PASS tests/rgen/owned_record_method_fields.sn -O1 unchecked
PASS tests/rgen/owned_record_method_fields.sn -O2 unchecked
PASS tests/rgen/owned_record_index_callback.sn -O0 default
PASS tests/rgen/owned_record_index_callback.sn -O1 default
PASS tests/rgen/owned_record_index_callback.sn -O2 default
PASS tests/rgen/owned_record_index_callback.sn -O0 checked
PASS tests/rgen/owned_record_index_callback.sn -O1 checked
PASS tests/rgen/owned_record_index_callback.sn -O2 checked
PASS tests/rgen/owned_record_index_callback.sn -O0 unchecked
PASS tests/rgen/owned_record_index_callback.sn -O1 unchecked
PASS tests/rgen/owned_record_index_callback.sn -O2 unchecked
PASS tests/rgen/owned_record_char_fields.sn -O0 default
PASS tests/rgen/owned_record_char_fields.sn -O1 default
PASS tests/rgen/owned_record_char_fields.sn -O2 default
PASS tests/rgen/owned_record_char_fields.sn -O0 checked
PASS tests/rgen/owned_record_char_fields.sn -O1 checked
PASS tests/rgen/owned_record_char_fields.sn -O2 checked
PASS tests/rgen/owned_record_char_fields.sn -O0 unchecked
PASS tests/rgen/owned_record_char_fields.sn -O1 unchecked
PASS tests/rgen/owned_record_char_fields.sn -O2 unchecked
PASS tests/rgen/owned_record_nullable_array_fields.sn -O0 default
PASS tests/rgen/owned_record_nullable_array_fields.sn -O1 default
PASS tests/rgen/owned_record_nullable_array_fields.sn -O2 default
PASS tests/rgen/owned_record_nullable_array_fields.sn -O0 checked
PASS tests/rgen/owned_record_nullable_array_fields.sn -O1 checked
PASS tests/rgen/owned_record_nullable_array_fields.sn -O2 checked
PASS tests/rgen/owned_record_nullable_array_fields.sn -O0 unchecked
PASS tests/rgen/owned_record_nullable_array_fields.sn -O1 unchecked
PASS tests/rgen/owned_record_nullable_array_fields.sn -O2 unchecked
PASS tests/integration/test_as_ref_struct_param.sn -O0 default
PASS tests/integration/test_as_ref_struct_param.sn -O1 default
PASS tests/integration/test_as_ref_struct_param.sn -O2 default
PASS tests/integration/test_as_ref_struct_param.sn -O0 checked
PASS tests/integration/test_as_ref_struct_param.sn -O1 checked
PASS tests/integration/test_as_ref_struct_param.sn -O2 checked
PASS tests/integration/test_as_ref_struct_param.sn -O0 unchecked
PASS tests/integration/test_as_ref_struct_param.sn -O1 unchecked
PASS tests/integration/test_as_ref_struct_param.sn -O2 unchecked
PASS tests/integration/test_val_struct_shared_array.sn -O0 default
PASS tests/integration/test_val_struct_shared_array.sn -O1 default
PASS tests/integration/test_val_struct_shared_array.sn -O2 default
PASS tests/integration/test_val_struct_shared_array.sn -O0 checked
PASS tests/integration/test_val_struct_shared_array.sn -O1 checked
PASS tests/integration/test_val_struct_shared_array.sn -O2 checked
PASS tests/integration/test_val_struct_shared_array.sn -O0 unchecked
PASS tests/integration/test_val_struct_shared_array.sn -O1 unchecked
PASS tests/integration/test_val_struct_shared_array.sn -O2 unchecked
PASS tests/exploratory/test_gcc_edge_structs.sn -O0 default
PASS tests/exploratory/test_gcc_edge_structs.sn -O1 default
PASS tests/exploratory/test_gcc_edge_structs.sn -O2 default
PASS tests/exploratory/test_gcc_edge_structs.sn -O0 checked
PASS tests/exploratory/test_gcc_edge_structs.sn -O1 checked
PASS tests/exploratory/test_gcc_edge_structs.sn -O2 checked
PASS tests/exploratory/test_gcc_edge_structs.sn -O0 unchecked
PASS tests/exploratory/test_gcc_edge_structs.sn -O1 unchecked
PASS tests/exploratory/test_gcc_edge_structs.sn -O2 unchecked
PASS tests/exploratory/test_struct_config.sn -O0 default
PASS tests/exploratory/test_struct_config.sn -O1 default
PASS tests/exploratory/test_struct_config.sn -O2 default
PASS tests/exploratory/test_struct_config.sn -O0 checked
PASS tests/exploratory/test_struct_config.sn -O1 checked
PASS tests/exploratory/test_struct_config.sn -O2 checked
PASS tests/exploratory/test_struct_config.sn -O0 unchecked
PASS tests/exploratory/test_struct_config.sn -O1 unchecked
PASS tests/exploratory/test_struct_config.sn -O2 unchecked
PASS tests/integration/test_composite_borrow_mutation.sn -O0 default
PASS tests/integration/test_composite_borrow_mutation.sn -O1 default
PASS tests/integration/test_composite_borrow_mutation.sn -O2 default
PASS tests/integration/test_composite_borrow_mutation.sn -O0 checked
PASS tests/integration/test_composite_borrow_mutation.sn -O1 checked
PASS tests/integration/test_composite_borrow_mutation.sn -O2 checked
PASS tests/integration/test_composite_borrow_mutation.sn -O0 unchecked
PASS tests/integration/test_composite_borrow_mutation.sn -O1 unchecked
PASS tests/integration/test_composite_borrow_mutation.sn -O2 unchecked
PASS tests/integration/test_composite_temp_arg.sn -O0 default
PASS tests/integration/test_composite_temp_arg.sn -O1 default
PASS tests/integration/test_composite_temp_arg.sn -O2 default
PASS tests/integration/test_composite_temp_arg.sn -O0 checked
PASS tests/integration/test_composite_temp_arg.sn -O1 checked
PASS tests/integration/test_composite_temp_arg.sn -O2 checked
PASS tests/integration/test_composite_temp_arg.sn -O0 unchecked
PASS tests/integration/test_composite_temp_arg.sn -O1 unchecked
PASS tests/integration/test_composite_temp_arg.sn -O2 unchecked
PASS tests/integration/test_constrained_generics.sn -O0 default
PASS tests/integration/test_constrained_generics.sn -O1 default
PASS tests/integration/test_constrained_generics.sn -O2 default
PASS tests/integration/test_constrained_generics.sn -O0 checked
PASS tests/integration/test_constrained_generics.sn -O1 checked
PASS tests/integration/test_constrained_generics.sn -O2 checked
PASS tests/integration/test_constrained_generics.sn -O0 unchecked
PASS tests/integration/test_constrained_generics.sn -O1 unchecked
PASS tests/integration/test_constrained_generics.sn -O2 unchecked
PASS tests/integration/test_generic_static_call.sn -O0 default
PASS tests/integration/test_generic_static_call.sn -O1 default
PASS tests/integration/test_generic_static_call.sn -O2 default
PASS tests/integration/test_generic_static_call.sn -O0 checked
PASS tests/integration/test_generic_static_call.sn -O1 checked
PASS tests/integration/test_generic_static_call.sn -O2 checked
PASS tests/integration/test_generic_static_call.sn -O0 unchecked
PASS tests/integration/test_generic_static_call.sn -O1 unchecked
PASS tests/integration/test_generic_static_call.sn -O2 unchecked
PASS tests/integration/test_generics_nested_inference.sn -O0 default
PASS tests/integration/test_generics_nested_inference.sn -O1 default
PASS tests/integration/test_generics_nested_inference.sn -O2 default
PASS tests/integration/test_generics_nested_inference.sn -O0 checked
PASS tests/integration/test_generics_nested_inference.sn -O1 checked
PASS tests/integration/test_generics_nested_inference.sn -O2 checked
PASS tests/integration/test_generics_nested_inference.sn -O0 unchecked
PASS tests/integration/test_generics_nested_inference.sn -O1 unchecked
PASS tests/integration/test_generics_nested_inference.sn -O2 unchecked
PASS tests/integration/test_struct_self_method_call.sn -O0 default
PASS tests/integration/test_struct_self_method_call.sn -O1 default
PASS tests/integration/test_struct_self_method_call.sn -O2 default
PASS tests/integration/test_struct_self_method_call.sn -O0 checked
PASS tests/integration/test_struct_self_method_call.sn -O1 checked
PASS tests/integration/test_struct_self_method_call.sn -O2 checked
PASS tests/integration/test_struct_self_method_call.sn -O0 unchecked
PASS tests/integration/test_struct_self_method_call.sn -O1 unchecked
PASS tests/integration/test_struct_self_method_call.sn -O2 unchecked
PASS tests/exploratory/test_match_as_val_ref.sn -O0 default
PASS tests/exploratory/test_match_as_val_ref.sn -O1 default
PASS tests/exploratory/test_match_as_val_ref.sn -O2 default
PASS tests/exploratory/test_match_as_val_ref.sn -O0 checked
PASS tests/exploratory/test_match_as_val_ref.sn -O1 checked
PASS tests/exploratory/test_match_as_val_ref.sn -O2 checked
PASS tests/exploratory/test_match_as_val_ref.sn -O0 unchecked
PASS tests/exploratory/test_match_as_val_ref.sn -O1 unchecked
PASS tests/exploratory/test_match_as_val_ref.sn -O2 unchecked
PASS tests/exploratory/test_struct_self_method_call.sn -O0 default
PASS tests/exploratory/test_struct_self_method_call.sn -O1 default
PASS tests/exploratory/test_struct_self_method_call.sn -O2 default
PASS tests/exploratory/test_struct_self_method_call.sn -O0 checked
PASS tests/exploratory/test_struct_self_method_call.sn -O1 checked
PASS tests/exploratory/test_struct_self_method_call.sn -O2 checked
PASS tests/exploratory/test_struct_self_method_call.sn -O0 unchecked
PASS tests/exploratory/test_struct_self_method_call.sn -O1 unchecked
PASS tests/exploratory/test_struct_self_method_call.sn -O2 unchecked
PASS tests/rgen/owned_record_nested_default_references.sn -O0 default
PASS tests/rgen/owned_record_nested_default_references.sn -O1 default
PASS tests/rgen/owned_record_nested_default_references.sn -O2 default
PASS tests/rgen/owned_record_nested_default_references.sn -O0 checked
PASS tests/rgen/owned_record_nested_default_references.sn -O1 checked
PASS tests/rgen/owned_record_nested_default_references.sn -O2 checked
PASS tests/rgen/owned_record_nested_default_references.sn -O0 unchecked
PASS tests/rgen/owned_record_nested_default_references.sn -O1 unchecked
PASS tests/rgen/owned_record_nested_default_references.sn -O2 unchecked
PASS tests/rgen/owned_record_nested_deep_references.sn -O0 default
PASS tests/rgen/owned_record_nested_deep_references.sn -O1 default
PASS tests/rgen/owned_record_nested_deep_references.sn -O2 default
PASS tests/rgen/owned_record_nested_deep_references.sn -O0 checked
PASS tests/rgen/owned_record_nested_deep_references.sn -O1 checked
PASS tests/rgen/owned_record_nested_deep_references.sn -O2 checked
PASS tests/rgen/owned_record_nested_deep_references.sn -O0 unchecked
PASS tests/rgen/owned_record_nested_deep_references.sn -O1 unchecked
PASS tests/rgen/owned_record_nested_deep_references.sn -O2 unchecked
PASS: 216 independent owned-record C/Rust oracles
