Compiler: /home/gavin/code/sindarin/sindarin-rust-owned-record-parameters-775fea71/bin/sn
Platform: Linux
Parallel: 8 workers

Rust Generation Tests
============================================================
  Running 459 tests with 8 workers...


------------------------------------------------------------
Results: 459 passed, 0 failed, 0 skipped  (15.50s)

Rust Generation Error Tests
============================================================
  Running 138 tests with 8 workers...


------------------------------------------------------------
Results: 138 passed, 0 failed, 0 skipped  (56ms)

Tagged Native Scalar/Source/Link Parity Tests
============================================================
  Running 8 tests with 8 workers...


------------------------------------------------------------
Results: 8 passed, 0 failed, 0 skipped  (528ms)

Post-Tag Rust Native Extra Coverage
============================================================
  Running 37 tests with 8 workers...


------------------------------------------------------------
Results: 37 passed, 0 failed, 0 skipped  (3.26s)

Rust Native Imported-Origin Extra Coverage
============================================================
  Running 1 tests with 8 workers...


------------------------------------------------------------
Results: 1 passed, 0 failed, 0 skipped  (210ms)

Rust Native Scalar Error Tests
============================================================
  Running 7 tests with 8 workers...


------------------------------------------------------------
Results: 7 passed, 0 failed, 0 skipped  (48ms)

Rust Closure Value Tests
============================================================
  Running 36 tests with 8 workers...


------------------------------------------------------------
Results: 36 passed, 0 failed, 0 skipped  (1.40s)

Rust Closure Value Error Tests
============================================================
  Running 1 tests with 8 workers...


------------------------------------------------------------
Results: 1 passed, 0 failed, 0 skipped  (3ms)

Rust Concurrency Tests
============================================================
  Running 10 tests with 8 workers...


------------------------------------------------------------
Results: 10 passed, 0 failed, 0 skipped  (584ms)

Promoted Rust Concurrency Tests
============================================================
  Running 7 tests with 8 workers...


------------------------------------------------------------
Results: 7 passed, 0 failed, 0 skipped  (220ms)

Rust Concurrency Error Tests
============================================================
  Running 1 tests with 8 workers...


------------------------------------------------------------
Results: 1 passed, 0 failed, 0 skipped  (2ms)

Rust Toolchain and Artifact Lifecycle Tests
============================================================
  subprocess_utf8_boundary                      PASS  (25ms)
  rustc_invocation_records                      PASS  (34ms)
  pure_rust_has_no_c_dependency                 PASS  (9ms)
  native_emit_requires_bundle                   PASS  (3ms)
  native_c_link_driver_contract                 PASS  (400ms)
  native_debug_sanitizer_link                   PASS  (235ms)
  native_compile_and_link_failures              PASS  (318ms)
  missing_rustc                                 PASS  (2ms)
  failing_rustc                                 PASS  (3ms)
  failing_rustc_build                           PASS  (16ms)
  rust_generated_artifact_lifecycle             PASS  (13ms)
  rust_native_artifact_lifecycle                PASS  (662ms)

------------------------------------------------------------
Results: 12 passed, 0 failed  (1.72s)

All tests passed!  (total: 23.53s)
