Compiler: /home/gavin/code/sindarin/sindarin-rust-parity-goal/bin/sn
Platform: Linux
Parallel: 4 workers

Unit Tests
============================================================
Results: [0;32m1618 passed[0m, [0;31m0 failed[0m  (total: 21.59ms)
------------------------------------------------------------
Unit tests passed  (24ms)

Code Generation Tests
============================================================
  Running 107 tests with 4 workers...
                                                            
------------------------------------------------------------
Results: 107 passed, 0 failed, 0 skipped  (1.78s)

Model Generation Tests
============================================================
  Running 79 tests with 4 workers...
                                                            
------------------------------------------------------------
Results: 79 passed, 0 failed, 0 skipped  (41ms)

Integration Tests
============================================================
  Running 1145 tests with 4 workers...
                                                            
------------------------------------------------------------
Results: 1145 passed, 0 failed, 0 skipped  (21.76s)

Integration Error Tests
============================================================
  Running 58 tests with 4 workers...
                                                            
------------------------------------------------------------
Results: 58 passed, 0 failed, 0 skipped  (46ms)

Exploratory Tests
============================================================
  Running 224 tests with 4 workers...
                                                            
------------------------------------------------------------
Results: 224 passed, 0 failed, 0 skipped  (16.94s)

Exploratory Error Tests
============================================================
  Running 11 tests with 4 workers...
                                                            
------------------------------------------------------------
Results: 11 passed, 0 failed, 0 skipped  (11ms)

All tests passed!  (total: 40.61s)
