Running tests with debug level: 1

[1mArena[0m
------------------------------------------------------------
  arena_init                                         [0;32mPASS[0m  (0.11ms)
  arena_alloc_small                                  [0;32mPASS[0m  (0.00ms)
  arena_alloc_large                                  [0;32mPASS[0m  (0.00ms)
  arena_alloc_larger_than_double                     [0;32mPASS[0m  (0.00ms)
  arena_alloc_zero                                   [0;32mPASS[0m  (0.00ms)
  arena_strdup                                       [0;32mPASS[0m  (0.07ms)
  arena_strndup                                      [0;32mPASS[0m  (0.00ms)
  arena_free                                         [0;32mPASS[0m  (0.06ms)

[1mArena Edge Cases[0m
------------------------------------------------------------
  arena_init_very_small                              [0;32mPASS[0m  (0.00ms)
  arena_init_various_sizes                           [0;32mPASS[0m  (0.05ms)
  arena_multiple_init_free_cycles                    [0;32mPASS[0m  (0.00ms)
  arena_edge_alloc_zero                              [0;32mPASS[0m  (0.00ms)
  arena_alloc_one_byte                               [0;32mPASS[0m  (0.00ms)
  arena_alloc_exact_block_size                       [0;32mPASS[0m  (0.00ms)
  arena_alloc_boundary_sizes                         [0;32mPASS[0m  (0.00ms)
  arena_alloc_many_small                             [0;32mPASS[0m  (0.00ms)
  arena_alloc_alternating_sizes                      [0;32mPASS[0m  (0.00ms)
  arena_strdup_empty                                 [0;32mPASS[0m  (0.00ms)
  arena_strdup_single_char                           [0;32mPASS[0m  (0.05ms)
  arena_strdup_long_string                           [0;32mPASS[0m  (0.00ms)
  arena_strdup_many                                  [0;32mPASS[0m  (0.01ms)
  arena_strdup_special_chars                         [0;32mPASS[0m  (0.00ms)
  arena_reuse_after_free                             [0;32mPASS[0m  (0.00ms)
  arena_reinit_different_sizes                       [0;32mPASS[0m  (0.00ms)
  arena_alignment_16_byte                            [0;32mPASS[0m  (0.00ms)
  arena_strdup_alignment                             [0;32mPASS[0m  (0.00ms)
  arena_block_doubling                               [0;32mPASS[0m  (0.00ms)
  arena_large_allocation_growth                      [0;32mPASS[0m  (0.00ms)
  arena_sequential_allocations_contiguous            [0;32mPASS[0m  (0.00ms)
  arena_no_overlap                                   [0;32mPASS[0m  (0.00ms)
  arena_used_tracking                                [0;32mPASS[0m  (0.00ms)
  arena_used_after_many_allocs                       [0;32mPASS[0m  (0.00ms)
  arena_many_allocations                             [0;32mPASS[0m  (0.01ms)
  arena_mixed_strings_and_data                       [0;32mPASS[0m  (0.01ms)

[1mCompiler Driver - Optimization Levels[0m
------------------------------------------------------------
  opt_level_default                                  [0;32mPASS[0m  (0.00ms)
  opt_level_O0                                       [0;32mPASS[0m  (0.06ms)
  opt_level_O1                                       [0;32mPASS[0m  (0.00ms)
  opt_level_O2                                       [0;32mPASS[0m  (0.00ms)

[1mCompiler Driver - Arithmetic Mode[0m
------------------------------------------------------------
  arith_default_checked                              [0;32mPASS[0m  (0.00ms)
  arith_unchecked_flag                               [0;32mPASS[0m  (0.00ms)
  arith_checked_flag                                 [0;32mPASS[0m  (0.00ms)
  arith_O2_explicit_defaults_unchecked               [0;32mPASS[0m  (0.00ms)
  arith_O2_with_checked_override                     [0;32mPASS[0m  (0.00ms)

[1mCompiler Driver - Output Options[0m
------------------------------------------------------------
  output_file_flag                                   [0;32mPASS[0m  (0.00ms)
  emit_c_flag                                        [0;32mPASS[0m  (0.05ms)
  keep_c_flag                                        [0;32mPASS[0m  (0.00ms)

[1mCompiler Driver - Debug Options[0m
------------------------------------------------------------
  verbose_flag                                       [0;32mPASS[0m  (0.00ms)
  debug_flag                                         [0;32mPASS[0m  (0.00ms)
  compiler_init_overwrites_profile_default           [0;32mPASS[0m  (0.09ms)
  log_level_flag                                     [0;32mPASS[0m  (0.05ms)
  log_level_verbose                                  [0;32mPASS[0m  (0.00ms)

[1mCompiler Driver - Source File[0m
------------------------------------------------------------
  source_file_parsed                                 [0;32mPASS[0m  (0.00ms)
  source_file_path                                   [0;32mPASS[0m  (0.00ms)

[1mCompiler Driver - Output Path Derivation[0m
------------------------------------------------------------
  default_output_path                                [0;32mPASS[0m  (0.00ms)
  default_output_file_unused                         [0;32mPASS[0m  (0.00ms)
  emit_c_output_path                                 [0;32mPASS[0m  (0.00ms)

[1mCompiler Driver - Error Handling[0m
------------------------------------------------------------
  no_source_file_error                               Error: No source file specified
[0;32mPASS[0m  (0.00ms)
  unknown_option_error                               [ERROR] /home/gavin/code/sindarin/sindarin-rust-parity-goal/src/compiler.c:380: Unknown option: --unknown-option
[0;32mPASS[0m  (0.00ms)
  invalid_log_level_error                            Invalid log level: 99 (must be 0-4)
[0;32mPASS[0m  (0.00ms)

[1mCompiler Driver - Multiple Flags[0m
------------------------------------------------------------
  multiple_flags_combined                            [0;32mPASS[0m  (0.00ms)
  flags_order_independence                           [0;32mPASS[0m  (0.00ms)

[1mCompiler Driver - Legacy Flags[0m
------------------------------------------------------------
  no_opt_legacy_flag_rejected                        [ERROR] /home/gavin/code/sindarin/sindarin-rust-parity-goal/src/compiler.c:380: Unknown option: --no-opt
[0;32mPASS[0m  (0.00ms)

[1mCompiler Driver - Edge Cases[0m
------------------------------------------------------------
  source_file_without_extension                      [0;32mPASS[0m  (0.00ms)
  output_with_path                                   [0;32mPASS[0m  (0.00ms)

[1mCompiler Driver - Stress Tests[0m
------------------------------------------------------------
  repeated_parsing                                   [0;32mPASS[0m  (0.01ms)
  many_flags                                         [0;32mPASS[0m  (0.00ms)

[1mDiagnostic - Initialization[0m
------------------------------------------------------------
  init_basic                                         [0;32mPASS[0m  (0.05ms)
  init_null_source                                   [0;32mPASS[0m  (0.00ms)
  init_empty_source                                  [0;32mPASS[0m  (0.00ms)
  init_null_filename                                 [0;32mPASS[0m  (0.00ms)
  init_multiline_source                              [0;32mPASS[0m  (0.00ms)

[1mDiagnostic - Reset[0m
------------------------------------------------------------
  reset_clears_errors                                
[1;31merror[0m: test error 1


[1;31merror[0m: test error 2

[0;32mPASS[0m  (0.00ms)
  reset_clears_warnings                              
[1;33mwarning[0m: test warning
  [1;34m-->[0m test.sn:1:1
      var x = 1
      [1;33m^[0m

[0;32mPASS[0m  (0.06ms)
  reset_multiple_times                               [0;32mPASS[0m  (0.00ms)

[1mDiagnostic - Error Count[0m
------------------------------------------------------------
  error_count_increments                             
[1;31merror[0m: error 1


[1;31merror[0m: error 2


[1;31merror[0m: error 3

[0;32mPASS[0m  (0.01ms)
  had_error_false_initially                          [0;32mPASS[0m  (0.00ms)
  had_error_true_after_error                         
[1;31merror[0m: an error

[0;32mPASS[0m  (0.00ms)
  had_error_stays_true                               
[1;31merror[0m: error

[0;32mPASS[0m  (0.00ms)

[1mDiagnostic - Warning Count[0m
------------------------------------------------------------
  warning_count_increments                           
[1;33mwarning[0m: warning 1
  [1;34m-->[0m test.sn:1:1
      source
      [1;33m^[0m


[1;33mwarning[0m: warning 2
  [1;34m-->[0m test.sn:1:1
      source
      [1;33m^[0m

[0;32mPASS[0m  (0.02ms)
  warnings_dont_affect_error_count                   
[1;33mwarning[0m: warning
  [1;34m-->[0m test.sn:1:1
      source
      [1;33m^[0m

[0;32mPASS[0m  (0.01ms)

[1mDiagnostic - Location[0m
------------------------------------------------------------
  loc_from_token_basic                               [0;32mPASS[0m  (0.00ms)
  loc_from_token_null                                [0;32mPASS[0m  (0.00ms)
  loc_column_computed                                [0;32mPASS[0m  (0.00ms)
  loc_column_start_of_line                           [0;32mPASS[0m  (0.00ms)
  loc_multiline_source                               [0;32mPASS[0m  (0.00ms)

[1mDiagnostic - Verbose Mode[0m
------------------------------------------------------------
  set_verbose_on                                     [0;32mPASS[0m  (0.00ms)
  set_verbose_off                                    [0;32mPASS[0m  (0.00ms)
  set_verbose_toggle                                 [0;32mPASS[0m  (0.00ms)

[1mDiagnostic - Error Reporting[0m
------------------------------------------------------------
  error_simple                                       
[1;31merror[0m: simple error message

[0;32mPASS[0m  (0.00ms)
  error_simple_with_format                           
[1;31merror[0m: error: undefined variable at line 10

[0;32mPASS[0m  (0.00ms)
  error_at_token                                     
[1;31merror[0m: undefined identifier
  [1;34m-->[0m test.sn:1:9
      var x = undefined
              [1;31m^^^^^^^^^[0m

[0;32mPASS[0m  (0.02ms)
  error_at_null_token                                
[1;31merror[0m: error with null token

[0;32mPASS[0m  (0.00ms)
  error_with_suggestion                              
[1;31merror[0m: unknown function 'pritn' (did you mean 'print'?)
  [1;34m-->[0m test.sn:1:9
      var x = pritn()
              [1;31m^^^^^[0m

[0;32mPASS[0m  (0.01ms)
  error_with_null_suggestion                         
[1;31merror[0m: unknown identifier
  [1;34m-->[0m test.sn:1:9
      var x = unknown
              [1;31m^^^^^^^[0m

[0;32mPASS[0m  (0.01ms)

[1mDiagnostic - Warning Reporting[0m
------------------------------------------------------------
  warning_at_token                                   
[1;33mwarning[0m: unused variable 'x'
  [1;34m-->[0m test.sn:1:5
      var x = 42
          [1;33m^[0m

[0;32mPASS[0m  (0.01ms)
  warning_at_null_token                              
[1;33mwarning[0m: warning with null token

[0;32mPASS[0m  (0.00ms)

[1mDiagnostic - Note Reporting[0m
------------------------------------------------------------
  note_at_token                                      
[1;36mnote[0m: function defined here
  [1;34m-->[0m test.sn:1:4
      fn foo() {}
         [1;36m^^^[0m

[0;32mPASS[0m  (0.01ms)
  note_at_null_token                                 
[1;36mnote[0m: note with null token

[0;32mPASS[0m  (0.00ms)

[1mDiagnostic - diagnostic_error()[0m
------------------------------------------------------------
  error_with_location                                
[1;31merror[0m: unexpected token
  [1;34m-->[0m test.sn:1:5
      var x = 42
          [1;31m^[0m

[0;32mPASS[0m  (0.01ms)
  error_null_filename                                
[1;31merror[0m: error without filename

[0;32mPASS[0m  (0.00ms)
  error_zero_line                                    
[1;31merror[0m: error at unknown location
  [1;34m-->[0m test.sn

[0;32mPASS[0m  (0.00ms)
  error_large_line                                   
[1;31merror[0m: error at large line number
  [1;34m-->[0m test.sn:9999:1

[0;32mPASS[0m  (0.01ms)

[1mDiagnostic - diagnostic_report()[0m
------------------------------------------------------------
  report_error_level                                 
[1;31merror[0m: error message
  [1;34m-->[0m test.sn:1:1
      source
      [1;31m^[0m

[0;32mPASS[0m  (0.01ms)
  report_warning_level                               
[1;33mwarning[0m: warning message
  [1;34m-->[0m test.sn:1:1
      source
      [1;33m^[0m

[0;32mPASS[0m  (0.01ms)
  report_note_level                                  
[1;36mnote[0m: note message
  [1;34m-->[0m test.sn:1:1
      source
      [1;36m^[0m

[0;32mPASS[0m  (0.01ms)
  report_invalid_level                               
[1;31merror[0m: invalid level
  [1;34m-->[0m test.sn:1:1
      source
      [1;31m^[0m

[0;32mPASS[0m  (0.01ms)

[1mDiagnostic - Phase Reporting[0m
------------------------------------------------------------
  phase_parsing                                        Parsing... [1;36mdone[0m
[0;32mPASS[0m  (0.00ms)
  phase_type_check                                     Type checking... [1;36mdone[0m
[0;32mPASS[0m  (0.00ms)
  phase_code_gen                                       Code generation... [1;36mdone[0m
[0;32mPASS[0m  (0.00ms)
  phase_linking                                        Linking... [1;36mdone[0m
[0;32mPASS[0m  (0.00ms)
  phase_failed                                         Parsing... [1;31mfailed[0m

[0;32mPASS[0m  (0.00ms)
  phase_with_timing                                    Parsing... [1;36mdone[0m (0.50s)
[0;32mPASS[0m  (0.00ms)

[1mDiagnostic - Compile Status[0m
------------------------------------------------------------
  compile_start                                      [1mCompiling[0m test.sn...
[0;32mPASS[0m  (0.00ms)
  compile_success                                    [1;36mDone[0m: output.exe (12.1 KB)
[0;32mPASS[0m  (0.00ms)
  compile_success_large_file                         [1;36mDone[0m: output.exe (10.0 MB)
[0;32mPASS[0m  (0.00ms)
  compile_success_small_file                         [1;36mDone[0m: output.exe (100 bytes)
[0;32mPASS[0m  (0.00ms)
  compile_success_verbose                            
[1;36mDone[0m: output.exe (100.0 KB) in 0.50s
[0;32mPASS[0m  (0.00ms)
  compile_failed                                     [1;31mCompilation failed[0m
[0;32mPASS[0m  (0.00ms)
  compile_failed_with_errors                         
[1;31merror[0m: error 1


[1;31merror[0m: error 2

[1;31mCompilation failed[0m: 2 errors
[0;32mPASS[0m  (0.01ms)

[1mDiagnostic - Edge Cases[0m
------------------------------------------------------------
  many_errors                                        
[1;31merror[0m: error 0


[1;31merror[0m: error 1


[1;31merror[0m: error 2


[1;31merror[0m: error 3


[1;31merror[0m: error 4


[1;31merror[0m: error 5


[1;31merror[0m: error 6


[1;31merror[0m: error 7


[1;31merror[0m: error 8


[1;31merror[0m: error 9


[1;31merror[0m: error 10


[1;31merror[0m: error 11


[1;31merror[0m: error 12


[1;31merror[0m: error 13


[1;31merror[0m: error 14


[1;31merror[0m: error 15


[1;31merror[0m: error 16


[1;31merror[0m: error 17


[1;31merror[0m: error 18


[1;31merror[0m: error 19


[1;31merror[0m: error 20


[1;31merror[0m: error 21


[1;31merror[0m: error 22


[1;31merror[0m: error 23


[1;31merror[0m: error 24


[1;31merror[0m: error 25


[1;31merror[0m: error 26


[1;31merror[0m: error 27


[1;31merror[0m: error 28


[1;31merror[0m: error 29


[1;31merror[0m: error 30


[1;31merror[0m: error 31


[1;31merror[0m: error 32


[1;31merror[0m: error 33


[1;31merror[0m: error 34


[1;31merror[0m: error 35


[1;31merror[0m: error 36


[1;31merror[0m: error 37


[1;31merror[0m: error 38


[1;31merror[0m: error 39


[1;31merror[0m: error 40


[1;31merror[0m: error 41


[1;31merror[0m: error 42


[1;31merror[0m: error 43


[1;31merror[0m: error 44


[1;31merror[0m: error 45


[1;31merror[0m: error 46


[1;31merror[0m: error 47


[1;31merror[0m: error 48


[1;31merror[0m: error 49


[1;31merror[0m: error 50


[1;31merror[0m: error 51


[1;31merror[0m: error 52


[1;31merror[0m: error 53


[1;31merror[0m: error 54


[1;31merror[0m: error 55


[1;31merror[0m: error 56


[1;31merror[0m: error 57


[1;31merror[0m: error 58


[1;31merror[0m: error 59


[1;31merror[0m: error 60


[1;31merror[0m: error 61


[1;31merror[0m: error 62


[1;31merror[0m: error 63


[1;31merror[0m: error 64


[1;31merror[0m: error 65


[1;31merror[0m: error 66


[1;31merror[0m: error 67


[1;31merror[0m: error 68


[1;31merror[0m: error 69


[1;31merror[0m: error 70


[1;31merror[0m: error 71


[1;31merror[0m: error 72


[1;31merror[0m: error 73


[1;31merror[0m: error 74


[1;31merror[0m: error 75


[1;31merror[0m: error 76


[1;31merror[0m: error 77


[1;31merror[0m: error 78


[1;31merror[0m: error 79


[1;31merror[0m: error 80


[1;31merror[0m: error 81


[1;31merror[0m: error 82


[1;31merror[0m: error 83


[1;31merror[0m: error 84


[1;31merror[0m: error 85


[1;31merror[0m: error 86


[1;31merror[0m: error 87


[1;31merror[0m: error 88


[1;31merror[0m: error 89


[1;31merror[0m: error 90


[1;31merror[0m: error 91


[1;31merror[0m: error 92


[1;31merror[0m: error 93


[1;31merror[0m: error 94


[1;31merror[0m: error 95


[1;31merror[0m: error 96


[1;31merror[0m: error 97


[1;31merror[0m: error 98


[1;31merror[0m: error 99

[0;32mPASS[0m  (0.18ms)
  many_warnings                                      
[1;33mwarning[0m: warning 0
  [1;34m-->[0m test.sn:1:1
      source
      [1;33m^[0m


[1;33mwarning[0m: warning 1
  [1;34m-->[0m test.sn:1:1
      source
      [1;33m^[0m


[1;33mwarning[0m: warning 2
  [1;34m-->[0m test.sn:1:1
      source
      [1;33m^[0m


[1;33mwarning[0m: warning 3
  [1;34m-->[0m test.sn:1:1
      source
      [1;33m^[0m


[1;33mwarning[0m: warning 4
  [1;34m-->[0m test.sn:1:1
      source
      [1;33m^[0m


[1;33mwarning[0m: warning 5
  [1;34m-->[0m test.sn:1:1
      source
      [1;33m^[0m


[1;33mwarning[0m: warning 6
  [1;34m-->[0m test.sn:1:1
      source
      [1;33m^[0m


[1;33mwarning[0m: warning 7
  [1;34m-->[0m test.sn:1:1
      source
      [1;33m^[0m


[1;33mwarning[0m: warning 8
  [1;34m-->[0m test.sn:1:1
      source
      [1;33m^[0m


[1;33mwarning[0m: warning 9
  [1;34m-->[0m test.sn:1:1
      source
      [1;33m^[0m


[1;33mwarning[0m: warning 10
  [1;34m-->[0m test.sn:1:1
      source
      [1;33m^[0m


[1;33mwarning[0m: warning 11
  [1;34m-->[0m test.sn:1:1
      source
      [1;33m^[0m


[1;33mwarning[0m: warning 12
  [1;34m-->[0m test.sn:1:1
      source
      [1;33m^[0m


[1;33mwarning[0m: warning 13
  [1;34m-->[0m test.sn:1:1
      source
      [1;33m^[0m


[1;33mwarning[0m: warning 14
  [1;34m-->[0m test.sn:1:1
      source
      [1;33m^[0m


[1;33mwarning[0m: warning 15
  [1;34m-->[0m test.sn:1:1
      source
      [1;33m^[0m


[1;33mwarning[0m: warning 16
  [1;34m-->[0m test.sn:1:1
      source
      [1;33m^[0m


[1;33mwarning[0m: warning 17
  [1;34m-->[0m test.sn:1:1
      source
      [1;33m^[0m


[1;33mwarning[0m: warning 18
  [1;34m-->[0m test.sn:1:1
      source
      [1;33m^[0m


[1;33mwarning[0m: warning 19
  [1;34m-->[0m test.sn:1:1
      source
      [1;33m^[0m


[1;33mwarning[0m: warning 20
  [1;34m-->[0m test.sn:1:1
      source
      [1;33m^[0m


[1;33mwarning[0m: warning 21
  [1;34m-->[0m test.sn:1:1
      source
      [1;33m^[0m


[1;33mwarning[0m: warning 22
  [1;34m-->[0m test.sn:1:1
      source
      [1;33m^[0m


[1;33mwarning[0m: warning 23
  [1;34m-->[0m test.sn:1:1
      source
      [1;33m^[0m


[1;33mwarning[0m: warning 24
  [1;34m-->[0m test.sn:1:1
      source
      [1;33m^[0m


[1;33mwarning[0m: warning 25
  [1;34m-->[0m test.sn:1:1
      source
      [1;33m^[0m


[1;33mwarning[0m: warning 26
  [1;34m-->[0m test.sn:1:1
      source
      [1;33m^[0m


[1;33mwarning[0m: warning 27
  [1;34m-->[0m test.sn:1:1
      source
      [1;33m^[0m


[1;33mwarning[0m: warning 28
  [1;34m-->[0m test.sn:1:1
      source
      [1;33m^[0m


[1;33mwarning[0m: warning 29
  [1;34m-->[0m test.sn:1:1
      source
      [1;33m^[0m


[1;33mwarning[0m: warning 30
  [1;34m-->[0m test.sn:1:1
      source
      [1;33m^[0m


[1;33mwarning[0m: warning 31
  [1;34m-->[0m test.sn:1:1
      source
      [1;33m^[0m


[1;33mwarning[0m: warning 32
  [1;34m-->[0m test.sn:1:1
      source
      [1;33m^[0m


[1;33mwarning[0m: warning 33
  [1;34m-->[0m test.sn:1:1
      source
      [1;33m^[0m


[1;33mwarning[0m: warning 34
  [1;34m-->[0m test.sn:1:1
      source
      [1;33m^[0m


[1;33mwarning[0m: warning 35
  [1;34m-->[0m test.sn:1:1
      source
      [1;33m^[0m


[1;33mwarning[0m: warning 36
  [1;34m-->[0m test.sn:1:1
      source
      [1;33m^[0m


[1;33mwarning[0m: warning 37
  [1;34m-->[0m test.sn:1:1
      source
      [1;33m^[0m


[1;33mwarning[0m: warning 38
  [1;34m-->[0m test.sn:1:1
      source
      [1;33m^[0m


[1;33mwarning[0m: warning 39
  [1;34m-->[0m test.sn:1:1
      source
      [1;33m^[0m


[1;33mwarning[0m: warning 40
  [1;34m-->[0m test.sn:1:1
      source
      [1;33m^[0m


[1;33mwarning[0m: warning 41
  [1;34m-->[0m test.sn:1:1
      source
      [1;33m^[0m


[1;33mwarning[0m: warning 42
  [1;34m-->[0m test.sn:1:1
      source
      [1;33m^[0m


[1;33mwarning[0m: warning 43
  [1;34m-->[0m test.sn:1:1
      source
      [1;33m^[0m


[1;33mwarning[0m: warning 44
  [1;34m-->[0m test.sn:1:1
      source
      [1;33m^[0m


[1;33mwarning[0m: warning 45
  [1;34m-->[0m test.sn:1:1
      source
      [1;33m^[0m


[1;33mwarning[0m: warning 46
  [1;34m-->[0m test.sn:1:1
      source
      [1;33m^[0m


[1;33mwarning[0m: warning 47
  [1;34m-->[0m test.sn:1:1
      source
      [1;33m^[0m


[1;33mwarning[0m: warning 48
  [1;34m-->[0m test.sn:1:1
      source
      [1;33m^[0m


[1;33mwarning[0m: warning 49
  [1;34m-->[0m test.sn:1:1
      source
      [1;33m^[0m


[1;33mwarning[0m: warning 50
  [1;34m-->[0m test.sn:1:1
      source
      [1;33m^[0m


[1;33mwarning[0m: warning 51
  [1;34m-->[0m test.sn:1:1
      source
      [1;33m^[0m


[1;33mwarning[0m: warning 52
  [1;34m-->[0m test.sn:1:1
      source
      [1;33m^[0m


[1;33mwarning[0m: warning 53
  [1;34m-->[0m test.sn:1:1
      source
      [1;33m^[0m


[1;33mwarning[0m: warning 54
  [1;34m-->[0m test.sn:1:1
      source
      [1;33m^[0m


[1;33mwarning[0m: warning 55
  [1;34m-->[0m test.sn:1:1
      source
      [1;33m^[0m


[1;33mwarning[0m: warning 56
  [1;34m-->[0m test.sn:1:1
      source
      [1;33m^[0m


[1;33mwarning[0m: warning 57
  [1;34m-->[0m test.sn:1:1
      source
      [1;33m^[0m


[1;33mwarning[0m: warning 58
  [1;34m-->[0m test.sn:1:1
      source
      [1;33m^[0m


[1;33mwarning[0m: warning 59
  [1;34m-->[0m test.sn:1:1
      source
      [1;33m^[0m


[1;33mwarning[0m: warning 60
  [1;34m-->[0m test.sn:1:1
      source
      [1;33m^[0m


[1;33mwarning[0m: warning 61
  [1;34m-->[0m test.sn:1:1
      source
      [1;33m^[0m


[1;33mwarning[0m: warning 62
  [1;34m-->[0m test.sn:1:1
      source
      [1;33m^[0m


[1;33mwarning[0m: warning 63
  [1;34m-->[0m test.sn:1:1
      source
      [1;33m^[0m


[1;33mwarning[0m: warning 64
  [1;34m-->[0m test.sn:1:1
      source
      [1;33m^[0m


[1;33mwarning[0m: warning 65
  [1;34m-->[0m test.sn:1:1
      source
      [1;33m^[0m


[1;33mwarning[0m: warning 66
  [1;34m-->[0m test.sn:1:1
      source
      [1;33m^[0m


[1;33mwarning[0m: warning 67
  [1;34m-->[0m test.sn:1:1
      source
      [1;33m^[0m


[1;33mwarning[0m: warning 68
  [1;34m-->[0m test.sn:1:1
      source
      [1;33m^[0m


[1;33mwarning[0m: warning 69
  [1;34m-->[0m test.sn:1:1
      source
      [1;33m^[0m


[1;33mwarning[0m: warning 70
  [1;34m-->[0m test.sn:1:1
      source
      [1;33m^[0m


[1;33mwarning[0m: warning 71
  [1;34m-->[0m test.sn:1:1
      source
      [1;33m^[0m


[1;33mwarning[0m: warning 72
  [1;34m-->[0m test.sn:1:1
      source
      [1;33m^[0m


[1;33mwarning[0m: warning 73
  [1;34m-->[0m test.sn:1:1
      source
      [1;33m^[0m


[1;33mwarning[0m: warning 74
  [1;34m-->[0m test.sn:1:1
      source
      [1;33m^[0m


[1;33mwarning[0m: warning 75
  [1;34m-->[0m test.sn:1:1
      source
      [1;33m^[0m


[1;33mwarning[0m: warning 76
  [1;34m-->[0m test.sn:1:1
      source
      [1;33m^[0m


[1;33mwarning[0m: warning 77
  [1;34m-->[0m test.sn:1:1
      source
      [1;33m^[0m


[1;33mwarning[0m: warning 78
  [1;34m-->[0m test.sn:1:1
      source
      [1;33m^[0m


[1;33mwarning[0m: warning 79
  [1;34m-->[0m test.sn:1:1
      source
      [1;33m^[0m


[1;33mwarning[0m: warning 80
  [1;34m-->[0m test.sn:1:1
      source
      [1;33m^[0m


[1;33mwarning[0m: warning 81
  [1;34m-->[0m test.sn:1:1
      source
      [1;33m^[0m


[1;33mwarning[0m: warning 82
  [1;34m-->[0m test.sn:1:1
      source
      [1;33m^[0m


[1;33mwarning[0m: warning 83
  [1;34m-->[0m test.sn:1:1
      source
      [1;33m^[0m


[1;33mwarning[0m: warning 84
  [1;34m-->[0m test.sn:1:1
      source
      [1;33m^[0m


[1;33mwarning[0m: warning 85
  [1;34m-->[0m test.sn:1:1
      source
      [1;33m^[0m


[1;33mwarning[0m: warning 86
  [1;34m-->[0m test.sn:1:1
      source
      [1;33m^[0m


[1;33mwarning[0m: warning 87
  [1;34m-->[0m test.sn:1:1
      source
      [1;33m^[0m


[1;33mwarning[0m: warning 88
  [1;34m-->[0m test.sn:1:1
      source
      [1;33m^[0m


[1;33mwarning[0m: warning 89
  [1;34m-->[0m test.sn:1:1
      source
      [1;33m^[0m


[1;33mwarning[0m: warning 90
  [1;34m-->[0m test.sn:1:1
      source
      [1;33m^[0m


[1;33mwarning[0m: warning 91
  [1;34m-->[0m test.sn:1:1
      source
      [1;33m^[0m


[1;33mwarning[0m: warning 92
  [1;34m-->[0m test.sn:1:1
      source
      [1;33m^[0m


[1;33mwarning[0m: warning 93
  [1;34m-->[0m test.sn:1:1
      source
      [1;33m^[0m


[1;33mwarning[0m: warning 94
  [1;34m-->[0m test.sn:1:1
      source
      [1;33m^[0m


[1;33mwarning[0m: warning 95
  [1;34m-->[0m test.sn:1:1
      source
      [1;33m^[0m


[1;33mwarning[0m: warning 96
  [1;34m-->[0m test.sn:1:1
      source
      [1;33m^[0m


[1;33mwarning[0m: warning 97
  [1;34m-->[0m test.sn:1:1
      source
      [1;33m^[0m


[1;33mwarning[0m: warning 98
  [1;34m-->[0m test.sn:1:1
      source
      [1;33m^[0m


[1;33mwarning[0m: warning 99
  [1;34m-->[0m test.sn:1:1
      source
      [1;33m^[0m

[0;32mPASS[0m  (0.74ms)
  mixed_errors_and_warnings                          
[1;31merror[0m: error 0


[1;33mwarning[0m: warning 0
  [1;34m-->[0m test.sn:1:1
      source
      [1;33m^[0m


[1;31merror[0m: error 1


[1;33mwarning[0m: warning 1
  [1;34m-->[0m test.sn:1:1
      source
      [1;33m^[0m


[1;31merror[0m: error 2


[1;33mwarning[0m: warning 2
  [1;34m-->[0m test.sn:1:1
      source
      [1;33m^[0m


[1;31merror[0m: error 3


[1;33mwarning[0m: warning 3
  [1;34m-->[0m test.sn:1:1
      source
      [1;33m^[0m


[1;31merror[0m: error 4


[1;33mwarning[0m: warning 4
  [1;34m-->[0m test.sn:1:1
      source
      [1;33m^[0m


[1;31merror[0m: error 5


[1;33mwarning[0m: warning 5
  [1;34m-->[0m test.sn:1:1
      source
      [1;33m^[0m


[1;31merror[0m: error 6


[1;33mwarning[0m: warning 6
  [1;34m-->[0m test.sn:1:1
      source
      [1;33m^[0m


[1;31merror[0m: error 7


[1;33mwarning[0m: warning 7
  [1;34m-->[0m test.sn:1:1
      source
      [1;33m^[0m


[1;31merror[0m: error 8


[1;33mwarning[0m: warning 8
  [1;34m-->[0m test.sn:1:1
      source
      [1;33m^[0m


[1;31merror[0m: error 9


[1;33mwarning[0m: warning 9
  [1;34m-->[0m test.sn:1:1
      source
      [1;33m^[0m


[1;31merror[0m: error 10


[1;33mwarning[0m: warning 10
  [1;34m-->[0m test.sn:1:1
      source
      [1;33m^[0m


[1;31merror[0m: error 11


[1;33mwarning[0m: warning 11
  [1;34m-->[0m test.sn:1:1
      source
      [1;33m^[0m


[1;31merror[0m: error 12


[1;33mwarning[0m: warning 12
  [1;34m-->[0m test.sn:1:1
      source
      [1;33m^[0m


[1;31merror[0m: error 13


[1;33mwarning[0m: warning 13
  [1;34m-->[0m test.sn:1:1
      source
      [1;33m^[0m


[1;31merror[0m: error 14


[1;33mwarning[0m: warning 14
  [1;34m-->[0m test.sn:1:1
      source
      [1;33m^[0m


[1;31merror[0m: error 15


[1;33mwarning[0m: warning 15
  [1;34m-->[0m test.sn:1:1
      source
      [1;33m^[0m


[1;31merror[0m: error 16


[1;33mwarning[0m: warning 16
  [1;34m-->[0m test.sn:1:1
      source
      [1;33m^[0m


[1;31merror[0m: error 17


[1;33mwarning[0m: warning 17
  [1;34m-->[0m test.sn:1:1
      source
      [1;33m^[0m


[1;31merror[0m: error 18


[1;33mwarning[0m: warning 18
  [1;34m-->[0m test.sn:1:1
      source
      [1;33m^[0m


[1;31merror[0m: error 19


[1;33mwarning[0m: warning 19
  [1;34m-->[0m test.sn:1:1
      source
      [1;33m^[0m


[1;31merror[0m: error 20


[1;33mwarning[0m: warning 20
  [1;34m-->[0m test.sn:1:1
      source
      [1;33m^[0m


[1;31merror[0m: error 21


[1;33mwarning[0m: warning 21
  [1;34m-->[0m test.sn:1:1
      source
      [1;33m^[0m


[1;31merror[0m: error 22


[1;33mwarning[0m: warning 22
  [1;34m-->[0m test.sn:1:1
      source
      [1;33m^[0m


[1;31merror[0m: error 23


[1;33mwarning[0m: warning 23
  [1;34m-->[0m test.sn:1:1
      source
      [1;33m^[0m


[1;31merror[0m: error 24


[1;33mwarning[0m: warning 24
  [1;34m-->[0m test.sn:1:1
      source
      [1;33m^[0m


[1;31merror[0m: error 25


[1;33mwarning[0m: warning 25
  [1;34m-->[0m test.sn:1:1
      source
      [1;33m^[0m


[1;31merror[0m: error 26


[1;33mwarning[0m: warning 26
  [1;34m-->[0m test.sn:1:1
      source
      [1;33m^[0m


[1;31merror[0m: error 27


[1;33mwarning[0m: warning 27
  [1;34m-->[0m test.sn:1:1
      source
      [1;33m^[0m


[1;31merror[0m: error 28


[1;33mwarning[0m: warning 28
  [1;34m-->[0m test.sn:1:1
      source
      [1;33m^[0m


[1;31merror[0m: error 29


[1;33mwarning[0m: warning 29
  [1;34m-->[0m test.sn:1:1
      source
      [1;33m^[0m


[1;31merror[0m: error 30


[1;33mwarning[0m: warning 30
  [1;34m-->[0m test.sn:1:1
      source
      [1;33m^[0m


[1;31merror[0m: error 31


[1;33mwarning[0m: warning 31
  [1;34m-->[0m test.sn:1:1
      source
      [1;33m^[0m


[1;31merror[0m: error 32


[1;33mwarning[0m: warning 32
  [1;34m-->[0m test.sn:1:1
      source
      [1;33m^[0m


[1;31merror[0m: error 33


[1;33mwarning[0m: warning 33
  [1;34m-->[0m test.sn:1:1
      source
      [1;33m^[0m


[1;31merror[0m: error 34


[1;33mwarning[0m: warning 34
  [1;34m-->[0m test.sn:1:1
      source
      [1;33m^[0m


[1;31merror[0m: error 35


[1;33mwarning[0m: warning 35
  [1;34m-->[0m test.sn:1:1
      source
      [1;33m^[0m


[1;31merror[0m: error 36


[1;33mwarning[0m: warning 36
  [1;34m-->[0m test.sn:1:1
      source
      [1;33m^[0m


[1;31merror[0m: error 37


[1;33mwarning[0m: warning 37
  [1;34m-->[0m test.sn:1:1
      source
      [1;33m^[0m


[1;31merror[0m: error 38


[1;33mwarning[0m: warning 38
  [1;34m-->[0m test.sn:1:1
      source
      [1;33m^[0m


[1;31merror[0m: error 39


[1;33mwarning[0m: warning 39
  [1;34m-->[0m test.sn:1:1
      source
      [1;33m^[0m


[1;31merror[0m: error 40


[1;33mwarning[0m: warning 40
  [1;34m-->[0m test.sn:1:1
      source
      [1;33m^[0m


[1;31merror[0m: error 41


[1;33mwarning[0m: warning 41
  [1;34m-->[0m test.sn:1:1
      source
      [1;33m^[0m


[1;31merror[0m: error 42


[1;33mwarning[0m: warning 42
  [1;34m-->[0m test.sn:1:1
      source
      [1;33m^[0m


[1;31merror[0m: error 43


[1;33mwarning[0m: warning 43
  [1;34m-->[0m test.sn:1:1
      source
      [1;33m^[0m


[1;31merror[0m: error 44


[1;33mwarning[0m: warning 44
  [1;34m-->[0m test.sn:1:1
      source
      [1;33m^[0m


[1;31merror[0m: error 45


[1;33mwarning[0m: warning 45
  [1;34m-->[0m test.sn:1:1
      source
      [1;33m^[0m


[1;31merror[0m: error 46


[1;33mwarning[0m: warning 46
  [1;34m-->[0m test.sn:1:1
      source
      [1;33m^[0m


[1;31merror[0m: error 47


[1;33mwarning[0m: warning 47
  [1;34m-->[0m test.sn:1:1
      source
      [1;33m^[0m


[1;31merror[0m: error 48


[1;33mwarning[0m: warning 48
  [1;34m-->[0m test.sn:1:1
      source
      [1;33m^[0m


[1;31merror[0m: error 49


[1;33mwarning[0m: warning 49
  [1;34m-->[0m test.sn:1:1
      source
      [1;33m^[0m

[0;32mPASS[0m  (0.46ms)
  long_error_message                                 
[1;31merror[0m: xxxxxxxxxxxxxxxxxxxxxxxxxxxxxxxxxxxxxxxxxxxxxxxxxxxxxxxxxxxxxxxxxxxxxxxxxxxxxxxxxxxxxxxxxxxxxxxxxxxxxxxxxxxxxxxxxxxxxxxxxxxxxxxxxxxxxxxxxxxxxxxxxxxxxxxxxxxxxxxxxxxxxxxxxxxxxxxxxxxxxxxxxxxxxxxxxxxxxxxxxxxxxxxxxxxxxxxxxxxxxxxxxxxxxxxxxxxxxxxxxxxxxxxxxxxxxxxxxxxxxxxxxxxxxxxxxxxxxxxxxxxxxxxxxxxxxxxxxxxxxxxxxxxxxxxxxxxxxxxxxxxxxxxxxxxxxxxxxxxxxxxxxxxxxxxxxxxxxxxxxxxxxxxxxxxxxxxxxxxxxxxxxxxxxxxxxxxxxxxxxxxxxxxxxxxxxxxxxxxxxxxxxxxxxxxxxxxxxxxxxxxxxxxxxxxxxxxxxxxxxxxxxxxxxxxxxxxxxxxxxxxxxxxxxxxxxxxxxxxxxxxxxxxxxxx

[0;32mPASS[0m  (0.00ms)
  special_chars_in_message                           
[1;31merror[0m: error with special chars: <>"'&%

[0;32mPASS[0m  (0.00ms)

[1mDiagnostic - Reinit[0m
------------------------------------------------------------
  reinit_clears_counts                               
[1;31merror[0m: error

[0;32mPASS[0m  (0.00ms)
  reinit_with_different_source                       [0;32mPASS[0m  (0.00ms)

[1mDiagnostic - Stress Tests[0m
------------------------------------------------------------
  repeated_init                                      [0;32mPASS[0m  (0.00ms)
  repeated_reset                                     
[1;31merror[0m: error


[1;31merror[0m: error


[1;31merror[0m: error


[1;31merror[0m: error


[1;31merror[0m: error


[1;31merror[0m: error


[1;31merror[0m: error


[1;31merror[0m: error


[1;31merror[0m: error


[1;31merror[0m: error


[1;31merror[0m: error


[1;31merror[0m: error


[1;31merror[0m: error


[1;31merror[0m: error


[1;31merror[0m: error


[1;31merror[0m: error


[1;31merror[0m: error


[1;31merror[0m: error


[1;31merror[0m: error


[1;31merror[0m: error


[1;31merror[0m: error


[1;31merror[0m: error


[1;31merror[0m: error


[1;31merror[0m: error


[1;31merror[0m: error


[1;31merror[0m: error


[1;31merror[0m: error


[1;31merror[0m: error


[1;31merror[0m: error


[1;31merror[0m: error


[1;31merror[0m: error


[1;31merror[0m: error


[1;31merror[0m: error


[1;31merror[0m: error


[1;31merror[0m: error


[1;31merror[0m: error


[1;31merror[0m: error


[1;31merror[0m: error


[1;31merror[0m: error


[1;31merror[0m: error


[1;31merror[0m: error


[1;31merror[0m: error


[1;31merror[0m: error


[1;31merror[0m: error


[1;31merror[0m: error


[1;31merror[0m: error


[1;31merror[0m: error


[1;31merror[0m: error


[1;31merror[0m: error


[1;31merror[0m: error


[1;31merror[0m: error


[1;31merror[0m: error


[1;31merror[0m: error


[1;31merror[0m: error


[1;31merror[0m: error


[1;31merror[0m: error


[1;31merror[0m: error


[1;31merror[0m: error


[1;31merror[0m: error


[1;31merror[0m: error


[1;31merror[0m: error


[1;31merror[0m: error


[1;31merror[0m: error


[1;31merror[0m: error


[1;31merror[0m: error


[1;31merror[0m: error


[1;31merror[0m: error


[1;31merror[0m: error


[1;31merror[0m: error


[1;31merror[0m: error


[1;31merror[0m: error


[1;31merror[0m: error


[1;31merror[0m: error


[1;31merror[0m: error


[1;31merror[0m: error


[1;31merror[0m: error


[1;31merror[0m: error


[1;31merror[0m: error


[1;31merror[0m: error


[1;31merror[0m: error


[1;31merror[0m: error


[1;31merror[0m: error


[1;31merror[0m: error


[1;31merror[0m: error


[1;31merror[0m: error


[1;31merror[0m: error


[1;31merror[0m: error


[1;31merror[0m: error


[1;31merror[0m: error


[1;31merror[0m: error


[1;31merror[0m: error


[1;31merror[0m: error


[1;31merror[0m: error


[1;31merror[0m: error


[1;31merror[0m: error


[1;31merror[0m: error


[1;31merror[0m: error


[1;31merror[0m: error


[1;31merror[0m: error


[1;31merror[0m: error

[0;32mPASS[0m  (0.16ms)

[1mOwnership classifier[0m
------------------------------------------------------------
  owned_call_forms                                   [0;32mPASS[0m  (0.00ms)
  owned_constructors                                 [0;32mPASS[0m  (0.00ms)
  owned_thread_forms                                 [0;32mPASS[0m  (0.00ms)
  owned_operators                                    [0;32mPASS[0m  (0.00ms)
  owned_nil_literal                                  [0;32mPASS[0m  (0.00ms)
  borrow_reads                                       [0;32mPASS[0m  (0.00ms)
  owned_transforms                                   [0;32mPASS[0m  (0.00ms)
  borrow_literals                                    [0;32mPASS[0m  (0.00ms)
  borrow_thread_sync_from_handle                     [0;32mPASS[0m  (0.00ms)
  null_source_is_safe                                [0;32mPASS[0m  (0.00ms)
  kind_str_roundtrip                                 [0;32mPASS[0m  (0.00ms)
  regression_queue_drain_take_owned                  [0;32mPASS[0m  (0.00ms)
  regression_literal_push_owned                      [0;32mPASS[0m  (0.00ms)
  regression_lvalue_push_borrow                      [0;32mPASS[0m  (0.00ms)
  regression_return_from_container                   [0;32mPASS[0m  (0.00ms)

[1mModular Model Ownership[0m
------------------------------------------------------------
  gen_model_split_native_externs                     [0;32mPASS[0m  (0.19ms)
  gen_model_split_windows_entry_path                 [0;32mPASS[0m  (0.05ms)
  gen_model_split_windows_external_path              [0;32mPASS[0m  (0.04ms)

[1mAST Type Tests[0m
------------------------------------------------------------
  ast_create_primitive_type                          [0;32mPASS[0m  (0.01ms)
  ast_create_array_type                              [0;32mPASS[0m  (0.00ms)
  ast_create_function_type                           [ERROR] /home/gavin/code/sindarin/sindarin-rust-parity-goal/src/ast/ast_type.c:332: Cannot create function type: param_types is NULL but param_count > 0
[0;32mPASS[0m  (0.06ms)
  ast_clone_type                                     [0;32mPASS[0m  (0.00ms)
  ast_type_equals                                    [0;32mPASS[0m  (0.00ms)
  ast_type_to_string                                 [0;32mPASS[0m  (0.00ms)
  ast_struct_method_return_qualifiers_on_poisoned_storage tests: /home/gavin/code/sindarin/sindarin-rust-parity-goal/tests/unit/ast/ast_tests_type.c:305: test_ast_struct_method_return_qualifiers_on_poisoned_storage: Assertion `type->as.struct_type.methods[i].return_mem_qualifier == methods[i].return_mem_qualifier' failed.
