Compiler: /home/gavin/code/sindarin/sindarin-rust-parity-completion/bin/sn
Platform: Linux
Parallel: 20 workers

Unit Tests
============================================================
Results: [0;32m1610 passed[0m, [0;31m0 failed[0m  (total: 17.29ms)
------------------------------------------------------------
Unit tests passed  (19ms)

Code Generation Tests
============================================================
  Running 107 tests with 20 workers...
                                                            
------------------------------------------------------------
Results: 107 passed, 0 failed, 0 skipped  (436ms)

Model Generation Tests
============================================================
  Running 79 tests with 20 workers...
                                                            
------------------------------------------------------------
Results: 79 passed, 0 failed, 0 skipped  (49ms)

Integration Tests
============================================================
  Running 1141 tests with 20 workers...
                                                            
------------------------------------------------------------
Results: 1141 passed, 0 failed, 0 skipped  (4.81s)

Integration Error Tests
============================================================
  Running 58 tests with 20 workers...
                                                            
------------------------------------------------------------
Results: 58 passed, 0 failed, 0 skipped  (46ms)

Exploratory Tests
============================================================
  Running 224 tests with 20 workers...
                                                            
------------------------------------------------------------
Results: 224 passed, 0 failed, 0 skipped  (12.70s)

Exploratory Error Tests
============================================================
  Running 11 tests with 20 workers...
                                                            
------------------------------------------------------------
Results: 11 passed, 0 failed, 0 skipped  (8ms)

All tests passed!  (total: 18.07s)
