Compiler: /home/gavin/code/sindarin/sindarin-rust-pointer-slices-b5efa4c7/bin/sn
Platform: Linux
Parallel: 8 workers

Rust Generation Tests
============================================================
  Running 491 tests with 8 workers...
                                                            
------------------------------------------------------------
Results: 491 passed, 0 failed, 0 skipped  (21.39s)

Rust Generation Error Tests
============================================================
  Running 133 tests with 8 workers...
                                                            
------------------------------------------------------------
Results: 133 passed, 0 failed, 0 skipped  (51ms)

Tagged Native Scalar/Source/Link Parity Tests
============================================================
  Running 8 tests with 8 workers...
                                                            
------------------------------------------------------------
Results: 8 passed, 0 failed, 0 skipped  (436ms)

Post-Tag Rust Native Extra Coverage
============================================================
  Running 64 tests with 8 workers...
                                                            
------------------------------------------------------------
Results: 64 passed, 0 failed, 0 skipped  (4.77s)

Rust Native Imported-Origin Extra Coverage
============================================================
  Running 1 tests with 8 workers...
                                                            
------------------------------------------------------------
Results: 1 passed, 0 failed, 0 skipped  (253ms)

Rust Native Scalar Error Tests
============================================================
  Running 4 tests with 8 workers...
                                                            
------------------------------------------------------------
Results: 4 passed, 0 failed, 0 skipped  (47ms)

Rust Closure Value Tests
============================================================
  Running 36 tests with 8 workers...
                                                            
------------------------------------------------------------
Results: 36 passed, 0 failed, 0 skipped  (1.41s)

Rust Closure Value Error Tests
============================================================
  Running 1 tests with 8 workers...
                                                            
------------------------------------------------------------
Results: 1 passed, 0 failed, 0 skipped  (2ms)

Rust Concurrency Tests
============================================================
  Running 10 tests with 8 workers...
                                                            
------------------------------------------------------------
Results: 10 passed, 0 failed, 0 skipped  (619ms)

Promoted Rust Concurrency Tests
============================================================
  Running 7 tests with 8 workers...
                                                            
------------------------------------------------------------
Results: 7 passed, 0 failed, 0 skipped  (272ms)

Rust Concurrency Error Tests
============================================================
  Running 1 tests with 8 workers...
                                                            
------------------------------------------------------------
Results: 1 passed, 0 failed, 0 skipped  (2ms)

Rust Toolchain and Artifact Lifecycle Tests
============================================================
  subprocess_utf8_boundary                      PASS  (26ms)
  rustc_invocation_records                      PASS  (32ms)
  pure_rust_has_no_c_dependency                 PASS  (6ms)
  native_emit_requires_bundle                   PASS  (3ms)
  native_c_link_driver_contract                 PASS  (360ms)
  native_debug_sanitizer_link                   PASS  (223ms)
  native_compile_and_link_failures              PASS  (369ms)
  missing_rustc                                 PASS  (2ms)
  failing_rustc                                 PASS  (2ms)
  failing_rustc_build                           PASS  (18ms)
  rust_generated_artifact_lifecycle             PASS  (15ms)
  rust_native_artifact_lifecycle                PASS  (667ms)

------------------------------------------------------------
Results: 12 passed, 0 failed  (1.73s)

All tests passed!  (total: 30.98s)
