Compiler: /home/gavin/code/sindarin/sindarin-rust-reference-records-e595e1d6/bin/sn
Platform: Linux
Parallel: 8 workers

Unit Tests
============================================================
Results: 1610 passed, 0 failed  (total: 10.83ms)
------------------------------------------------------------
Unit tests passed  (13ms)

Code Generation Tests
============================================================
  Running 107 tests with 8 workers...


------------------------------------------------------------
Results: 107 passed, 0 failed, 0 skipped  (976ms)

Model Generation Tests
============================================================
  Running 79 tests with 8 workers...


------------------------------------------------------------
Results: 79 passed, 0 failed, 0 skipped  (44ms)

Integration Tests
============================================================
  Running 1141 tests with 8 workers...


------------------------------------------------------------
Results: 1141 passed, 0 failed, 0 skipped  (11.52s)

Integration Error Tests
============================================================
  Running 58 tests with 8 workers...


------------------------------------------------------------
Results: 58 passed, 0 failed, 0 skipped  (33ms)

Exploratory Tests
============================================================
  Running 224 tests with 8 workers...


------------------------------------------------------------
Results: 224 passed, 0 failed, 0 skipped  (14.16s)

Exploratory Error Tests
============================================================
  Running 11 tests with 8 workers...


------------------------------------------------------------
Results: 11 passed, 0 failed, 0 skipped  (9ms)

All tests passed!  (total: 26.76s)
