core 0
concurrency 0
thread-receivers 0
reflection 0
sized-defaults 0
thread-ownership 0
native-managed 0
stdio-order 0
float-conversions 0
mixed-integral 0
floating-arrays 0
floating-equality 0
capture-index 0
sync-character 0
numeric-places 0
ctype 0
byte-encoding 0
main-return 0
exit 0
match-control 0
sizeof 0
call-reference 0
indexed-string 0
native-scope 0
nil-string 0
nil-array 0
nested-stores 0
owned-array-copies 0
native-records 0
native-record-references 0
reference-records 0
owned-record-parameters 0
