Compiler: /tmp/sindarin-corpus-rust-compiler
Platform: Linux
Parallel: 20 workers

Exploratory Tests
============================================================
  Running 224 tests with 20 workers...
                                                              test_array_mutation_lambda                    FAIL (compile error)  (64ms)
    [1mCompiling[0m tests/exploratory/test_array_mutation_lambda.sn...
      Parsing... [1;36mdone[0m
      Type checking... [1;36mdone[0m
      Code generation...Error: Rust target does not support mutable access to snapshot closure captures yet
     [1;31mfailed[0m
    
    
  test_as_val_array_copy                        FAIL (compile error)  (60ms)
    [1mCompiling[0m tests/exploratory/test_as_val_array_copy.sn...
      Parsing... [1;36mdone[0m
      Type checking...
      [1;33mwarning[0m: Assigning str/array variable to another variable shares ownership. Consider using copyOf() to avoid potential double-free
        [1;34m-->[0m tests/exploratory/test_as_val_array_copy.sn:21:1
              var copy: int[] as val = source
            [1;33m^^^^[0m
    
    
      [1;33mwarning[0m: Assigning str/array variable to another variable shares ownership. Consider using copyOf() to avoid potential double-free
        [1;34m-->[0m tests/exploratory/test_as_val_array_copy.sn:30:1
              var working: int[] as val = data
            [1;33m^^^^^^^[0m
    
      Type checking [1;36mdone[0m
      Code generation...Error: Rust target does not support a parameter of function 'modify_array'
     [1;31mfailed[0m
    
    
  test_byte_array                               FAIL (compile error)  (171ms)
    [1mCompiling[0m tests/exploratory/test_byte_array.sn...
      Parsing... [1;36mdone[0m
      Type checking... [1;36mdone[0m
      Code generation... [1;36mdone[0m
      Linking...error[E0308]: mismatched types
       --> .sn/build/rust/test_byte_array_318085/main.rs:487:49
        |
    487 |         (sum = __sn_checked_0((sum).checked_add(b), "Runtime error: integer overflow in addition"));
        |                                     ----------- ^ expected `i64`, found `u8`
        |                                     |
        |                                     arguments to this method are incorrect
        |
    note: method defined here
       --> /rustc/01f6ddf7588f42ae2d7eb0a2f21d44e8e96674cf/library/core/src/num/mod.rs:319:5
        = note: this error originates in the macro `int_impl` (in Nightly builds, run with -Z macro-backtrace for more info)
    help: you can convert a `u8` to an `i64`
        |
    487 |         (sum = __sn_checked_0((sum).checked_add(b.into()), "Runtime error: integer overflow in addition"));
        |                                                  +++++++
    
    warning: unreachable statement
       --> .sn/build/rust/test_byte_array_318085/main.rs:506:9
        |
    505 |         return 0;
        |         -------- any code following this expression is unreachable
    506 |         return 0;
        |         ^^^^^^^^^ unreachable statement
        |
        = note: `#[warn(unreachable_code)]` (part of `#[warn(unused)]`) on by default
    
    error: aborting due to 1 previous error; 1 warning emitted
    
    For more information about this error, try `rustc --explain E0308`.
    Error: rustc failed to build generated source
     [1;31mfailed[0m
    
    [1;31mCompilation failed[0m
    
  test_byte_primitives                          FAIL (compile error)  (198ms)
    [1mCompiling[0m tests/exploratory/test_byte_primitives.sn...
      Parsing... [1;36mdone[0m
      Type checking... [1;36mdone[0m
      Code generation... [1;36mdone[0m
      Linking...error[E0308]: mismatched types
       --> .sn/build/rust/test_byte_primitives_318087/main.rs:541:49
        |
    541 |         (sum = __sn_checked_0((sum).checked_add(b), "Runtime error: integer overflow in addition"));
        |                                     ----------- ^ expected `i64`, found `u8`
        |                                     |
        |                                     arguments to this method are incorrect
        |
    note: method defined here
       --> /rustc/01f6ddf7588f42ae2d7eb0a2f21d44e8e96674cf/library/core/src/num/mod.rs:319:5
        = note: this error originates in the macro `int_impl` (in Nightly builds, run with -Z macro-backtrace for more info)
    help: you can convert a `u8` to an `i64`
        |
    541 |         (sum = __sn_checked_0((sum).checked_add(b.into()), "Runtime error: integer overflow in addition"));
        |                                                  +++++++
    
    warning: unreachable statement
       --> .sn/build/rust/test_byte_primitives_318087/main.rs:552:9
        |
    551 |         return 0;
        |         -------- any code following this expression is unreachable
    552 |         return 0;
        |         ^^^^^^^^^ unreachable statement
        |
        = note: `#[warn(unreachable_code)]` (part of `#[warn(unused)]`) on by default
    
    error: aborting due to 1 previous error; 1 warning emitted
    
    For more information about this error, try `rustc --explain E0308`.
    Error: rustc failed to build generated source
     [1;31mfailed[0m
    
    [1;31mCompilation failed[0m
    
  test_gcc_edge_arrays                          FAIL (compile error)  (282ms)
    [1mCompiling[0m tests/exploratory/test_gcc_edge_arrays.sn...
      Parsing... [1;36mdone[0m
      Type checking... [1;36mdone[0m
      Code generation... [1;36mdone[0m
      Linking...error[E0308]: mismatched types
       --> .sn/build/rust/test_gcc_edge_arrays_320556/main.rs:454:49
        |
    454 |         (sum = __sn_checked_0((sum).checked_add(b), "Runtime error: integer overflow in addition"));
        |                                     ----------- ^ expected `i64`, found `u8`
        |                                     |
        |                                     arguments to this method are incorrect
        |
    note: method defined here
       --> /rustc/01f6ddf7588f42ae2d7eb0a2f21d44e8e96674cf/library/core/src/num/mod.rs:319:5
        = note: this error originates in the macro `int_impl` (in Nightly builds, run with -Z macro-backtrace for more info)
    help: you can convert a `u8` to an `i64`
        |
    454 |         (sum = __sn_checked_0((sum).checked_add(b.into()), "Runtime error: integer overflow in addition"));
        |                                                  +++++++
    
    error: aborting due to 1 previous error
    
    For more information about this error, try `rustc --explain E0308`.
    Error: rustc failed to build generated source
     [1;31mfailed[0m
    
    [1;31mCompilation failed[0m
    
  test_gcc_edge_interop                         FAIL (compile error)  (49ms)
    [1mCompiling[0m tests/exploratory/test_gcc_edge_interop.sn...
      Parsing... [1;36mdone[0m
      Type checking... [1;36mdone[0m
      Code generation...Error: Rust target native function 'compute_result' has unsupported result type 'struct'; the native bridge supports owned strings and byte arrays plus raw pointers, void, bool, char, int, long, int32, uint, uint32, byte, float, and double
     [1;31mfailed[0m
    
    
  test_gcc_edge_structs                         FAIL (compile error)  (90ms)
    [1mCompiling[0m tests/exploratory/test_gcc_edge_structs.sn...
      Parsing... [1;36mdone[0m
      Type checking... [1;36mdone[0m
      Code generation...Error: Rust target does not support a parameter of function 'modify_struct'
     [1;31mfailed[0m
    
    
  test_match_as_val_ref                         FAIL (compile error)  (87ms)
    [1mCompiling[0m tests/exploratory/test_match_as_val_ref.sn...
      Parsing... [1;36mdone[0m
      Type checking... [1;36mdone[0m
      Code generation...Error: Rust target native function 'init_point' parameter 'p' must be an unsynchronized string, default-qualified raw pointer, or default/as-ref native scalar
     [1;31mfailed[0m
    
    
  test_match_memory                             FAIL (compile error)  (85ms)
    [1mCompiling[0m tests/exploratory/test_match_memory.sn...
      Parsing... [1;36mdone[0m
      Type checking... [1;36mdone[0m
      Code generation...Error: Rust target requires every value match arm prefix to be an expression statement
     [1;31mfailed[0m
    
    
  test_match_native                             FAIL (compile error)  (85ms)
    [1mCompiling[0m tests/exploratory/test_match_native.sn...
      Parsing... [1;36mdone[0m
      Type checking... [1;36mdone[0m
      Code generation...Error: Rust target supports value match only with bool, integral, float, double, or string subjects
     [1;31mfailed[0m
    
    
  test_match_primitives                         FAIL (compile error)  (86ms)
    [1mCompiling[0m tests/exploratory/test_match_primitives.sn...
      Parsing... [1;36mdone[0m
      Type checking... [1;36mdone[0m
      Code generation...Error: Rust target supports value match only with bool, integral, float, double, or string subjects
     [1;31mfailed[0m
    
    
  test_mixed_numeric_types                      FAIL (compile error)  (161ms)
    [1mCompiling[0m tests/exploratory/test_mixed_numeric_types.sn...
      Parsing... [1;36mdone[0m
      Type checking... [1;36mdone[0m
      Code generation... [1;36mdone[0m
      Linking...error[E0308]: mismatched types
       --> .sn/build/rust/test_mixed_numeric_types_324015/main.rs:327:63
        |
    327 |         let mut sum_int: i64 = __sn_checked_0((b).checked_add(n), "Runtime error: integer overflow in addition");
        |                                                   ----------- ^ expected `u8`, found `i64`
        |                                                   |
        |                                                   arguments to this method are incorrect
        |
    note: method defined here
       --> /rustc/01f6ddf7588f42ae2d7eb0a2f21d44e8e96674cf/library/core/src/num/mod.rs:447:5
        = note: this error originates in the macro `uint_impl` (in Nightly builds, run with -Z macro-backtrace for more info)
    help: you can convert an `i64` to a `u8` and panic if the converted value doesn't fit
        |
    327 |         let mut sum_int: i64 = __sn_checked_0((b).checked_add(n.try_into().unwrap()), "Runtime error: integer overflow in addition");
        |                                                                ++++++++++++++++++++
    
    error[E0308]: mismatched types
       --> .sn/build/rust/test_mixed_numeric_types_324015/main.rs:327:47
        |
    327 |         let mut sum_int: i64 = __sn_checked_0((b).checked_add(n), "Runtime error: integer overflow in addition");
        |                                -------------- ^^^^^^^^^^^^^^^^^^ expected `Option<i64>`, found `Option<u8>`
        |                                |
        |                                arguments to this function are incorrect
        |
        = note: expected enum `Option<i64>`
                   found enum `Option<u8>`
    note: function defined here
       --> .sn/build/rust/test_mixed_numeric_types_324015/main.rs:293:4
        |
    293 | fn __sn_checked_0<T>(value: Option<T>, message: &'static str) -> T {
        |    ^^^^^^^^^^^^^^    ----------------
    
    error[E0308]: mismatched types
       --> .sn/build/rust/test_mixed_numeric_types_324015/main.rs:337:91
        |
    337 |         let mut prod: i64 = { let (__sn_byte_left, __sn_byte_right): (u8, u8) = (b1, b2); __sn_byte_left.wrapping_mul(__sn_byte_right) };
        |                                                                                           ^^^^^^^^^^^^^^^^^^^^^^^^^^^^^^^^^^^^^^^^^^^^ expected `i64`, found `u8`
        |
    help: you can convert a `u8` to an `i64`
        |
    337 |         let mut prod: i64 = { let (__sn_byte_left, __sn_byte_right): (u8, u8) = (b1, b2); __sn_byte_left.wrapping_mul(__sn_byte_right).into() };
        |                                                                                                                                       +++++++
    
    error[E0308]: mismatched types
       --> .sn/build/rust/test_mixed_numeric_types_324015/main.rs:354:21
        |
  test_pointer_slice_bounds                     FAIL (compile error)  (84ms)
    [1mCompiling[0m tests/exploratory/test_pointer_slice_bounds.sn...
      Parsing... [1;36mdone[0m
      Type checking... [1;36mdone[0m
      Code generation...Error: Rust target encountered an unsupported construct in function 'test_correct_bounds'
     [1;31mfailed[0m
    
    
  test_str_comprehensive                        FAIL (compile error)  (64ms)
    [1mCompiling[0m tests/exploratory/test_str_comprehensive.sn...
      Parsing... [1;36mdone[0m
      Type checking... [1;36mdone[0m
      Code generation...Error: Rust target does not support method calls on closure parameters yet
     [1;31mfailed[0m
    
    
  test_struct_config                            FAIL (compile error)  (84ms)
    [1mCompiling[0m tests/exploratory/test_struct_config.sn...
      Parsing... [1;36mdone[0m
      Type checking... [1;36mdone[0m
      Code generation...Error: Rust target does not support a parameter of function 'apply_server_config'
     [1;31mfailed[0m
    
    
  test_struct_self_method_call                  FAIL (compile error)  (95ms)
    [1mCompiling[0m tests/exploratory/test_struct_self_method_call.sn...
      Parsing... [1;36mdone[0m
      Type checking... [1;36mdone[0m
      Code generation...Error: Rust target does not support a parameter of method 'Range.overlaps'
     [1;31mfailed[0m
    
    
  test_struct_zlib_style                        FAIL (compile error)  (80ms)
    [1mCompiling[0m tests/exploratory/test_struct_zlib_style.sn...
      Parsing... [1;36mdone[0m
      Type checking... [1;36mdone[0m
      Code generation...Error: Rust target native function 'stream_init' parameter 'strm' must be an unsynchronized string, default-qualified raw pointer, or default/as-ref native scalar
     [1;31mfailed[0m
    
    
  test_sync_byte_threading                      FAIL (compile error)  (184ms)
    [1mCompiling[0m tests/exploratory/test_sync_byte_threading.sn...
      Parsing... [1;36mdone[0m
      Type checking... [1;36mdone[0m
      Code generation... [1;36mdone[0m
      Linking...warning: type `__sn_concurrency0_Cell` should have an upper camel case name
     --> .sn/build/rust/test_sync_byte_threading_327174/main.rs:3:8
      |
    3 | struct __sn_concurrency0_Cell<T> {
      |        ^^^^^^^^^^^^^^^^^^^^^^ help: convert the identifier to upper camel case: `SnConcurrency0Cell`
      |
      = note: `#[warn(non_camel_case_types)]` (part of `#[warn(nonstandard_style)]`) on by default
    
    warning: type `__sn_concurrency0_Join` should have an upper camel case name
      --> .sn/build/rust/test_sync_byte_threading_327174/main.rs:13:8
       |
    13 | struct __sn_concurrency0_Join<T>(Option<std::thread::JoinHandle<T>>);
       |        ^^^^^^^^^^^^^^^^^^^^^^ help: convert the identifier to upper camel case: `SnConcurrency0Join`
    
    warning: type `__sn_concurrency0_Capture` should have an upper camel case name
      --> .sn/build/rust/test_sync_byte_threading_327174/main.rs:36:8
       |
    36 | struct __sn_concurrency0_Capture<T>(std::sync::Mutex<T>, std::sync::Mutex<()>);
       |        ^^^^^^^^^^^^^^^^^^^^^^^^^ help: convert the identifier to upper camel case: `SnConcurrency0Capture`
    
    warning: unnecessary braces around function argument
       --> .sn/build/rust/test_sync_byte_threading_327174/main.rs:346:106
        |
    346 | ...<__sn_concurrency0_Join<i64>> = Some({ __sn_concurrency0_Join::spawn(move || increment_byte()) }
        |                                         ^^                                                       ^^
        |
        = note: `#[warn(unused_braces)]` (part of `#[warn(unused)]`) on by default
    help: remove these braces
        |
    346 -     let mut b0: i64 = 0; let mut __sn_concurrency0_handle_b0: Option<__sn_concurrency0_Join<i64>> = Some({ __sn_concurrency0_Join::spawn(move || increment_byte()) }
    346 +     let mut b0: i64 = 0; let mut __sn_concurrency0_handle_b0: Option<__sn_concurrency0_Join<i64>> = Some(__sn_concurrency0_Join::spawn(move || increment_byte())
        |
    
    warning: unnecessary braces around function argument
       --> .sn/build/rust/test_sync_byte_threading_327174/main.rs:348:106
        |
    348 | ...<__sn_concurrency0_Join<i64>> = Some({ __sn_concurrency0_Join::spawn(move || increment_byte()) }
        |                                         ^^                                                       ^^
        |
    help: remove these braces
        |
    348 -     let mut b1: i64 = 0; let mut __sn_concurrency0_handle_b1: Option<__sn_concurrency0_Join<i64>> = Some({ __sn_concurrency0_Join::spawn(move || increment_byte()) }
    348 +     let mut b1: i64 = 0; let mut __sn_concurrency0_handle_b1: Option<__sn_concurrency0_Join<i64>> = Some(__sn_concurrency0_Join::spawn(move || increment_byte())
        |
    
    warning: unnecessary braces around function argument

------------------------------------------------------------
Results: 206 passed, 18 failed, 0 skipped  (4.28s)

Some tests failed!  (total: 4.28s)
