Compiler: /home/gavin/code/sindarin/sindarin-rust-character-reference-parameters-b857f00e/bin/sn
Platform: Linux
Parallel: 8 workers

Rust Generation Tests
============================================================
  Running 477 tests with 8 workers...



------------------------------------------------------------
Results: 477 passed, 0 failed, 0 skipped  (23.84s)

Rust Generation Error Tests
============================================================
  Running 134 tests with 8 workers...



------------------------------------------------------------
Results: 134 passed, 0 failed, 0 skipped  (63ms)

Tagged Native Scalar/Source/Link Parity Tests
============================================================
  Running 8 tests with 8 workers...



------------------------------------------------------------
Results: 8 passed, 0 failed, 0 skipped  (628ms)

Post-Tag Rust Native Extra Coverage
============================================================
  Running 37 tests with 8 workers...



------------------------------------------------------------
Results: 37 passed, 0 failed, 0 skipped  (3.61s)

Rust Native Imported-Origin Extra Coverage
============================================================
  Running 1 tests with 8 workers...



------------------------------------------------------------
Results: 1 passed, 0 failed, 0 skipped  (215ms)

Rust Native Scalar Error Tests
============================================================
  Running 7 tests with 8 workers...



------------------------------------------------------------
Results: 7 passed, 0 failed, 0 skipped  (55ms)

Rust Closure Value Tests
============================================================
  Running 36 tests with 8 workers...



------------------------------------------------------------
Results: 36 passed, 0 failed, 0 skipped  (1.57s)

Rust Closure Value Error Tests
============================================================
  Running 1 tests with 8 workers...



------------------------------------------------------------
Results: 1 passed, 0 failed, 0 skipped  (2ms)

Rust Concurrency Tests
============================================================
  Running 10 tests with 8 workers...



------------------------------------------------------------
Results: 10 passed, 0 failed, 0 skipped  (697ms)

Promoted Rust Concurrency Tests
============================================================
  Running 7 tests with 8 workers...



------------------------------------------------------------
Results: 7 passed, 0 failed, 0 skipped  (243ms)

Rust Concurrency Error Tests
============================================================
  Running 1 tests with 8 workers...



------------------------------------------------------------
Results: 1 passed, 0 failed, 0 skipped  (2ms)

Rust Toolchain and Artifact Lifecycle Tests
============================================================
  subprocess_utf8_boundary                      PASS  (28ms)
  rustc_invocation_records                      PASS  (29ms)
  pure_rust_has_no_c_dependency                 PASS  (7ms)
  native_emit_requires_bundle                   PASS  (2ms)
  native_c_link_driver_contract                 PASS  (354ms)
  native_debug_sanitizer_link                   PASS  (288ms)
  native_compile_and_link_failures              PASS  (347ms)
  missing_rustc                                 PASS  (2ms)
  failing_rustc                                 PASS  (2ms)
  failing_rustc_build                           PASS  (12ms)
  rust_generated_artifact_lifecycle             PASS  (12ms)
  rust_native_artifact_lifecycle                PASS  (671ms)

------------------------------------------------------------
Results: 12 passed, 0 failed  (1.76s)

All tests passed!  (total: 32.68s)
