FAIL tests/integration/test_as_ref_params.sn -O0 default
FAIL tests/integration/test_as_ref_params.sn -O1 default
FAIL tests/integration/test_as_ref_params.sn -O2 default
FAIL tests/integration/test_as_ref_params.sn -O0 checked
FAIL tests/integration/test_as_ref_params.sn -O1 checked
FAIL tests/integration/test_as_ref_params.sn -O2 checked
FAIL tests/integration/test_as_ref_params.sn -O0 unchecked
FAIL tests/integration/test_as_ref_params.sn -O1 unchecked
FAIL tests/integration/test_as_ref_params.sn -O2 unchecked
FAIL tests/rgen/char_as_ref_parameter.sn -O0 default
FAIL tests/rgen/char_as_ref_parameter.sn -O1 default
FAIL tests/rgen/char_as_ref_parameter.sn -O2 default
FAIL tests/rgen/char_as_ref_parameter.sn -O0 checked
FAIL tests/rgen/char_as_ref_parameter.sn -O1 checked
FAIL tests/rgen/char_as_ref_parameter.sn -O2 checked
FAIL tests/rgen/char_as_ref_parameter.sn -O0 unchecked
FAIL tests/rgen/char_as_ref_parameter.sn -O1 unchecked
FAIL tests/rgen/char_as_ref_parameter.sn -O2 unchecked
FAIL tests/rgen/by_value_parameter_direct_assignment_char.sn -O0 default
FAIL tests/rgen/by_value_parameter_direct_assignment_char.sn -O1 default
FAIL tests/rgen/by_value_parameter_direct_assignment_char.sn -O2 default
FAIL tests/rgen/by_value_parameter_direct_assignment_char.sn -O0 checked
FAIL tests/rgen/by_value_parameter_direct_assignment_char.sn -O1 checked
FAIL tests/rgen/by_value_parameter_direct_assignment_char.sn -O2 checked
FAIL tests/rgen/by_value_parameter_direct_assignment_char.sn -O0 unchecked
FAIL tests/rgen/by_value_parameter_direct_assignment_char.sn -O1 unchecked
FAIL tests/rgen/by_value_parameter_direct_assignment_char.sn -O2 unchecked
FAIL tests/rgen/by_value_parameter_char_postfix_mutation.sn -O0 default
FAIL tests/rgen/by_value_parameter_char_postfix_mutation.sn -O1 default
FAIL tests/rgen/by_value_parameter_char_postfix_mutation.sn -O2 default
FAIL tests/rgen/by_value_parameter_char_postfix_mutation.sn -O0 checked
FAIL tests/rgen/by_value_parameter_char_postfix_mutation.sn -O1 checked
FAIL tests/rgen/by_value_parameter_char_postfix_mutation.sn -O2 checked
FAIL tests/rgen/by_value_parameter_char_postfix_mutation.sn -O0 unchecked
FAIL tests/rgen/by_value_parameter_char_postfix_mutation.sn -O1 unchecked
FAIL tests/rgen/by_value_parameter_char_postfix_mutation.sn -O2 unchecked
FAIL tests/rgen/character_parameter_byte_domain.sn -O0 default
FAIL tests/rgen/character_parameter_byte_domain.sn -O1 default
FAIL tests/rgen/character_parameter_byte_domain.sn -O2 default
FAIL tests/rgen/character_parameter_byte_domain.sn -O0 checked
FAIL tests/rgen/character_parameter_byte_domain.sn -O1 checked
FAIL tests/rgen/character_parameter_byte_domain.sn -O2 checked
FAIL tests/rgen/character_parameter_byte_domain.sn -O0 unchecked
FAIL tests/rgen/character_parameter_byte_domain.sn -O1 unchecked
FAIL tests/rgen/character_parameter_byte_domain.sn -O2 unchecked
FAIL tests/rgen/character_reference_places.sn -O0 default
FAIL tests/rgen/character_reference_places.sn -O1 default
FAIL tests/rgen/character_reference_places.sn -O2 default
FAIL tests/rgen/character_reference_places.sn -O0 checked
FAIL tests/rgen/character_reference_places.sn -O1 checked
FAIL tests/rgen/character_reference_places.sn -O2 checked
FAIL tests/rgen/character_reference_places.sn -O0 unchecked
FAIL tests/rgen/character_reference_places.sn -O1 unchecked
FAIL tests/rgen/character_reference_places.sn -O2 unchecked
FAIL tests/rgen/character_thread_references.sn -O0 default
FAIL tests/rgen/character_thread_references.sn -O1 default
FAIL tests/rgen/character_thread_references.sn -O2 default
FAIL tests/rgen/character_thread_references.sn -O0 checked
FAIL tests/rgen/character_thread_references.sn -O1 checked
FAIL tests/rgen/character_thread_references.sn -O2 checked
FAIL tests/rgen/character_thread_references.sn -O0 unchecked
FAIL tests/rgen/character_thread_references.sn -O1 unchecked
FAIL tests/rgen/character_thread_references.sn -O2 unchecked
FAIL tests/rgen/character_reference_aliases.sn -O0 default
FAIL tests/rgen/character_reference_aliases.sn -O1 default
FAIL tests/rgen/character_reference_aliases.sn -O2 default
FAIL tests/rgen/character_reference_aliases.sn -O0 checked
FAIL tests/rgen/character_reference_aliases.sn -O1 checked
FAIL tests/rgen/character_reference_aliases.sn -O2 checked
FAIL tests/rgen/character_reference_aliases.sn -O0 unchecked
FAIL tests/rgen/character_reference_aliases.sn -O1 unchecked
FAIL tests/rgen/character_reference_aliases.sn -O2 unchecked
FAIL tests/rgen/byte_reference_assignment_values.sn -O0 default
FAIL tests/rgen/byte_reference_assignment_values.sn -O1 default
FAIL tests/rgen/byte_reference_assignment_values.sn -O2 default
FAIL tests/rgen/byte_reference_assignment_values.sn -O0 checked
FAIL tests/rgen/byte_reference_assignment_values.sn -O1 checked
FAIL tests/rgen/byte_reference_assignment_values.sn -O2 checked
FAIL tests/rgen/byte_reference_assignment_values.sn -O0 unchecked
FAIL tests/rgen/byte_reference_assignment_values.sn -O1 unchecked
FAIL tests/rgen/byte_reference_assignment_values.sn -O2 unchecked
FAIL tests/rgen/scalar_reference_aliases.sn -O0 default
FAIL tests/rgen/scalar_reference_aliases.sn -O1 default
FAIL tests/rgen/scalar_reference_aliases.sn -O2 default
FAIL tests/rgen/scalar_reference_aliases.sn -O0 checked
FAIL tests/rgen/scalar_reference_aliases.sn -O1 checked
FAIL tests/rgen/scalar_reference_aliases.sn -O2 checked
FAIL tests/rgen/scalar_reference_aliases.sn -O0 unchecked
FAIL tests/rgen/scalar_reference_aliases.sn -O1 unchecked
FAIL tests/rgen/scalar_reference_aliases.sn -O2 unchecked
FAIL tests/rgen/integer_reference_storage_boundaries.sn -O0 default
FAIL tests/rgen/integer_reference_storage_boundaries.sn -O1 default
FAIL tests/rgen/integer_reference_storage_boundaries.sn -O2 default
FAIL tests/rgen/integer_reference_storage_boundaries.sn -O0 checked
FAIL tests/rgen/integer_reference_storage_boundaries.sn -O1 checked
FAIL tests/rgen/integer_reference_storage_boundaries.sn -O2 checked
FAIL tests/rgen/integer_reference_storage_boundaries.sn -O0 unchecked
FAIL tests/rgen/integer_reference_storage_boundaries.sn -O1 unchecked
FAIL tests/rgen/integer_reference_storage_boundaries.sn -O2 unchecked
PASS tests/rgen/array_search_methods.sn -O0 default
PASS tests/rgen/array_search_methods.sn -O1 default
PASS tests/rgen/array_search_methods.sn -O2 default
PASS tests/rgen/array_search_methods.sn -O0 checked
PASS tests/rgen/array_search_methods.sn -O1 checked
PASS tests/rgen/array_search_methods.sn -O2 checked
PASS tests/rgen/array_search_methods.sn -O0 unchecked
PASS tests/rgen/array_search_methods.sn -O1 unchecked
PASS tests/rgen/array_search_methods.sn -O2 unchecked
PASS tests/rgen/capture_array_index_widths.sn -O0 default
PASS tests/rgen/capture_array_index_widths.sn -O1 default
PASS tests/rgen/capture_array_index_widths.sn -O2 default
PASS tests/rgen/capture_array_index_widths.sn -O0 checked
PASS tests/rgen/capture_array_index_widths.sn -O1 checked
PASS tests/rgen/capture_array_index_widths.sn -O2 checked
PASS tests/rgen/capture_array_index_widths.sn -O0 unchecked
PASS tests/rgen/capture_array_index_widths.sn -O1 unchecked
PASS tests/rgen/capture_array_index_widths.sn -O2 unchecked
PASS tests/integration/test_byte_arr_insert.sn -O0 default
PASS tests/integration/test_byte_arr_insert.sn -O1 default
PASS tests/integration/test_byte_arr_insert.sn -O2 default
PASS tests/integration/test_byte_arr_insert.sn -O0 checked
PASS tests/integration/test_byte_arr_insert.sn -O1 checked
PASS tests/integration/test_byte_arr_insert.sn -O2 checked
PASS tests/integration/test_byte_arr_insert.sn -O0 unchecked
PASS tests/integration/test_byte_arr_insert.sn -O1 unchecked
PASS tests/integration/test_byte_arr_insert.sn -O2 unchecked
