Compiler: /tmp/sn-serialization-corpus-gcwx87ed/sn-rust
Platform: Linux
Parallel: 8 workers

Integration Tests
============================================================
  Running 1142 tests with 8 workers...
                                                              test_buffer_unwrap                            FAIL (compile error)  (45ms)
    [1mCompiling[0m tests/integration/test_buffer_unwrap.sn...
      Parsing... [1;36mdone[0m
      Type checking... [1;36mdone[0m
      Code generation...Error: Rust target encountered an unsupported construct in function 'test_pointer_slice_codegen'
     [1;31mfailed[0m
    
    
  test_builtin_interfaces                       FAIL (compile error)  (100ms)
    [1mCompiling[0m tests/integration/test_builtin_interfaces.sn...
      Parsing... [1;36mdone[0m
      Type checking... [1;36mdone[0m
      Code generation...Error: Rust target does not support a parameter of function 'acceptComparable'
     [1;31mfailed[0m
    
    
  test_generic_multi_param_iter                 FAIL (compile error)  (54ms)
    [1mCompiling[0m tests/integration/test_generic_multi_param_iter.sn...
      Parsing... [1;36mdone[0m
      Type checking... [1;36mdone[0m
      Code generation...Error: Rust target supports iterator-protocol foreach only for heap-free scalar elements; got 'struct'
    Error: Rust target encountered an unsupported construct in function 'main'
     [1;31mfailed[0m
    
    
  test_interfaces                               FAIL (compile error)  (55ms)
    [1mCompiling[0m tests/integration/test_interfaces.sn...
      Parsing... [1;36mdone[0m
      Type checking... [1;36mdone[0m
      Code generation...Error: Rust target does not support a parameter of function 'acceptComparable'
     [1;31mfailed[0m
    
    
  test_iterator_protocol                        FAIL (compile error)  (52ms)
    [1mCompiling[0m tests/integration/test_iterator_protocol.sn...
      Parsing... [1;36mdone[0m
      Type checking... [1;36mdone[0m
      Code generation...Error: Rust target supports iterator-protocol foreach only for heap-free scalar elements; got 'struct'
    Error: Rust target encountered an unsupported construct in function 'main'
     [1;31mfailed[0m
    
    
  test_nil_pointer_slice                        FAIL (compile error)  (32ms)
    [1mCompiling[0m tests/integration/test_nil_pointer_slice.sn...
      Parsing... [1;36mdone[0m
      Type checking... [1;36mdone[0m
      Code generation...Error: Rust target encountered an unsupported construct in function 'test_nil_slice_creates_array'
     [1;31mfailed[0m
    
    

------------------------------------------------------------
Results: 1136 passed, 6 failed, 0 skipped  (38.74s)

Some tests failed!  (total: 38.74s)
