Compiler: /home/gavin/code/sindarin/sindarin-rust-serialization-8314a270/bin/sn
Platform: Linux
Parallel: 8 workers

Rust Generation Tests
============================================================
  Running 491 tests with 8 workers...
                                                            
------------------------------------------------------------
Results: 491 passed, 0 failed, 0 skipped  (17.86s)

Rust Generation Error Tests
============================================================
  Running 133 tests with 8 workers...
                                                            
------------------------------------------------------------
Results: 133 passed, 0 failed, 0 skipped  (57ms)

Tagged Native Scalar/Source/Link Parity Tests
============================================================
  Running 8 tests with 8 workers...
                                                            
------------------------------------------------------------
Results: 8 passed, 0 failed, 0 skipped  (500ms)

Post-Tag Rust Native Extra Coverage
============================================================
  Running 62 tests with 8 workers...
                                                            
------------------------------------------------------------
Results: 62 passed, 0 failed, 0 skipped  (4.52s)

Rust Native Imported-Origin Extra Coverage
============================================================
  Running 1 tests with 8 workers...
                                                            
------------------------------------------------------------
Results: 1 passed, 0 failed, 0 skipped  (239ms)

Rust Native Scalar Error Tests
============================================================
  Running 4 tests with 8 workers...
                                                            
------------------------------------------------------------
Results: 4 passed, 0 failed, 0 skipped  (46ms)

Rust Closure Value Tests
============================================================
  Running 36 tests with 8 workers...
                                                            
------------------------------------------------------------
Results: 36 passed, 0 failed, 0 skipped  (1.39s)

Rust Closure Value Error Tests
============================================================
  Running 1 tests with 8 workers...
                                                            
------------------------------------------------------------
Results: 1 passed, 0 failed, 0 skipped  (3ms)

Rust Concurrency Tests
============================================================
  Running 10 tests with 8 workers...
                                                            
------------------------------------------------------------
Results: 10 passed, 0 failed, 0 skipped  (584ms)

Promoted Rust Concurrency Tests
============================================================
  Running 7 tests with 8 workers...
                                                            
------------------------------------------------------------
Results: 7 passed, 0 failed, 0 skipped  (230ms)

Rust Concurrency Error Tests
============================================================
  Running 1 tests with 8 workers...
                                                            
------------------------------------------------------------
Results: 1 passed, 0 failed, 0 skipped  (2ms)

Rust Toolchain and Artifact Lifecycle Tests
============================================================
  subprocess_utf8_boundary                      PASS  (35ms)
  rustc_invocation_records                      PASS  (35ms)
  pure_rust_has_no_c_dependency                 PASS  (9ms)
  native_emit_requires_bundle                   PASS  (3ms)
  native_c_link_driver_contract                 PASS  (352ms)
  native_debug_sanitizer_link                   PASS  (255ms)
  native_compile_and_link_failures              PASS  (328ms)
  missing_rustc                                 PASS  (2ms)
  failing_rustc                                 PASS  (2ms)
  failing_rustc_build                           PASS  (11ms)
  rust_generated_artifact_lifecycle             PASS  (12ms)
  rust_native_artifact_lifecycle                PASS  (709ms)

------------------------------------------------------------
Results: 12 passed, 0 failed  (1.76s)

All tests passed!  (total: 27.19s)
