Compiler: /home/gavin/code/sindarin/sindarin-rust-serialization-8314a270/bin/sn
Platform: Linux
Parallel: 8 workers

Unit Tests
============================================================
Results: [0;32m1610 passed[0m, [0;31m0 failed[0m  (total: 10.63ms)
------------------------------------------------------------
Unit tests passed  (13ms)

Code Generation Tests
============================================================
  Running 107 tests with 8 workers...
                                                            
------------------------------------------------------------
Results: 107 passed, 0 failed, 0 skipped  (948ms)

Model Generation Tests
============================================================
  Running 79 tests with 8 workers...
                                                            
------------------------------------------------------------
Results: 79 passed, 0 failed, 0 skipped  (44ms)

Integration Tests
============================================================
  Running 1142 tests with 8 workers...
                                                            
------------------------------------------------------------
Results: 1142 passed, 0 failed, 0 skipped  (11.55s)

Integration Error Tests
============================================================
  Running 58 tests with 8 workers...
                                                            
------------------------------------------------------------
Results: 58 passed, 0 failed, 0 skipped  (29ms)

Exploratory Tests
============================================================
  Running 224 tests with 8 workers...
                                                            
------------------------------------------------------------
Results: 224 passed, 0 failed, 0 skipped  (11.10s)

Exploratory Error Tests
============================================================
  Running 11 tests with 8 workers...
                                                            
------------------------------------------------------------
Results: 11 passed, 0 failed, 0 skipped  (8ms)

All tests passed!  (total: 23.69s)
