Compiler: /home/gavin/code/sindarin/sindarin-rust-parity-completion/bin/sn
Platform: Linux
Parallel: 20 workers

Rust Generation Tests
============================================================
  Running 319 tests with 20 workers...
                                                            
------------------------------------------------------------
Results: 319 passed, 0 failed, 0 skipped  (4.80s)

Rust Generation Error Tests
============================================================
  Running 171 tests with 20 workers...
                                                            
------------------------------------------------------------
Results: 171 passed, 0 failed, 0 skipped  (66ms)

Tagged Native Scalar/Source/Link Parity Tests
============================================================
  Running 6 tests with 20 workers...
                                                            
------------------------------------------------------------
Results: 6 passed, 0 failed, 0 skipped  (380ms)

Post-Tag Rust Native Extra Coverage
============================================================
  Running 12 tests with 20 workers...
                                                            
------------------------------------------------------------
Results: 12 passed, 0 failed, 0 skipped  (1.40s)

Rust Native Imported-Origin Extra Coverage
============================================================
  Running 1 tests with 20 workers...
                                                            
------------------------------------------------------------
Results: 1 passed, 0 failed, 0 skipped  (234ms)

Rust Native Scalar Error Tests
============================================================
  Running 2 tests with 20 workers...
                                                            
------------------------------------------------------------
Results: 2 passed, 0 failed, 0 skipped  (43ms)

Rust Closure Value Tests
============================================================
  Running 36 tests with 20 workers...
                                                            
------------------------------------------------------------
Results: 36 passed, 0 failed, 0 skipped  (652ms)

Rust Closure Value Error Tests
============================================================
  Running 1 tests with 20 workers...
                                                            
------------------------------------------------------------
Results: 1 passed, 0 failed, 0 skipped  (2ms)

Rust Concurrency Tests
============================================================
  Running 10 tests with 20 workers...
                                                            
------------------------------------------------------------
Results: 10 passed, 0 failed, 0 skipped  (369ms)

Promoted Rust Concurrency Tests
============================================================
  Running 7 tests with 20 workers...
                                                            
------------------------------------------------------------
Results: 7 passed, 0 failed, 0 skipped  (212ms)

Rust Concurrency Error Tests
============================================================
  Running 1 tests with 20 workers...
                                                            
------------------------------------------------------------
Results: 1 passed, 0 failed, 0 skipped  (1ms)

Rust Toolchain and Artifact Lifecycle Tests
============================================================
  subprocess_utf8_boundary                      PASS  (26ms)
  rustc_invocation_records                      PASS  (26ms)
  pure_rust_has_no_c_dependency                 PASS  (5ms)
  native_emit_requires_bundle                   PASS  (2ms)
  native_c_link_driver_contract                 PASS  (298ms)
  native_debug_sanitizer_link                   PASS  (238ms)
  native_compile_and_link_failures              PASS  (285ms)
  missing_rustc                                 PASS  (2ms)
  failing_rustc                                 PASS  (3ms)
  failing_rustc_build                           PASS  (15ms)
  rust_generated_artifact_lifecycle             PASS  (10ms)
  rust_native_artifact_lifecycle                PASS  (655ms)

------------------------------------------------------------
Results: 12 passed, 0 failed  (1.57s)

All tests passed!  (total: 9.73s)
