Compiler: /home/gavin/code/sindarin/sindarin-rust-thread-parity-2bf57b91/bin/sn
Platform: Linux
Parallel: 20 workers

Rust Generation Tests
============================================================
  Running 407 tests with 20 workers...


------------------------------------------------------------
Results: 407 passed, 0 failed, 0 skipped  (22.34s)

Rust Generation Error Tests
============================================================
  Running 147 tests with 20 workers...


------------------------------------------------------------
Results: 147 passed, 0 failed, 0 skipped  (215ms)

Tagged Native Scalar/Source/Link Parity Tests
============================================================
  Running 8 tests with 20 workers...


------------------------------------------------------------
Results: 8 passed, 0 failed, 0 skipped  (1.86s)

Post-Tag Rust Native Extra Coverage
============================================================
  Running 22 tests with 20 workers...


------------------------------------------------------------
Results: 22 passed, 0 failed, 0 skipped  (4.67s)

Rust Native Imported-Origin Extra Coverage
============================================================
  Running 1 tests with 20 workers...


------------------------------------------------------------
Results: 1 passed, 0 failed, 0 skipped  (475ms)

Rust Native Scalar Error Tests
============================================================
  Running 4 tests with 20 workers...


------------------------------------------------------------
Results: 4 passed, 0 failed, 0 skipped  (121ms)

Rust Closure Value Tests
============================================================
  Running 36 tests with 20 workers...


------------------------------------------------------------
Results: 36 passed, 0 failed, 0 skipped  (1.69s)

Rust Closure Value Error Tests
============================================================
  Running 1 tests with 20 workers...


------------------------------------------------------------
Results: 1 passed, 0 failed, 0 skipped  (3ms)

Rust Concurrency Tests
============================================================
  Running 10 tests with 20 workers...


------------------------------------------------------------
Results: 10 passed, 0 failed, 0 skipped  (878ms)

Promoted Rust Concurrency Tests
============================================================
  Running 7 tests with 20 workers...


------------------------------------------------------------
Results: 7 passed, 0 failed, 0 skipped  (569ms)

Rust Concurrency Error Tests
============================================================
  Running 1 tests with 20 workers...


------------------------------------------------------------
Results: 1 passed, 0 failed, 0 skipped  (2ms)

Rust Toolchain and Artifact Lifecycle Tests
============================================================
  subprocess_utf8_boundary                      PASS  (28ms)
  rustc_invocation_records                      PASS  (69ms)
  pure_rust_has_no_c_dependency                 PASS  (15ms)
  native_emit_requires_bundle                   PASS  (13ms)
  native_c_link_driver_contract                 PASS  (763ms)
  native_debug_sanitizer_link                   PASS  (396ms)
  native_compile_and_link_failures              PASS  (656ms)
  missing_rustc                                 PASS  (7ms)
  failing_rustc                                 PASS  (7ms)
  failing_rustc_build                           PASS  (25ms)
  rust_generated_artifact_lifecycle             PASS  (36ms)
  rust_native_artifact_lifecycle                PASS  (1.22s)

------------------------------------------------------------
Results: 12 passed, 0 failed  (3.25s)

All tests passed!  (total: 36.07s)
