Compiler: /home/gavin/code/sindarin/sindarin-rust-thread-parity-2bf57b91/bin/sn
Platform: Linux
Parallel: 20 workers

Rust Generation Tests
============================================================
  Running 320 tests with 20 workers...
                                                            
------------------------------------------------------------
Results: 320 passed, 0 failed, 0 skipped  (5.04s)

Rust Generation Error Tests
============================================================
  Running 171 tests with 20 workers...
                                                            
------------------------------------------------------------
Results: 171 passed, 0 failed, 0 skipped  (63ms)

Tagged Native Scalar/Source/Link Parity Tests
============================================================
  Running 8 tests with 20 workers...
                                                            
------------------------------------------------------------
Results: 8 passed, 0 failed, 0 skipped  (447ms)

Post-Tag Rust Native Extra Coverage
============================================================
  Running 17 tests with 20 workers...
                                                            
------------------------------------------------------------
Results: 17 passed, 0 failed, 0 skipped  (1.68s)

Rust Native Imported-Origin Extra Coverage
============================================================
  Running 1 tests with 20 workers...
                                                            
------------------------------------------------------------
Results: 1 passed, 0 failed, 0 skipped  (249ms)

Rust Native Scalar Error Tests
============================================================
  Running 4 tests with 20 workers...
                                                            
------------------------------------------------------------
Results: 4 passed, 0 failed, 0 skipped  (46ms)

Rust Closure Value Tests
============================================================
  Running 36 tests with 20 workers...
                                                            
------------------------------------------------------------
Results: 36 passed, 0 failed, 0 skipped  (656ms)

Rust Closure Value Error Tests
============================================================
  Running 1 tests with 20 workers...
                                                            
------------------------------------------------------------
Results: 1 passed, 0 failed, 0 skipped  (2ms)

Rust Concurrency Tests
============================================================
  Running 10 tests with 20 workers...
                                                            
------------------------------------------------------------
Results: 10 passed, 0 failed, 0 skipped  (365ms)

Promoted Rust Concurrency Tests
============================================================
  Running 7 tests with 20 workers...
                                                            
------------------------------------------------------------
Results: 7 passed, 0 failed, 0 skipped  (232ms)

Rust Concurrency Error Tests
============================================================
  Running 1 tests with 20 workers...
                                                            
------------------------------------------------------------
Results: 1 passed, 0 failed, 0 skipped  (2ms)

Rust Toolchain and Artifact Lifecycle Tests
============================================================
  subprocess_utf8_boundary                      PASS  (18ms)
  rustc_invocation_records                      PASS  (28ms)
  pure_rust_has_no_c_dependency                 PASS  (4ms)
  native_emit_requires_bundle                   PASS  (2ms)
  native_c_link_driver_contract                 PASS  (376ms)
  native_debug_sanitizer_link                   PASS  (267ms)
  native_compile_and_link_failures              PASS  (374ms)
  missing_rustc                                 PASS  (2ms)
  failing_rustc                                 PASS  (2ms)
  failing_rustc_build                           PASS  (13ms)
  rust_generated_artifact_lifecycle             PASS  (13ms)
  rust_native_artifact_lifecycle                PASS  (731ms)

------------------------------------------------------------
Results: 12 passed, 0 failed  (1.84s)

All tests passed!  (total: 10.63s)
