PASS assert_heap_message_order default -O0
PASS assert_heap_message_order default -O1
PASS assert_heap_message_order default -O2
PASS assert_heap_message_order checked -O0
PASS assert_heap_message_order checked -O1
PASS assert_heap_message_order checked -O2
PASS assert_heap_message_order unchecked -O0
PASS assert_heap_message_order unchecked -O1
PASS assert_heap_message_order unchecked -O2
PASS stdio_helper_hygiene default -O0
PASS stdio_helper_hygiene default -O1
PASS stdio_helper_hygiene default -O2
PASS stdio_helper_hygiene checked -O0
PASS stdio_helper_hygiene checked -O1
PASS stdio_helper_hygiene checked -O2
PASS stdio_helper_hygiene unchecked -O0
PASS stdio_helper_hygiene unchecked -O1
PASS stdio_helper_hygiene unchecked -O2
PASS test_assert default -O0
PASS test_assert default -O1
PASS test_assert default -O2
PASS test_assert checked -O0
PASS test_assert checked -O1
PASS test_assert checked -O2
PASS test_assert unchecked -O0
PASS test_assert unchecked -O1
PASS test_assert unchecked -O2
PASS test_thread_panic_propagate checked -O0
PASS test_thread_panic_propagate checked -O1
PASS test_thread_panic_propagate checked -O2
