PASS tests/integration/test_sync_byte_char.sn -O0 default
PASS tests/integration/test_sync_byte_char.sn -O1 default
PASS tests/integration/test_sync_byte_char.sn -O2 default
PASS tests/integration/test_sync_byte_char.sn -O0 checked
PASS tests/integration/test_sync_byte_char.sn -O1 checked
PASS tests/integration/test_sync_byte_char.sn -O2 checked
PASS tests/integration/test_sync_byte_char.sn -O0 unchecked
PASS tests/integration/test_sync_byte_char.sn -O1 unchecked
PASS tests/integration/test_sync_byte_char.sn -O2 unchecked
PASS tests/exploratory/test_sync_byte_threading.sn -O0 default
PASS tests/exploratory/test_sync_byte_threading.sn -O1 default
PASS tests/exploratory/test_sync_byte_threading.sn -O2 default
PASS tests/exploratory/test_sync_byte_threading.sn -O0 checked
PASS tests/exploratory/test_sync_byte_threading.sn -O1 checked
PASS tests/exploratory/test_sync_byte_threading.sn -O2 checked
PASS tests/exploratory/test_sync_byte_threading.sn -O0 unchecked
PASS tests/exploratory/test_sync_byte_threading.sn -O1 unchecked
PASS tests/exploratory/test_sync_byte_threading.sn -O2 unchecked
PASS tests/rgen/sync_character_global_postfix.sn -O0 default
PASS tests/rgen/sync_character_global_postfix.sn -O1 default
PASS tests/rgen/sync_character_global_postfix.sn -O2 default
PASS tests/rgen/sync_character_global_postfix.sn -O0 checked
PASS tests/rgen/sync_character_global_postfix.sn -O1 checked
PASS tests/rgen/sync_character_global_postfix.sn -O2 checked
PASS tests/rgen/sync_character_global_postfix.sn -O0 unchecked
PASS tests/rgen/sync_character_global_postfix.sn -O1 unchecked
PASS tests/rgen/sync_character_global_postfix.sn -O2 unchecked
PASS tests/rgen/sync_character_local_wrap.sn -O0 default
PASS tests/rgen/sync_character_local_wrap.sn -O1 default
PASS tests/rgen/sync_character_local_wrap.sn -O2 default
PASS tests/rgen/sync_character_local_wrap.sn -O0 checked
PASS tests/rgen/sync_character_local_wrap.sn -O1 checked
PASS tests/rgen/sync_character_local_wrap.sn -O2 checked
PASS tests/rgen/sync_character_local_wrap.sn -O0 unchecked
PASS tests/rgen/sync_character_local_wrap.sn -O1 unchecked
PASS tests/rgen/sync_character_local_wrap.sn -O2 unchecked
PASS tests/rgen/sync_character_thread_wrap.sn -O0 default
PASS tests/rgen/sync_character_thread_wrap.sn -O1 default
PASS tests/rgen/sync_character_thread_wrap.sn -O2 default
PASS tests/rgen/sync_character_thread_wrap.sn -O0 checked
PASS tests/rgen/sync_character_thread_wrap.sn -O1 checked
PASS tests/rgen/sync_character_thread_wrap.sn -O2 checked
PASS tests/rgen/sync_character_thread_wrap.sn -O0 unchecked
PASS tests/rgen/sync_character_thread_wrap.sn -O1 unchecked
PASS tests/rgen/sync_character_thread_wrap.sn -O2 unchecked
