Compiler: /home/gavin/code/sindarin/sindarin-rust-thread-parity-2bf57b91/bin/sn
Platform: Linux
Parallel: 4 workers

Rust Generation Tests
============================================================
  Running 364 tests with 4 workers...



------------------------------------------------------------
Results: 364 passed, 0 failed, 0 skipped  (25.61s)

Rust Generation Error Tests
============================================================
  Running 158 tests with 4 workers...



------------------------------------------------------------
Results: 158 passed, 0 failed, 0 skipped  (71ms)

Tagged Native Scalar/Source/Link Parity Tests
============================================================
  Running 8 tests with 4 workers...



------------------------------------------------------------
Results: 8 passed, 0 failed, 0 skipped  (854ms)

Post-Tag Rust Native Extra Coverage
============================================================
  Running 19 tests with 4 workers...



------------------------------------------------------------
Results: 19 passed, 0 failed, 0 skipped  (4.42s)

Rust Native Imported-Origin Extra Coverage
============================================================
  Running 1 tests with 4 workers...



------------------------------------------------------------
Results: 1 passed, 0 failed, 0 skipped  (284ms)

Rust Native Scalar Error Tests
============================================================
  Running 4 tests with 4 workers...



------------------------------------------------------------
Results: 4 passed, 0 failed, 0 skipped  (138ms)

Rust Closure Value Tests
============================================================
  Running 36 tests with 4 workers...



------------------------------------------------------------
Results: 36 passed, 0 failed, 0 skipped  (6.65s)

Rust Closure Value Error Tests
============================================================
  Running 1 tests with 4 workers...



------------------------------------------------------------
Results: 1 passed, 0 failed, 0 skipped  (4ms)

Rust Concurrency Tests
============================================================
  Running 10 tests with 4 workers...



------------------------------------------------------------
Results: 10 passed, 0 failed, 0 skipped  (2.92s)

Promoted Rust Concurrency Tests
============================================================
  Running 7 tests with 4 workers...



------------------------------------------------------------
Results: 7 passed, 0 failed, 0 skipped  (854ms)

Rust Concurrency Error Tests
============================================================
  Running 1 tests with 4 workers...



------------------------------------------------------------
Results: 1 passed, 0 failed, 0 skipped  (7ms)

Rust Toolchain and Artifact Lifecycle Tests
============================================================
  subprocess_utf8_boundary                      PASS  (46ms)
  rustc_invocation_records                      PASS  (60ms)
  pure_rust_has_no_c_dependency                 PASS  (23ms)
  native_emit_requires_bundle                   PASS  (3ms)
  native_c_link_driver_contract                 PASS  (662ms)
  native_debug_sanitizer_link                   PASS  (481ms)
  native_compile_and_link_failures              PASS  (575ms)
  missing_rustc                                 PASS  (8ms)
  failing_rustc                                 PASS  (9ms)
  failing_rustc_build                           PASS  (21ms)
  rust_generated_artifact_lifecycle             PASS  (25ms)
  rust_native_artifact_lifecycle                PASS  (1.05s)

------------------------------------------------------------
Results: 12 passed, 0 failed  (2.97s)

All tests passed!  (total: 44.79s)
