test_borrowed_string_array_provider_errors_aliases_and_lifetimes (__main__.NativeArtifactTests.test_borrowed_string_array_provider_errors_aliases_and_lifetimes) ... ok
test_c_backing_preserves_posix_string_declarations (__main__.NativeArtifactTests.test_c_backing_preserves_posix_string_declarations) ... ok
test_cache_validates_headers_sources_and_artifact_bytes (__main__.NativeArtifactTests.test_cache_validates_headers_sources_and_artifact_bytes) ... ok
test_consumer_rejects_runtime_incompatibility_before_foreign_call (__main__.NativeArtifactTests.test_consumer_rejects_runtime_incompatibility_before_foreign_call) ... ok
test_external_headers_invalidate_cached_generation (__main__.NativeArtifactTests.test_external_headers_invalidate_cached_generation) ... ok
test_generated_exports_are_independent_typed_abi_artifacts (__main__.NativeArtifactTests.test_generated_exports_are_independent_typed_abi_artifacts) ... ok
test_generated_owned_string_arrays_have_wire_lifetime_contracts (__main__.NativeArtifactTests.test_generated_owned_string_arrays_have_wire_lifetime_contracts) ... ok
test_missing_input_export_and_tool_failure_do_not_publish (__main__.NativeArtifactTests.test_missing_input_export_and_tool_failure_do_not_publish) ... ok
test_missing_toolchain_is_diagnosed_without_publication (__main__.NativeArtifactTests.test_missing_toolchain_is_diagnosed_without_publication) ... ok
test_multiple_go_build_units_produce_one_independent_archive (__main__.NativeArtifactTests.test_multiple_go_build_units_produce_one_independent_archive) ... ok
test_mutable_c_body_provider_guards_native_owners_and_preserves_error_outputs (__main__.NativeArtifactTests.test_mutable_c_body_provider_guards_native_owners_and_preserves_error_outputs) ... ok
test_mutable_rust_body_provider_guards_native_owners_and_preserves_error_outputs (__main__.NativeArtifactTests.test_mutable_rust_body_provider_guards_native_owners_and_preserves_error_outputs) ... ok
test_native_record_contracts_reject_unresolved_types_layouts_and_lifecycle (__main__.NativeArtifactTests.test_native_record_contracts_reject_unresolved_types_layouts_and_lifecycle) ... ok
test_original_three_language_archives_link_in_c_and_rust (__main__.NativeArtifactTests.test_original_three_language_archives_link_in_c_and_rust) ... ok
test_plan_inheritance_and_command_diagnostics (__main__.NativeArtifactTests.test_plan_inheritance_and_command_diagnostics) ... ok
test_provided_sources_require_actual_c_include_dependencies (__main__.NativeArtifactTests.test_provided_sources_require_actual_c_include_dependencies) ... ok
test_rust_package_source_bundle_emits_support_without_a_toolchain_or_main (__main__.NativeArtifactTests.test_rust_package_source_bundle_emits_support_without_a_toolchain_or_main) ... ok
test_sindarin_bodies_export_owned_values_as_independent_archives (__main__.NativeArtifactTests.test_sindarin_bodies_export_owned_values_as_independent_archives) ... ok
test_sindarin_library_global_shutdown_preserves_owned_results (__main__.NativeArtifactTests.test_sindarin_library_global_shutdown_preserves_owned_results) ... ok
test_sindarin_managed_array_body_exports_keep_element_credits (__main__.NativeArtifactTests.test_sindarin_managed_array_body_exports_keep_element_credits) ... ok
test_windows_response_arguments_reach_the_actual_c_driver (__main__.NativeArtifactTests.test_windows_response_arguments_reach_the_actual_c_driver) ... ok

----------------------------------------------------------------------
Ran 21 tests in 14.715s

OK
