test_borrowed_arrays_require_current_abi_and_readonly_ownership (__main__.NativeImports.test_borrowed_arrays_require_current_abi_and_readonly_ownership) ... ok
test_borrowed_input_and_owned_result_lifetimes (__main__.NativeImports.test_borrowed_input_and_owned_result_lifetimes) ... ok
test_borrowed_string_arrays_preserve_nil_aliases_and_owned_results (__main__.NativeImports.test_borrowed_string_arrays_preserve_nil_aliases_and_owned_results) ... ok
test_c_links_dependency_graph_larger_than_path_limit (__main__.NativeImports.test_c_links_dependency_graph_larger_than_path_limit) ... ok
test_c_sindarin_mutable_array_body_preserves_live_aliases_and_prebuilt_consumption (__main__.NativeImports.test_c_sindarin_mutable_array_body_preserves_live_aliases_and_prebuilt_consumption) ... ok
test_cross_runtime_package_methods_and_globals_require_package_compilation (__main__.NativeImports.test_cross_runtime_package_methods_and_globals_require_package_compilation) ... ok
test_generated_c_provider_rejects_backing_signature_mismatch (__main__.NativeImports.test_generated_c_provider_rejects_backing_signature_mismatch) ... ok
test_generated_providers_convert_scalar_parameters_and_void_results (__main__.NativeImports.test_generated_providers_convert_scalar_parameters_and_void_results) ... ok
test_generated_providers_isolate_same_named_backing_functions (__main__.NativeImports.test_generated_providers_isolate_same_named_backing_functions) ... ok
test_generated_providers_keep_ordinary_backing_functions (__main__.NativeImports.test_generated_providers_keep_ordinary_backing_functions) ... ok
test_generated_record_adapters_consume_canonical_sdk_textfile_archive (__main__.NativeImports.test_generated_record_adapters_consume_canonical_sdk_textfile_archive) ... ok
test_generated_rust_and_go_native_views_mutate_c_storage_with_live_callbacks (__main__.NativeImports.test_generated_rust_and_go_native_views_mutate_c_storage_with_live_callbacks) ... ok
test_generated_status_provider_contains_foreign_panics (__main__.NativeImports.test_generated_status_provider_contains_foreign_panics) ... ok
test_generated_string_array_results_keep_nil_elements_and_mutation (__main__.NativeImports.test_generated_string_array_results_keep_nil_elements_and_mutation) ... ok
test_generated_string_array_status_results_and_errors (__main__.NativeImports.test_generated_string_array_status_results_and_errors) ... ok
test_generated_string_providers_preserve_nil_empty_bytes_and_lifetime (__main__.NativeImports.test_generated_string_providers_preserve_nil_empty_bytes_and_lifetime) ... ok
test_go_graph_owned_strings_keep_nil_and_call_lifetimes (__main__.NativeImports.test_go_graph_owned_strings_keep_nil_and_call_lifetimes) ... ok
test_go_graph_rejects_conflicting_module_replacements (__main__.NativeImports.test_go_graph_rejects_conflicting_module_replacements) ... ok
test_go_graph_rejects_handwritten_main_archive_combination (__main__.NativeImports.test_go_graph_rejects_handwritten_main_archive_combination) ... ok
test_independent_sindarin_function_libraries_select_package_runtime (__main__.NativeImports.test_independent_sindarin_function_libraries_select_package_runtime) ... ok
test_length_less_comparisons_preserve_single_evaluation (__main__.NativeImports.test_length_less_comparisons_preserve_single_evaluation) ... ok
test_linker_options_preserve_framework_argument_pairs (__main__.NativeImports.test_linker_options_preserve_framework_argument_pairs) ... ok
test_managed_array_result_requires_abi_1_1 (__main__.NativeImports.test_managed_array_result_requires_abi_1_1) ... ok
test_mixed_backing_and_portable_sindarin (__main__.NativeImports.test_mixed_backing_and_portable_sindarin) ... ok
test_mutable_array_body_and_provider_contracts_do_not_fall_back_to_readonly_copies (__main__.NativeImports.test_mutable_array_body_and_provider_contracts_do_not_fall_back_to_readonly_copies) ... ok
test_native_byte_arrays_preserve_live_inputs_and_owned_results (__main__.NativeImports.test_native_byte_arrays_preserve_live_inputs_and_owned_results) ... ok
test_native_package_adapts_only_loaded_api_modules (__main__.NativeImports.test_native_package_adapts_only_loaded_api_modules) ... ok
test_native_status_error_has_same_terminal_contract (__main__.NativeImports.test_native_status_error_has_same_terminal_contract) ... ok
test_owned_shared_runtime_string (__main__.NativeImports.test_owned_shared_runtime_string) ... ok
test_ownership_mismatch_is_rejected_before_linking (__main__.NativeImports.test_ownership_mismatch_is_rejected_before_linking) ... ok
test_package_owned_records_preserve_storage_fields_aliases_and_cleanup (__main__.NativeImports.test_package_owned_records_preserve_storage_fields_aliases_and_cleanup) ... ok
test_packages_cannot_silently_shadow_the_same_wire_export (__main__.NativeImports.test_packages_cannot_silently_shadow_the_same_wire_export) ... ok
test_prebuilt_archives_consume_without_backing_sources_or_foreign_tools (__main__.NativeImports.test_prebuilt_archives_consume_without_backing_sources_or_foreign_tools) ... ok
test_prebuilt_artifact_rejects_corruption_and_incompatible_contracts (__main__.NativeImports.test_prebuilt_artifact_rejects_corruption_and_incompatible_contracts) ... ok
test_prebuilt_go_archives_require_one_runtime_graph (__main__.NativeImports.test_prebuilt_go_archives_require_one_runtime_graph) ... ok
test_rust_links_large_archive_graph_from_paths_with_spaces (__main__.NativeImports.test_rust_links_large_archive_graph_from_paths_with_spaces) ... ok
test_rust_mixed_app_retains_c_sdk_resources (__main__.NativeImports.test_rust_mixed_app_retains_c_sdk_resources) ... ok
test_rust_sindarin_mutable_array_body_preserves_live_aliases_and_prebuilt_consumption (__main__.NativeImports.test_rust_sindarin_mutable_array_body_preserves_live_aliases_and_prebuilt_consumption) ... ok
test_sindarin_byte_array_bodies_preserve_mixed_array_arguments (__main__.NativeImports.test_sindarin_byte_array_bodies_preserve_mixed_array_arguments) ... ok
test_sindarin_library_contracts_and_go_backend_are_not_silently_replaced (__main__.NativeImports.test_sindarin_library_contracts_and_go_backend_are_not_silently_replaced) ... ok
test_sindarin_library_globals_initialize_once_and_owned_returns_survive (__main__.NativeImports.test_sindarin_library_globals_initialize_once_and_owned_returns_survive) ... ok
test_sindarin_library_owned_string_arrays_preserve_nil_and_mutation (__main__.NativeImports.test_sindarin_library_owned_string_arrays_preserve_nil_and_mutation) ... ok
test_two_go_packages_share_one_runtime_and_module_instance (__main__.NativeImports.test_two_go_packages_share_one_runtime_and_module_instance) ... ok
test_two_rust_array_body_libraries_namespace_helpers_and_compile_native_sources (__main__.NativeImports.test_two_rust_array_body_libraries_namespace_helpers_and_compile_native_sources) ... ok
test_typed_nested_native_arrays_preserve_inputs_and_owned_copies (__main__.NativeImports.test_typed_nested_native_arrays_preserve_inputs_and_owned_copies) ... ok
test_unchanged_public_static_method_bodies_compile_independently (__main__.NativeImports.test_unchanged_public_static_method_bodies_compile_independently) ... ok
test_unchanged_sdk_binaryfile_facade_is_an_independent_c_library (__main__.NativeImports.test_unchanged_sdk_binaryfile_facade_is_an_independent_c_library) ... ok
test_unchanged_sdk_bytes_facade_is_an_independent_c_library (__main__.NativeImports.test_unchanged_sdk_bytes_facade_is_an_independent_c_library) ... ok
test_unchanged_sdk_textfile_facade_is_an_independent_c_library (__main__.NativeImports.test_unchanged_sdk_textfile_facade_is_an_independent_c_library) ... ok

----------------------------------------------------------------------
Ran 49 tests in 363.977s

OK
