Compiler: /home/gavin/code/sindarin/sindarin-rust-zero-record-defaults-afdcddef/bin/sn
Platform: Linux
Parallel: 8 workers

Unit Tests
============================================================
Results: [0;32m1610 passed[0m, [0;31m0 failed[0m  (total: 19.78ms)
------------------------------------------------------------
Unit tests passed  (22ms)

Code Generation Tests
============================================================
  Running 107 tests with 8 workers...
                                                            
------------------------------------------------------------
Results: 107 passed, 0 failed, 0 skipped  (1.11s)

Model Generation Tests
============================================================
  Running 79 tests with 8 workers...
                                                            
------------------------------------------------------------
Results: 79 passed, 0 failed, 0 skipped  (65ms)

Integration Tests
============================================================
  Running 1142 tests with 8 workers...
                                                            
------------------------------------------------------------
Results: 1142 passed, 0 failed, 0 skipped  (13.90s)

Integration Error Tests
============================================================
  Running 58 tests with 8 workers...
                                                            
------------------------------------------------------------
Results: 58 passed, 0 failed, 0 skipped  (42ms)

Exploratory Tests
============================================================
  Running 224 tests with 8 workers...
                                                            
------------------------------------------------------------
Results: 224 passed, 0 failed, 0 skipped  (12.91s)

Exploratory Error Tests
============================================================
  Running 11 tests with 8 workers...
                                                            
------------------------------------------------------------
Results: 11 passed, 0 failed, 0 skipped  (7ms)

All tests passed!  (total: 28.05s)
