=== Interceptor continue_fn Tests ===

Test 1: Basic continue passthrough
  Result correct: 8 - PASS
  Original function called - PASS
  Interceptor was invoked - PASS
  isActive() true inside handler - PASS
  isActive() false outside handler - PASS

Test 2: Modify result after continue
  Result correctly doubled: 16 - PASS

Test 3: Multiple interceptors chaining
  Result correct with chain: 20 - PASS
  Both interceptors called - PASS

=== All continue_fn Tests Passed ===
