=== Pointer Operations Interop Test ===

  Testing nil pointers...
    PASS: nil pointer tests
  Testing pointer variables in native function...
    PASS: pointer variable tests
  Testing pointer unwrap with 'as val'...
    PASS: pointer unwrap tests
  Testing 'as ref' out-parameters...
    PASS: out-parameter tests
  Testing pointer comparisons...
    PASS: pointer comparison tests

=== All pointer interop tests PASSED! ===
