=== Function Pointer Parameter Tests ===

Test 1: Basic function pointer parameter
  PASS
Test 2: Different functions with same signature
  PASS
Test 3: Void function parameter
  PASS
Test 4: Function passed in loop
  PASS
Test 5: Mixed lambda and named function
  PASS
Test 6: Nested function calls with function params
  PASS

=== All function pointer tests passed! ===
