=== Random Batch Generation ===
Testing intMany...
  PASS: intMany generates values in range
Testing longMany...
  PASS: longMany generates values in range
Testing doubleMany...
  PASS: doubleMany generates values in range
Testing boolMany...
  PASS: boolMany invoked successfully
Testing gaussianMany...
  PASS: gaussianMany invoked successfully

PASS
