=== Native Callback Interop Test ===

  Testing basic native callback invocation...
    PASS: basic callback test
  Testing multiple callback invocations...
    PASS: multiple invocations test
  Testing callback return value logic...
    All callback logic paths tested
    PASS: callback logic test
  Testing predicate callback...
    PASS: predicate callback test
  Testing status callback...
    PASS: status callback test

=== All native callback tests PASSED! ===
