=== Chained Import Test ===

Test 1: Transitive import - Vector2D from vector2d
  v1 = (1, 0)
  v2 = (0, 1)
  v1.dot(v2) = 0

Test 2: Functions from transitive import
  v1 + v2 = (1, 1)
  (v1 + v2) * 3 = (3, 3)

Test 3: Particle struct (uses Vector2D fields)
  Position: (10, 20)
  Velocity: (0, 0)
  Mass: 5

Test 4: Particle with velocity
  Velocity: (3, 4)
  Velocity^2: 25
  Kinetic energy: 25

Test 5: Move particle function
  After dt=2: (16, 28)

=== All Chained Import Tests PASSED ===
