=== Opaque Type Interop Test ===

  Testing nil opaque pointer handling...
    PASS: nil opaque pointer tests
  Testing opaque pointer passing...
    PASS: opaque pointer passing tests
  Testing opaque pointer comparison...
    PASS: opaque pointer comparison tests
  Testing opaque variable in native function...
    PASS: opaque variable tests
  Testing opaque calls from regular function...
    PASS: regular function opaque tests

=== All opaque type tests PASSED! ===
