=== Random Collection Operations ===
Testing choice(int[])...
  PASS: choice(int[]) returns valid values
Testing choice(str[])...
  PASS: choice(str[]) returns valid values
Testing shuffle(int[])...
  PASS: shuffle(int[]) preserves all elements
Testing shuffle(str[])...
  PASS: shuffle(str[]) preserves length
Testing weightedChoice...
  PASS: weightedChoice returns valid values
Testing sample(int[])...
  PASS: sample returns correct length
  PASS: sample returns values from original
Testing sample(str[])...
  PASS: sample(str[]) returns correct length
  PASS: sample(str[]) returns values from original

PASS
