=== Deep Module Chain Tests (15 levels) ===

test_basic_level_ids: PASS
test_static_counters_initial: PASS
test_static_shared_across_aliases: PASS
test_instance_counters_separate: PASS
test_chain_computation: PASS
test_deep_static_access: PASS
test_struct_creation_across_levels: PASS
test_aggregate_state: PASS
test_flag_toggle_across_chain: PASS
test_direct_vs_chain_access: PASS
test_module_struct_instances: PASS
test_string_static_vars: PASS
test_array_static_vars: PASS
test_multiple_increment_chain: PASS
test_cross_level_struct_creation: PASS
test_bundle_creation: PASS

All deep module chain tests passed!
