=== Random Basic Static Methods ===
Testing Random.int...
  PASS: int(1, 10) always in range
Testing Random.long...
  PASS: long always in range
Testing Random.double...
  PASS: double(0.0, 1.0) always in range
Testing Random.bool...
  PASS: bool() returned both true and false
Testing Random.byte...
  PASS: byte() returns valid byte values

PASS
