=== Comprehensive C Interop Test ===

Test 1: Math library integration
  PASS: Math library works
Test 2: Variadic printf
  String: hello
  Integer: 42
  Double: 3.14
  Mixed: score=95 (95.0%)
  PASS: Variadic printf works
Test 3: Opaque type operations
  PASS: Opaque type works
Test 4: Out-parameters with as ref
  PASS: Out-parameters work
Test 5: Native callbacks
  PASS: Native callbacks work
Test 6: Pointer operations
  PASS: Pointer operations work
Test 7: Combined workflow (all features together)
  Combined: sqrt(5.0)=2.2361, scaled=70
  PASS: Combined workflow works

=== All comprehensive interop tests PASSED! ===
