Testing recursive lambdas:

Test 1: Factorial
  factorial(0) = 1
  factorial(1) = 1
  factorial(5) = 120
  factorial(10) = 3628800

Test 2: Fibonacci
  fibonacci(0) = 0
  fibonacci(1) = 1
  fibonacci(10) = 55

Test 3: Sum 1 to n
  sumTo(0) = 0
  sumTo(5) = 15
  sumTo(10) = 55

Test 4: GCD
  gcd(12, 8) = 4
  gcd(100, 25) = 25
  gcd(17, 13) = 1

All recursive lambda tests passed!
