=== Random Seeded Reproducibility ===
Testing same seed produces same sequence...
  PASS: Same seed produces identical sequences
Testing different seeds produce different sequences...
  PASS: Different seeds produce different sequences
Testing seeded int sequence is reproducible...
  PASS: Sequence [87, 7, 21] is reproducible
Testing seeded double sequence is reproducible...
  PASS: Double sequence [0.95116, 0.75301] is reproducible
Testing seeded bool sequence is reproducible...
  PASS: Bool sequences from same seed match

PASS
