Testing struct usage patterns in loops:
Struct within while loop test: PASS
Struct within for loop test: PASS
Struct with string in loop test: PASS
Struct defaults in loop test: PASS
Nested loops with struct test: PASS
Conditional struct in loop test: PASS
Struct field accumulation test: PASS
All struct loop tests passed!
