assignedCopy=  Hello World  
source=  Hello World  
assigned=changed
copy=  Hello World   copy
decorated=  Hello World  !
joined=Hello World from Rust
length=11/11
equal=true/true
contains=true
starts=true
ends=true
upper=HELLO WORLD
lower=hello world
substring=World
replace=Hello Rust
emptyReplace=Hello World
char=e
index=6/-1
chain=hello rust
sourceAgain=  Hello World  
