Testing malloc redirect...
PASS: basic redirect test
PASS: nested redirect test
PASS: arena parameter test
PASS: static method with redirect test
PASS: static method with arena param test
PASS: instance method with redirect test
PASS: instance method with arena param test
PASS: sindarin method with redirect test
PASS: sindarin method calls native with redirect test
PASS: nested redirect from sindarin test
All malloc redirect tests passed!
